Archive member included to satisfy reference by file (symbol)

/usr/lib/gcc/arm-none-eabi/12.2.1/../../../arm-none-eabi/lib/thumb/v6-m/nofp/libm.a(lib_a-sf_fmin.o)
                              CMakeFiles/mcu_adc.dir/src/main.c.o (fminf)
/usr/lib/gcc/arm-none-eabi/12.2.1/../../../arm-none-eabi/lib/thumb/v6-m/nofp/libm.a(lib_a-sf_fpclassify.o)
                              /usr/lib/gcc/arm-none-eabi/12.2.1/../../../arm-none-eabi/lib/thumb/v6-m/nofp/libm.a(lib_a-sf_fmin.o) (__fpclassifyf)
/usr/lib/gcc/arm-none-eabi/12.2.1/thumb/v6-m/nofp/libgcc.a(_dvmd_tls.o)
                              CMakeFiles/mcu_adc.dir/root/pico/pico-sdk/src/rp2_common/pico_divider/divider_hardware.S.o (__aeabi_idiv0)
/usr/lib/gcc/arm-none-eabi/12.2.1/../../../arm-none-eabi/lib/thumb/v6-m/nofp/libg.a(lib_a-atexit.o)
                              /usr/lib/gcc/arm-none-eabi/12.2.1/../../../arm-none-eabi/lib/thumb/v6-m/nofp/crt0.o (atexit)
/usr/lib/gcc/arm-none-eabi/12.2.1/../../../arm-none-eabi/lib/thumb/v6-m/nofp/libg.a(lib_a-calloc.o)
                              CMakeFiles/mcu_adc.dir/root/pico/pico-sdk/src/rp2_common/pico_malloc/malloc.c.o (calloc)
/usr/lib/gcc/arm-none-eabi/12.2.1/../../../arm-none-eabi/lib/thumb/v6-m/nofp/libg.a(lib_a-callocr.o)
                              /usr/lib/gcc/arm-none-eabi/12.2.1/../../../arm-none-eabi/lib/thumb/v6-m/nofp/libg.a(lib_a-calloc.o) (_calloc_r)
/usr/lib/gcc/arm-none-eabi/12.2.1/../../../arm-none-eabi/lib/thumb/v6-m/nofp/libg.a(lib_a-fflush.o)
                              CMakeFiles/mcu_adc.dir/src/main.c.o (fflush)
/usr/lib/gcc/arm-none-eabi/12.2.1/../../../arm-none-eabi/lib/thumb/v6-m/nofp/libg.a(lib_a-findfp.o)
                              /usr/lib/gcc/arm-none-eabi/12.2.1/../../../arm-none-eabi/lib/thumb/v6-m/nofp/libg.a(lib_a-fflush.o) (__sinit)
/usr/lib/gcc/arm-none-eabi/12.2.1/../../../arm-none-eabi/lib/thumb/v6-m/nofp/libg.a(lib_a-fini.o)
                              /usr/lib/gcc/arm-none-eabi/12.2.1/../../../arm-none-eabi/lib/thumb/v6-m/nofp/crt0.o (__libc_fini_array)
/usr/lib/gcc/arm-none-eabi/12.2.1/../../../arm-none-eabi/lib/thumb/v6-m/nofp/libg.a(lib_a-freer.o)
                              /usr/lib/gcc/arm-none-eabi/12.2.1/../../../arm-none-eabi/lib/thumb/v6-m/nofp/libg.a(lib_a-fflush.o) (_free_r)
/usr/lib/gcc/arm-none-eabi/12.2.1/../../../arm-none-eabi/lib/thumb/v6-m/nofp/libg.a(lib_a-fwalk.o)
                              /usr/lib/gcc/arm-none-eabi/12.2.1/../../../arm-none-eabi/lib/thumb/v6-m/nofp/libg.a(lib_a-findfp.o) (_fwalk)
/usr/lib/gcc/arm-none-eabi/12.2.1/../../../arm-none-eabi/lib/thumb/v6-m/nofp/libg.a(lib_a-fwrite.o)
                              CMakeFiles/mcu_adc.dir/src/main.c.o (fwrite)
/usr/lib/gcc/arm-none-eabi/12.2.1/../../../arm-none-eabi/lib/thumb/v6-m/nofp/libg.a(lib_a-impure.o)
                              /usr/lib/gcc/arm-none-eabi/12.2.1/../../../arm-none-eabi/lib/thumb/v6-m/nofp/libg.a(lib_a-fflush.o) (_global_impure_ptr)
/usr/lib/gcc/arm-none-eabi/12.2.1/../../../arm-none-eabi/lib/thumb/v6-m/nofp/libg.a(lib_a-init.o)
                              /usr/lib/gcc/arm-none-eabi/12.2.1/../../../arm-none-eabi/lib/thumb/v6-m/nofp/crt0.o (__libc_init_array)
/usr/lib/gcc/arm-none-eabi/12.2.1/../../../arm-none-eabi/lib/thumb/v6-m/nofp/libg.a(lib_a-lcltime_r.o)
                              CMakeFiles/mcu_adc.dir/root/pico/pico-sdk/src/common/pico_util/datetime.c.o (localtime_r)
/usr/lib/gcc/arm-none-eabi/12.2.1/../../../arm-none-eabi/lib/thumb/v6-m/nofp/libg.a(lib_a-malloc.o)
                              CMakeFiles/mcu_adc.dir/root/pico/pico-sdk/src/rp2_common/pico_malloc/malloc.c.o (malloc)
/usr/lib/gcc/arm-none-eabi/12.2.1/../../../arm-none-eabi/lib/thumb/v6-m/nofp/libg.a(lib_a-mallocr.o)
                              /usr/lib/gcc/arm-none-eabi/12.2.1/../../../arm-none-eabi/lib/thumb/v6-m/nofp/libg.a(lib_a-callocr.o) (_malloc_r)
/usr/lib/gcc/arm-none-eabi/12.2.1/../../../arm-none-eabi/lib/thumb/v6-m/nofp/libg.a(lib_a-memcmp.o)
                              CMakeFiles/mcu_adc.dir/root/pico/pico-sdk/src/rp2_common/pico_atomic/atomic.c.o (memcmp)
/usr/lib/gcc/arm-none-eabi/12.2.1/../../../arm-none-eabi/lib/thumb/v6-m/nofp/libg.a(lib_a-mktime.o)
                              CMakeFiles/mcu_adc.dir/root/pico/pico-sdk/src/common/pico_util/datetime.c.o (mktime)
/usr/lib/gcc/arm-none-eabi/12.2.1/../../../arm-none-eabi/lib/thumb/v6-m/nofp/libg.a(lib_a-mlock.o)
                              /usr/lib/gcc/arm-none-eabi/12.2.1/../../../arm-none-eabi/lib/thumb/v6-m/nofp/libg.a(lib_a-freer.o) (__malloc_lock)
/usr/lib/gcc/arm-none-eabi/12.2.1/../../../arm-none-eabi/lib/thumb/v6-m/nofp/libg.a(lib_a-month_lengths.o)
                              /usr/lib/gcc/arm-none-eabi/12.2.1/../../../arm-none-eabi/lib/thumb/v6-m/nofp/libg.a(lib_a-lcltime_r.o) (__month_lengths)
/usr/lib/gcc/arm-none-eabi/12.2.1/../../../arm-none-eabi/lib/thumb/v6-m/nofp/libg.a(lib_a-realloc.o)
[...]
Memory Configuration

Name             Origin             Length             Attributes
FLASH            0x10000000         0x00200000         xr
RAM              0x20000000         0x00040000         xrw
SCRATCH_X        0x20040000         0x00001000         xrw
SCRATCH_Y        0x20041000         0x00001000         xrw
*default*        0x00000000         0xffffffff

Linker script and memory map

LOAD /usr/lib/gcc/arm-none-eabi/12.2.1/thumb/v6-m/nofp/crti.o
LOAD /usr/lib/gcc/arm-none-eabi/12.2.1/thumb/v6-m/nofp/crtbegin.o
LOAD /usr/lib/gcc/arm-none-eabi/12.2.1/../../../arm-none-eabi/lib/thumb/v6-m/nofp/crt0.o

.flash_begin    0x10000000        0x0
                0x10000000                __flash_binary_start = .

.boot2          0x10000000      0x100
                0x10000000                __boot2_start__ = .
 *(.boot2)
 .boot2         0x10000000      0x100 pico-sdk/src/rp2040/boot_stage2/CMakeFiles/bs2_default_library.dir/bs2_default_padded_checksummed.S.o
                0x10000100                __boot2_end__ = .
                0x00000001                ASSERT (((__boot2_end__ - __boot2_start__) == 0x100), ERROR: Pico second stage bootloader must be 256 bytes in size)

.text           0x10000100     0x8dfc
                0x10000100                __logical_binary_start = .
 *(.vectors)
 .vectors       0x10000100       0xd4 CMakeFiles/mcu_adc.dir/root/pico/pico-sdk/src/rp2_common/pico_crt0/crt0.S.o
                0x10000100                __vectors
                0x10000100                __VECTOR_TABLE
                0x100001c0                isr_irq30
                0x100001c0                __unhandled_user_irq
                0x100001c0                isr_irq13
                0x100001c0                isr_irq27
                0x100001c0                isr_irq31
                0x100001c0                isr_irq5
                0x100001c0                isr_irq11
                0x100001c0                isr_irq23
                0x100001c0                isr_irq18
                0x100001c0                isr_irq28
                0x100001c0                isr_irq19
                0x100001c0                isr_irq0
                0x100001c0                isr_irq6
                0x100001c0                isr_irq22
                0x100001c0                isr_irq17
                0x100001c0                isr_irq14
                0x100001c0                __vectors_end
                0x100001c0                __default_isrs_start
                0x100001c0                isr_irq2
                0x100001c0                isr_irq10
                0x100001c0                isr_irq8
                0x100001c0                isr_irq24
                0x100001c0                isr_irq1
                0x100001c0                isr_irq7
                0x100001c0                isr_irq21
                0x100001c0                isr_irq20
                0x100001c0                isr_irq15
                0x100001c0                isr_irq25
                0x100001c0                isr_irq4
                0x100001c0                isr_irq16
                0x100001c0                isr_irq29
                0x100001c0                isr_irq26
                0x100001c0                isr_irq3
                0x100001c0                isr_irq12
                0x100001c0                isr_irq9
                0x100001c6                unhandled_user_irq_num_in_r0
                0x100001c8                isr_invalid
                0x100001ca                isr_nmi
                0x100001cc                isr_hardfault
                0x100001ce                isr_svcall
                0x100001d0                isr_pendsv
                0x100001d2                isr_systick
                0x100001d4                __default_isrs_end
 *(.binary_info_header)
 .binary_info_header
                0x100001d4       0x14 CMakeFiles/mcu_adc.dir/root/pico/pico-sdk/src/rp2_common/pico_crt0/crt0.S.o
                0x100001e8                __binary_info_header_end = .
 *(.embedded_block)
                0x100001e8                __embedded_block_end = .
 *(.reset)
 .reset         0x100001e8       0x9c CMakeFiles/mcu_adc.dir/root/pico/pico-sdk/src/rp2_common/pico_crt0/crt0.S.o
                0x100001e8                _entry_point
 *(.init)
 .init          0x10000284        0x4 /usr/lib/gcc/arm-none-eabi/12.2.1/thumb/v6-m/nofp/crti.o
                0x10000284                _init
 *(EXCLUDE_FILE(*libm.a: *libc.a:*lib_a-mem*.o *libgcc.a:) .text*)
 .text          0x10000288       0x98 /usr/lib/gcc/arm-none-eabi/12.2.1/thumb/v6-m/nofp/crtbegin.o
 .text.sampler_core
                0x10000320      0x1a8 CMakeFiles/mcu_adc.dir/src/main.c.o
 .text.mcp4922_write_pair
                0x100004c8       0xa8 CMakeFiles/mcu_adc.dir/src/main.c.o
 .text.handle_dac_block
                0x10000570       0xd4 CMakeFiles/mcu_adc.dir/src/main.c.o
 .text.periph_configure_pins.part.0
                0x10000644      0x134 CMakeFiles/mcu_adc.dir/src/main.c.o
 .text.dtmf_prepare_digit
                0x10000778      0x174 CMakeFiles/mcu_adc.dir/src/main.c.o
 .text.write_packet.constprop.1
                0x100008ec      0x148 CMakeFiles/mcu_adc.dir/src/main.c.o
 .text.send_adc_status
                0x10000a34       0xbc CMakeFiles/mcu_adc.dir/src/main.c.o
 .text.send_dac_status
                0x10000af0       0xac CMakeFiles/mcu_adc.dir/src/main.c.o
 .text.write_packet.constprop.0
                0x10000b9c      0x14c CMakeFiles/mcu_adc.dir/src/main.c.o
 .text.periph_poll.part.0
                0x10000ce8      0x2c8 CMakeFiles/mcu_adc.dir/src/main.c.o
 .text.send_periph_status
                0x10000fb0      0x240 CMakeFiles/mcu_adc.dir/src/main.c.o
 .text.send_dtmf_status
                0x100011f0       0xb4 CMakeFiles/mcu_adc.dir/src/main.c.o
 .text.send_caps
                0x100012a4      0x168 CMakeFiles/mcu_adc.dir/src/main.c.o
 .text.startup.main
                0x1000140c      0xfd4 CMakeFiles/mcu_adc.dir/src/main.c.o
                0x1000140c                main
 .text.gpio_set_function
                0x100023e0       0x34 CMakeFiles/mcu_adc.dir/root/pico/pico-sdk/src/rp2_common/hardware_gpio/gpio.c.o
                0x100023e0                gpio_set_function
 .text.gpio_set_pulls
                0x10002414       0x28 CMakeFiles/mcu_adc.dir/root/pico/pico-sdk/src/rp2_common/hardware_gpio/gpio.c.o
                0x10002414                gpio_set_pulls
 .text.gpio_init
                0x1000243c       0x40 CMakeFiles/mcu_adc.dir/root/pico/pico-sdk/src/rp2_common/hardware_gpio/gpio.c.o
                0x1000243c                gpio_init
 .text.rp2040_chip_version
                0x1000247c        0xc CMakeFiles/mcu_adc.dir/root/pico/pico-sdk/src/rp2040/pico_platform/platform.c.o
                0x1000247c                rp2040_chip_version
 .text.panic    0x10002488       0x30 CMakeFiles/mcu_adc.dir/root/pico/pico-sdk/src/rp2_common/pico_platform_panic/panic.c.o
                0x10002488                panic
 .text.hw_claim_or_assert
                0x100024b8       0x44 CMakeFiles/mcu_adc.dir/root/pico/pico-sdk/src/common/hardware_claim/claim.c.o
                0x100024b8                hw_claim_or_assert
 .text.hw_claim_unused_from_range
                0x100024fc       0x9c CMakeFiles/mcu_adc.dir/root/pico/pico-sdk/src/common/hardware_claim/claim.c.o
                0x100024fc                hw_claim_unused_from_range
 .text.next_striped_spin_lock_num
                0x10002598       0x18 CMakeFiles/mcu_adc.dir/root/pico/pico-sdk/src/rp2_common/hardware_sync/sync.c.o
                0x10002598                next_striped_spin_lock_num
 .text.spin_lock_claim_unused
                0x100025b0       0x24 CMakeFiles/mcu_adc.dir/root/pico/pico-sdk/src/rp2_common/hardware_sync/sync.c.o
                0x100025b0                spin_lock_claim_unused
 .text.spin_locks_reset
                0x100025d4       0x1c CMakeFiles/mcu_adc.dir/root/pico/pico-sdk/src/rp2_common/hardware_sync_spin_lock/sync_spin_lock.c.o
                0x100025d4                spin_locks_reset
 .text.runtime_init_per_core_irq_priorities
                0x100025f0       0x24 CMakeFiles/mcu_adc.dir/root/pico/pico-sdk/src/rp2_common/hardware_irq/irq.c.o
                0x100025f0                runtime_init_per_core_irq_priorities
 .text.irq_set_enabled
                0x10002614       0x24 CMakeFiles/mcu_adc.dir/root/pico/pico-sdk/src/rp2_common/hardware_irq/irq.c.o
                0x10002614                irq_set_enabled
 .text.irq_is_enabled
                0x10002638       0x18 CMakeFiles/mcu_adc.dir/root/pico/pico-sdk/src/rp2_common/hardware_irq/irq.c.o
                0x10002638                irq_is_enabled
 .text.irq_set_pending
                0x10002650       0x10 CMakeFiles/mcu_adc.dir/root/pico/pico-sdk/src/rp2_common/hardware_irq/irq.c.o
                0x10002650                irq_set_pending
 .text.irq_has_shared_handler
                0x10002660       0x24 CMakeFiles/mcu_adc.dir/root/pico/pico-sdk/src/rp2_common/hardware_irq/irq.c.o
                0x10002660                irq_has_shared_handler
 .text.irq_set_exclusive_handler
                0x10002684       0x54 CMakeFiles/mcu_adc.dir/root/pico/pico-sdk/src/rp2_common/hardware_irq/irq.c.o
                0x10002684                irq_set_exclusive_handler
 .text.irq_add_shared_handler
                0x100026d8      0x1f4 CMakeFiles/mcu_adc.dir/root/pico/pico-sdk/src/rp2_common/hardware_irq/irq.c.o
                0x100026d8                irq_add_shared_handler
 .text.irq_add_tail_to_free_list
                0x100028cc       0xb4 CMakeFiles/mcu_adc.dir/root/pico/pico-sdk/src/rp2_common/hardware_irq/irq.c.o
                0x100028cc                irq_add_tail_to_free_list
 .text.user_irq_claim_unused
                0x10002980       0x2c CMakeFiles/mcu_adc.dir/root/pico/pico-sdk/src/rp2_common/hardware_irq/irq.c.o
                0x10002980                user_irq_claim_unused
 .text.lock_init
                0x100029ac       0x10 CMakeFiles/mcu_adc.dir/root/pico/pico-sdk/src/common/pico_sync/lock_core.c.o
                0x100029ac                lock_init
 .text.runtime_init_mutex
                0x100029bc       0x58 CMakeFiles/mcu_adc.dir/root/pico/pico-sdk/src/common/pico_sync/mutex.c.o
                0x100029bc                runtime_init_mutex
 .text.mutex_init
                0x10002a14       0x1c CMakeFiles/mcu_adc.dir/root/pico/pico-sdk/src/common/pico_sync/mutex.c.o
                0x10002a14                mutex_init
 .text.critical_section_init
                0x10002a30       0x1c CMakeFiles/mcu_adc.dir/root/pico/pico-sdk/src/common/pico_sync/critical_section.c.o
                0x10002a30                critical_section_init
 .text.critical_section_init_with_lock_num
                0x10002a4c       0x14 CMakeFiles/mcu_adc.dir/root/pico/pico-sdk/src/common/pico_sync/critical_section.c.o
                0x10002a4c                critical_section_init_with_lock_num
 .text.sleep_until_callback
                0x10002a60       0x30 CMakeFiles/mcu_adc.dir/root/pico/pico-sdk/src/common/pico_time/time.c.o
 .text.alarm_pool_irq_handler
                0x10002a90      0x300 CMakeFiles/mcu_adc.dir/root/pico/pico-sdk/src/common/pico_time/time.c.o
 .text.runtime_init_default_alarm_pool
                0x10002d90       0xdc CMakeFiles/mcu_adc.dir/root/pico/pico-sdk/src/common/pico_time/time.c.o
                0x10002d90                runtime_init_default_alarm_pool
 .text.alarm_pool_get_default
                0x10002e6c        0x8 CMakeFiles/mcu_adc.dir/root/pico/pico-sdk/src/common/pico_time/time.c.o
                0x10002e6c                alarm_pool_get_default
 .text.alarm_pool_add_alarm_at
                0x10002e74       0xd4 CMakeFiles/mcu_adc.dir/root/pico/pico-sdk/src/common/pico_time/time.c.o
                0x10002e74                alarm_pool_add_alarm_at
 .text.alarm_pool_add_alarm_at_force_in_context
                0x10002f48       0xb0 CMakeFiles/mcu_adc.dir/root/pico/pico-sdk/src/common/pico_time/time.c.o
                0x10002f48                alarm_pool_add_alarm_at_force_in_context
 .text.alarm_pool_cancel_alarm
                0x10002ff8       0x74 CMakeFiles/mcu_adc.dir/root/pico/pico-sdk/src/common/pico_time/time.c.o
                0x10002ff8                alarm_pool_cancel_alarm
 .text.alarm_pool_core_num
                0x1000306c        0x4 CMakeFiles/mcu_adc.dir/root/pico/pico-sdk/src/common/pico_time/time.c.o
                0x1000306c                alarm_pool_core_num
 .text.sleep_until
                0x10003070       0xd8 CMakeFiles/mcu_adc.dir/root/pico/pico-sdk/src/common/pico_time/time.c.o
                0x10003070                sleep_until
 .text.sleep_us
                0x10003148       0x28 CMakeFiles/mcu_adc.dir/root/pico/pico-sdk/src/common/pico_time/time.c.o
                0x10003148                sleep_us
 .text.sleep_ms
                0x10003170       0x38 CMakeFiles/mcu_adc.dir/root/pico/pico-sdk/src/common/pico_time/time.c.o
                0x10003170                sleep_ms
 .text.best_effort_wfe_or_timeout
                0x100031a8       0xfc CMakeFiles/mcu_adc.dir/root/pico/pico-sdk/src/common/pico_time/time.c.o
                0x100031a8                best_effort_wfe_or_timeout
 .text.timer_hardware_alarm_claim
                0x100032a4       0x14 CMakeFiles/mcu_adc.dir/root/pico/pico-sdk/src/rp2_common/hardware_timer/timer.c.o
                0x100032a4                timer_hardware_alarm_claim
 .text.timer_time_us_64
                0x100032b8       0x10 CMakeFiles/mcu_adc.dir/root/pico/pico-sdk/src/rp2_common/hardware_timer/timer.c.o
                0x100032b8                timer_time_us_64
 .text.time_us_64
                0x100032c8       0x14 CMakeFiles/mcu_adc.dir/root/pico/pico-sdk/src/rp2_common/hardware_timer/timer.c.o
                0x100032c8                time_us_64
 .text.busy_wait_us
                0x100032dc       0x68 CMakeFiles/mcu_adc.dir/root/pico/pico-sdk/src/rp2_common/hardware_timer/timer.c.o
                0x100032dc                busy_wait_us
 .text.busy_wait_until
                0x10003344       0x20 CMakeFiles/mcu_adc.dir/root/pico/pico-sdk/src/rp2_common/hardware_timer/timer.c.o
                0x10003344                busy_wait_until
 .text.clock_configure_int_divider
                0x10003364       0xf4 CMakeFiles/mcu_adc.dir/root/pico/pico-sdk/src/rp2_common/hardware_clocks/clocks.c.o
                0x10003364                clock_configure_int_divider
 .text.clock_configure_undivided
                0x10003458       0xe8 CMakeFiles/mcu_adc.dir/root/pico/pico-sdk/src/rp2_common/hardware_clocks/clocks.c.o
                0x10003458                clock_configure_undivided
 .text.clock_get_hz
                0x10003540        0xc CMakeFiles/mcu_adc.dir/root/pico/pico-sdk/src/rp2_common/hardware_clocks/clocks.c.o
                0x10003540                clock_get_hz
 .text.pll_init
                0x1000354c       0xa0 CMakeFiles/mcu_adc.dir/root/pico/pico-sdk/src/rp2_common/hardware_pll/pll.c.o
                0x1000354c                pll_init
 .text.watchdog_reboot
                0x100035ec       0x9c CMakeFiles/mcu_adc.dir/root/pico/pico-sdk/src/rp2_common/hardware_watchdog/watchdog.c.o
                0x100035ec                watchdog_reboot
 .text.tick_start
                0x10003688       0x10 CMakeFiles/mcu_adc.dir/root/pico/pico-sdk/src/rp2_common/hardware_ticks/ticks.c.o
                0x10003688                tick_start
 .text.rom_func_lookup
                0x10003698       0x10 CMakeFiles/mcu_adc.dir/root/pico/pico-sdk/src/rp2_common/pico_bootrom/bootrom.c.o
                0x10003698                rom_func_lookup
 .text.rom_data_lookup
                0x100036a8       0x10 CMakeFiles/mcu_adc.dir/root/pico/pico-sdk/src/rp2_common/pico_bootrom/bootrom.c.o
                0x100036a8                rom_data_lookup
 .text.rom_funcs_lookup
                0x100036b8       0x44 CMakeFiles/mcu_adc.dir/root/pico/pico-sdk/src/rp2_common/pico_bootrom/bootrom.c.o
                0x100036b8                rom_funcs_lookup
 .text.rom_reset_usb_boot_extra
                0x100036fc       0x28 CMakeFiles/mcu_adc.dir/root/pico/pico-sdk/src/rp2_common/pico_bootrom/bootrom.c.o
                0x100036fc                rom_reset_usb_boot_extra
 .text.xosc_init
                0x10003724       0x28 CMakeFiles/mcu_adc.dir/root/pico/pico-sdk/src/rp2_common/hardware_xosc/xosc.c.o
                0x10003724                xosc_init
 .text.first_per_core_initializer
                0x1000374c        0x4 CMakeFiles/mcu_adc.dir/root/pico/pico-sdk/src/rp2_common/pico_runtime/runtime.c.o
 .text.hard_assertion_failure
                0x10003750        0xc CMakeFiles/mcu_adc.dir/root/pico/pico-sdk/src/rp2_common/pico_runtime/runtime.c.o
                0x10003750                hard_assertion_failure
 .text.runtime_run_initializers
                0x1000375c       0x28 CMakeFiles/mcu_adc.dir/root/pico/pico-sdk/src/rp2_common/pico_runtime/runtime.c.o
                0x1000375c                runtime_run_initializers
 .text.runtime_run_per_core_initializers
                0x10003784       0x28 CMakeFiles/mcu_adc.dir/root/pico/pico-sdk/src/rp2_common/pico_runtime/runtime.c.o
                0x10003784                runtime_run_per_core_initializers
 .text.runtime_init_early_resets
                0x100037ac       0x2c CMakeFiles/mcu_adc.dir/root/pico/pico-sdk/src/rp2_common/pico_runtime_init/runtime_init.c.o
                0x100037ac                runtime_init_early_resets
 .text.runtime_init_usb_power_down
                0x100037d8       0x1c CMakeFiles/mcu_adc.dir/root/pico/pico-sdk/src/rp2_common/pico_runtime_init/runtime_init.c.o
                0x100037d8                runtime_init_usb_power_down
 .text.runtime_init_post_clock_resets
                0x100037f4       0x20 CMakeFiles/mcu_adc.dir/root/pico/pico-sdk/src/rp2_common/pico_runtime_init/runtime_init.c.o
                0x100037f4                runtime_init_post_clock_resets
 .text.runtime_init_rp2040_gpio_ie_disable
                0x10003814       0x14 CMakeFiles/mcu_adc.dir/root/pico/pico-sdk/src/rp2_common/pico_runtime_init/runtime_init.c.o
                0x10003814                runtime_init_rp2040_gpio_ie_disable
 .text.runtime_init_spin_locks_reset
                0x10003828        0x8 CMakeFiles/mcu_adc.dir/root/pico/pico-sdk/src/rp2_common/pico_runtime_init/runtime_init.c.o
                0x10003828                runtime_init_spin_locks_reset
 .text.runtime_init_install_ram_vector_table
                0x10003830       0xc4 CMakeFiles/mcu_adc.dir/root/pico/pico-sdk/src/rp2_common/pico_runtime_init/runtime_init.c.o
                0x10003830                runtime_init_install_ram_vector_table
 .text.runtime_init_clocks
                0x100038f4       0xd8 CMakeFiles/mcu_adc.dir/root/pico/pico-sdk/src/rp2_common/pico_runtime_init/runtime_init_clocks.c.o
                0x100038f4                runtime_init_clocks
 .text          0x100039cc       0x10 CMakeFiles/mcu_adc.dir/root/pico/pico-sdk/src/rp2_common/pico_bit_ops/bit_ops_aeabi.S.o
 .text.__wrap___aeabi_idiv
                0x100039dc       0x50 CMakeFiles/mcu_adc.dir/root/pico/pico-sdk/src/rp2_common/pico_divider/divider_hardware.S.o
                0x100039dc                __wrap___aeabi_idivmod
                0x100039dc                divmod_s32s32
                0x100039dc                div_s32s32
                0x100039dc                __wrap___aeabi_idiv
                0x100039e4                divmod_s32s32_unsafe
                0x10003a10                divmod_s32s32_savestate
 .text.__wrap___aeabi_uidiv
                0x10003a2c       0x4c CMakeFiles/mcu_adc.dir/root/pico/pico-sdk/src/rp2_common/pico_divider/divider_hardware.S.o
                0x10003a2c                __wrap___aeabi_uidiv
                0x10003a2c                __wrap___aeabi_uidivmod
                0x10003a2c                div_u32u32
                0x10003a2c                divmod_u32u32
                0x10003a34                divmod_u32u32_unsafe
                0x10003a5c                divmod_u32u32_savestate
 .text.__wrap___aeabi_ldiv
                0x10003a78      0x424 CMakeFiles/mcu_adc.dir/root/pico/pico-sdk/src/rp2_common/pico_divider/divider_hardware.S.o
                0x10003a78                div_s64s64
                0x10003a78                divmod_s64s64
                0x10003a78                __wrap___aeabi_ldivmod
                0x10003aa8                div_u64u64
                0x10003aa8                divmod_u64u64
                0x10003aa8                __wrap___aeabi_uldivmod
                0x10003ab8                divmod_u64u64_savestate
                0x10003ad8                divmod_s64s64_unsafe
                0x10003b60                divmod_u64u64_unsafe
 .text.__aeabi_double_init
                0x10003e9c       0xa4 CMakeFiles/mcu_adc.dir/root/pico/pico-sdk/src/rp2_common/pico_double/double_init_rom_rp2040.c.o
                0x10003e9c                __aeabi_double_init
 .text.double_table_shim_on_use_helper
                0x10003f40       0x2c CMakeFiles/mcu_adc.dir/root/pico/pico-sdk/src/rp2_common/pico_double/double_v1_rom_shim_rp2040.S.o
                0x10003f40                double_table_shim_on_use_helper
 .text.__aeabi_lmul
                0x10003f6c       0x32 CMakeFiles/mcu_adc.dir/root/pico/pico-sdk/src/rp2_common/pico_int64_ops/pico_int64_ops_aeabi.S.o
                0x10003f6c                __wrap___aeabi_lmul
 *fill*         0x10003f9e        0x2 
 .text.__wrap___aeabi_farithmetic
                0x10003fa0       0x48 CMakeFiles/mcu_adc.dir/root/pico/pico-sdk/src/rp2_common/pico_float/float_aeabi_rp2040.S.o
                0x10003fa0                __wrap___aeabi_frsub
                0x10003fa6                __wrap___aeabi_fsub
                0x10003fac                __wrap___aeabi_fadd
                0x10003fb2                __wrap___aeabi_fdiv
                0x10003fda                __wrap___aeabi_fmul
 .text.__wrap___aeabi_cfcmple
                0x10003fe8       0x50 CMakeFiles/mcu_adc.dir/root/pico/pico-sdk/src/rp2_common/pico_float/float_aeabi_rp2040.S.o
                0x10003fe8                __wrap___aeabi_cfrcmple
                0x10003ff4                __wrap___aeabi_cfcmpeq
                0x10003ff4                __wrap___aeabi_cfcmple
 .text.__wrap___aeabi_fcmplt
                0x10004038        0xc CMakeFiles/mcu_adc.dir/root/pico/pico-sdk/src/rp2_common/pico_float/float_aeabi_rp2040.S.o
                0x10004038                __wrap___aeabi_fcmplt
 .text.__wrap___aeabi_ui2f
                0x10004044        0xa CMakeFiles/mcu_adc.dir/root/pico/pico-sdk/src/rp2_common/pico_float/float_aeabi_rp2040.S.o
                0x10004044                uint2float
                0x10004044                __wrap___aeabi_ui2f
 *fill*         0x1000404e        0x2 
 .text.__wrap___aeabi_i2f
                0x10004050       0x44 CMakeFiles/mcu_adc.dir/root/pico/pico-sdk/src/rp2_common/pico_float/float_aeabi_rp2040.S.o
                0x10004050                int2float
                0x10004050                __wrap___aeabi_i2f
 .text.__wrap___aeabi_f2iz
                0x10004094       0x4e CMakeFiles/mcu_adc.dir/root/pico/pico-sdk/src/rp2_common/pico_float/float_aeabi_rp2040.S.o
                0x10004094                __wrap___aeabi_f2iz
                0x10004094                float2int_z
 *fill*         0x100040e2        0x2 
 .text.float2int
                0x100040e4       0x14 CMakeFiles/mcu_adc.dir/root/pico/pico-sdk/src/rp2_common/pico_float/float_aeabi_rp2040.S.o
                0x100040e4                float2int
 .text.__wrap___aeabi_f2uiz
                0x100040f8        0xc CMakeFiles/mcu_adc.dir/root/pico/pico-sdk/src/rp2_common/pico_float/float_aeabi_rp2040.S.o
                0x100040f8                float2uint
                0x100040f8                float2uint_z
                0x100040f8                __wrap___aeabi_f2uiz
 .text.fix2float
                0x10004104        0xc CMakeFiles/mcu_adc.dir/root/pico/pico-sdk/src/rp2_common/pico_float/float_aeabi_rp2040.S.o
                0x10004104                fix2float
 .text.__wrap_sinf
                0x10004110       0x24 CMakeFiles/mcu_adc.dir/root/pico/pico-sdk/src/rp2_common/pico_float/float_aeabi_rp2040.S.o
                0x10004110                __wrap_sinf
 .text.__aeabi_float_init
                0x10004134       0x64 CMakeFiles/mcu_adc.dir/root/pico/pico-sdk/src/rp2_common/pico_float/float_init_rom_rp2040.c.o
                0x10004134                __aeabi_float_init
 .text.__wrap_remquof
                0x10004198      0x140 CMakeFiles/mcu_adc.dir/root/pico/pico-sdk/src/rp2_common/pico_float/float_math.c.o
                0x10004198                __wrap_remquof
 .text.__wrap_remainderf
                0x100042d8        0xc CMakeFiles/mcu_adc.dir/root/pico/pico-sdk/src/rp2_common/pico_float/float_math.c.o
                0x100042d8                __wrap_remainderf
 .text.float_table_shim_on_use_helper
                0x100042e4       0x2c CMakeFiles/mcu_adc.dir/root/pico/pico-sdk/src/rp2_common/pico_float/float_v1_rom_shim_rp2040.S.o
                0x100042e4                float_table_shim_on_use_helper
 .text.float232_shims
                0x10004310       0x18 CMakeFiles/mcu_adc.dir/root/pico/pico-sdk/src/rp2_common/pico_float/float_v1_rom_shim_rp2040.S.o
                0x10004310                float2int_shim
                0x10004312                float2fix_shim
 .text          0x10004328       0x10 CMakeFiles/mcu_adc.dir/root/pico/pico-sdk/src/rp2_common/pico_mem_ops/mem_ops_aeabi.S.o
                0x10004328                __aeabi_mem_init
 .text.memset   0x10004338        0xc CMakeFiles/mcu_adc.dir/root/pico/pico-sdk/src/rp2_common/pico_mem_ops/mem_ops_aeabi.S.o
                0x10004338                __wrap_memset
 .text.memcpy   0x10004344        0xc CMakeFiles/mcu_adc.dir/root/pico/pico-sdk/src/rp2_common/pico_mem_ops/mem_ops_aeabi.S.o
                0x10004344                __wrap___aeabi_memcpy
                0x10004344                __wrap_memcpy
 .text._out_char
                0x10004350       0x10 CMakeFiles/mcu_adc.dir/root/pico/pico-sdk/src/rp2_common/pico_printf/printf.c.o
 .text.weak_raw_vprintf
                0x10004360       0x30 CMakeFiles/mcu_adc.dir/root/pico/pico-sdk/src/rp2_common/pico_printf/printf.c.o
                0x10004360                weak_raw_vprintf
 .text._exit    0x10004390        0x4 CMakeFiles/mcu_adc.dir/root/pico/pico-sdk/src/rp2_common/pico_clib_interface/newlib_interface.c.o
                0x10004390                _exit
 .text._sbrk    0x10004394       0x34 CMakeFiles/mcu_adc.dir/root/pico/pico-sdk/src/rp2_common/pico_clib_interface/newlib_interface.c.o
                0x10004394                _sbrk
 .text._read    0x100043c8       0x24 CMakeFiles/mcu_adc.dir/root/pico/pico-sdk/src/rp2_common/pico_clib_interface/newlib_interface.c.o
                0x100043c8                _read
 .text._write   0x100043ec       0x24 CMakeFiles/mcu_adc.dir/root/pico/pico-sdk/src/rp2_common/pico_clib_interface/newlib_interface.c.o
                0x100043ec                _write
 .text._close   0x10004410        0x8 CMakeFiles/mcu_adc.dir/root/pico/pico-sdk/src/rp2_common/pico_clib_interface/newlib_interface.c.o
                0x10004410                _close
 .text._lseek   0x10004418        0x8 CMakeFiles/mcu_adc.dir/root/pico/pico-sdk/src/rp2_common/pico_clib_interface/newlib_interface.c.o
                0x10004418                _lseek
 .text._fstat   0x10004420        0x8 CMakeFiles/mcu_adc.dir/root/pico/pico-sdk/src/rp2_common/pico_clib_interface/newlib_interface.c.o
                0x10004420                _fstat
 .text._isatty  0x10004428        0xc CMakeFiles/mcu_adc.dir/root/pico/pico-sdk/src/rp2_common/pico_clib_interface/newlib_interface.c.o
                0x10004428                _isatty
 .text.exit     0x10004434        0x8 CMakeFiles/mcu_adc.dir/root/pico/pico-sdk/src/rp2_common/pico_clib_interface/newlib_interface.c.o
                0x10004434                exit
 .text.runtime_init
                0x1000443c       0x2c CMakeFiles/mcu_adc.dir/root/pico/pico-sdk/src/rp2_common/pico_clib_interface/newlib_interface.c.o
                0x1000443c                runtime_init
 .text.stdio_out_chars_no_crlf
                0x10004468       0x10 CMakeFiles/mcu_adc.dir/root/pico/pico-sdk/src/rp2_common/pico_stdio/stdio.c.o
 .text.stdio_out_chars_crlf
                0x10004478       0xbc CMakeFiles/mcu_adc.dir/root/pico/pico-sdk/src/rp2_common/pico_stdio/stdio.c.o
 .text.stdio_put_string
                0x10004534      0x100 CMakeFiles/mcu_adc.dir/root/pico/pico-sdk/src/rp2_common/pico_stdio/stdio.c.o
                0x10004534                stdio_put_string
 .text.stdio_get_until
                0x10004634       0x84 CMakeFiles/mcu_adc.dir/root/pico/pico-sdk/src/rp2_common/pico_stdio/stdio.c.o
                0x10004634                stdio_get_until
 .text.stdio_set_driver_enabled
                0x100046b8       0x30 CMakeFiles/mcu_adc.dir/root/pico/pico-sdk/src/rp2_common/pico_stdio/stdio.c.o
                0x100046b8                stdio_set_driver_enabled
 .text.stdio_init_all
                0x100046e8        0x8 CMakeFiles/mcu_adc.dir/root/pico/pico-sdk/src/rp2_common/pico_stdio/stdio.c.o
                0x100046e8                stdio_init_all
 .text.stdio_getchar_timeout_us
                0x100046f0       0x98 CMakeFiles/mcu_adc.dir/root/pico/pico-sdk/src/rp2_common/pico_stdio/stdio.c.o
                0x100046f0                stdio_getchar_timeout_us
 .text.stdio_set_translate_crlf
                0x10004788       0x10 CMakeFiles/mcu_adc.dir/root/pico/pico-sdk/src/rp2_common/pico_stdio/stdio.c.o
                0x10004788                stdio_set_translate_crlf
 .text.__wrap_putchar
                0x10004798       0x98 CMakeFiles/mcu_adc.dir/root/pico/pico-sdk/src/rp2_common/pico_stdio/stdio.c.o
                0x10004798                stdio_putchar
                0x10004798                __wrap_putchar
 .text.__wrap_puts
                0x10004830       0x3c CMakeFiles/mcu_adc.dir/root/pico/pico-sdk/src/rp2_common/pico_stdio/stdio.c.o
                0x10004830                __wrap_puts
                0x10004830                stdio_puts
 .text.resetd_init
                0x1000486c        0x4 CMakeFiles/mcu_adc.dir/root/pico/pico-sdk/src/rp2_common/pico_stdio_usb/reset_interface.c.o
 .text.resetd_reset
                0x10004870        0xc CMakeFiles/mcu_adc.dir/root/pico/pico-sdk/src/rp2_common/pico_stdio_usb/reset_interface.c.o
 .text.resetd_open
                0x1000487c       0x28 CMakeFiles/mcu_adc.dir/root/pico/pico-sdk/src/rp2_common/pico_stdio_usb/reset_interface.c.o
 .text.resetd_xfer_cb
                0x100048a4        0x4 CMakeFiles/mcu_adc.dir/root/pico/pico-sdk/src/rp2_common/pico_stdio_usb/reset_interface.c.o
 .text.resetd_control_xfer_cb
                0x100048a8       0x5c CMakeFiles/mcu_adc.dir/root/pico/pico-sdk/src/rp2_common/pico_stdio_usb/reset_interface.c.o
 .text.tud_descriptor_bos_cb
                0x10004904        0x8 CMakeFiles/mcu_adc.dir/root/pico/pico-sdk/src/rp2_common/pico_stdio_usb/reset_interface.c.o
                0x10004904                tud_descriptor_bos_cb
 .text.tud_vendor_control_xfer_cb
                0x1000490c       0x34 CMakeFiles/mcu_adc.dir/root/pico/pico-sdk/src/rp2_common/pico_stdio_usb/reset_interface.c.o
                0x1000490c                tud_vendor_control_xfer_cb
 .text.usbd_app_driver_get_cb
                0x10004940        0xc CMakeFiles/mcu_adc.dir/root/pico/pico-sdk/src/rp2_common/pico_stdio_usb/reset_interface.c.o
                0x10004940                usbd_app_driver_get_cb
 .text.tud_cdc_line_coding_cb
                0x1000494c       0x2c CMakeFiles/mcu_adc.dir/root/pico/pico-sdk/src/rp2_common/pico_stdio_usb/reset_interface.c.o
                0x1000494c                tud_cdc_line_coding_cb
 .text.stdio_usb_set_chars_available_callback
                0x10004978       0x14 CMakeFiles/mcu_adc.dir/root/pico/pico-sdk/src/rp2_common/pico_stdio_usb/stdio_usb.c.o
                0x10004978                stdio_usb_set_chars_available_callback
 .text.usb_irq  0x1000498c       0x10 CMakeFiles/mcu_adc.dir/root/pico/pico-sdk/src/rp2_common/pico_stdio_usb/stdio_usb.c.o
 .text.timer_task
                0x1000499c       0x64 CMakeFiles/mcu_adc.dir/root/pico/pico-sdk/src/rp2_common/pico_stdio_usb/stdio_usb.c.o
 .text.stdio_usb_in_chars
                0x10004a00       0x90 CMakeFiles/mcu_adc.dir/root/pico/pico-sdk/src/rp2_common/pico_stdio_usb/stdio_usb.c.o
                0x10004a00                stdio_usb_in_chars
 .text.stdio_usb_out_flush
                0x10004a90       0x50 CMakeFiles/mcu_adc.dir/root/pico/pico-sdk/src/rp2_common/pico_stdio_usb/stdio_usb.c.o
 .text.stdio_usb_out_chars
                0x10004ae0      0x104 CMakeFiles/mcu_adc.dir/root/pico/pico-sdk/src/rp2_common/pico_stdio_usb/stdio_usb.c.o
 .text.low_priority_worker_irq
                0x10004be4       0xcc CMakeFiles/mcu_adc.dir/root/pico/pico-sdk/src/rp2_common/pico_stdio_usb/stdio_usb.c.o
 .text.stdio_usb_init
                0x10004cb0       0xec CMakeFiles/mcu_adc.dir/root/pico/pico-sdk/src/rp2_common/pico_stdio_usb/stdio_usb.c.o
                0x10004cb0                stdio_usb_init
 .text.tud_descriptor_device_cb
                0x10004d9c        0x8 CMakeFiles/mcu_adc.dir/root/pico/pico-sdk/src/rp2_common/pico_stdio_usb/stdio_usb_descriptors.c.o
                0x10004d9c                tud_descriptor_device_cb
 .text.tud_descriptor_configuration_cb
                0x10004da4        0x8 CMakeFiles/mcu_adc.dir/root/pico/pico-sdk/src/rp2_common/pico_stdio_usb/stdio_usb_descriptors.c.o
                0x10004da4                tud_descriptor_configuration_cb
 .text.tud_descriptor_string_cb
                0x10004dac       0x78 CMakeFiles/mcu_adc.dir/root/pico/pico-sdk/src/rp2_common/pico_stdio_usb/stdio_usb_descriptors.c.o
                0x10004dac                tud_descriptor_string_cb
 .text.startup._retrieve_unique_id_on_boot
                0x10004e24       0x10 CMakeFiles/mcu_adc.dir/root/pico/pico-sdk/src/rp2_common/pico_unique_id/unique_id.c.o
 .text.pico_get_unique_board_id_string
                0x10004e34      0x1a8 CMakeFiles/mcu_adc.dir/root/pico/pico-sdk/src/rp2_common/pico_unique_id/unique_id.c.o
                0x10004e34                pico_get_unique_board_id_string
 .text.flash_get_unique_id
                0x10004fdc       0x40 CMakeFiles/mcu_adc.dir/root/pico/pico-sdk/src/rp2_common/hardware_flash/flash.c.o
                0x10004fdc                flash_get_unique_id
 .text.dcd_init
                0x1000501c       0x90 CMakeFiles/mcu_adc.dir/root/pico/pico-sdk/lib/tinyusb/src/portable/raspberrypi/rp2040/dcd_rp2040.c.o
                0x1000501c                dcd_init
 .text.dcd_int_enable
                0x100050ac        0xc CMakeFiles/mcu_adc.dir/root/pico/pico-sdk/lib/tinyusb/src/portable/raspberrypi/rp2040/dcd_rp2040.c.o
                0x100050ac                dcd_int_enable
 .text.dcd_set_address
                0x100050b8       0x14 CMakeFiles/mcu_adc.dir/root/pico/pico-sdk/lib/tinyusb/src/portable/raspberrypi/rp2040/dcd_rp2040.c.o
                0x100050b8                dcd_set_address
 .text.dcd_sof_enable
                0x100050cc       0x1c CMakeFiles/mcu_adc.dir/root/pico/pico-sdk/lib/tinyusb/src/portable/raspberrypi/rp2040/dcd_rp2040.c.o
                0x100050cc                dcd_sof_enable
 .text.dcd_edpt0_status_complete
                0x100050e8       0x1c CMakeFiles/mcu_adc.dir/root/pico/pico-sdk/lib/tinyusb/src/portable/raspberrypi/rp2040/dcd_rp2040.c.o
                0x100050e8                dcd_edpt0_status_complete
 .text.dcd_edpt_open
                0x10005104      0x114 CMakeFiles/mcu_adc.dir/root/pico/pico-sdk/lib/tinyusb/src/portable/raspberrypi/rp2040/dcd_rp2040.c.o
                0x10005104                dcd_edpt_open
 .text.dcd_edpt_close_all
                0x10005218        0x8 CMakeFiles/mcu_adc.dir/root/pico/pico-sdk/lib/tinyusb/src/portable/raspberrypi/rp2040/dcd_rp2040.c.o
                0x10005218                dcd_edpt_close_all
 .text.dcd_edpt_xfer
                0x10005220       0x24 CMakeFiles/mcu_adc.dir/root/pico/pico-sdk/lib/tinyusb/src/portable/raspberrypi/rp2040/dcd_rp2040.c.o
                0x10005220                dcd_edpt_xfer
 .text.dcd_edpt_stall
                0x10005244       0x38 CMakeFiles/mcu_adc.dir/root/pico/pico-sdk/lib/tinyusb/src/portable/raspberrypi/rp2040/dcd_rp2040.c.o
                0x10005244                dcd_edpt_stall
 .text.dcd_edpt_clear_stall
                0x1000527c       0x30 CMakeFiles/mcu_adc.dir/root/pico/pico-sdk/lib/tinyusb/src/portable/raspberrypi/rp2040/dcd_rp2040.c.o
                0x1000527c                dcd_edpt_clear_stall
 .text.rp2040_usb_init
                0x100052ac       0x40 CMakeFiles/mcu_adc.dir/root/pico/pico-sdk/lib/tinyusb/src/portable/raspberrypi/rp2040/rp2040_usb.c.o
                0x100052ac                rp2040_usb_init
 .text.hw_endpoint_xfer_start
                0x100052ec       0x40 CMakeFiles/mcu_adc.dir/root/pico/pico-sdk/lib/tinyusb/src/portable/raspberrypi/rp2040/rp2040_usb.c.o
                0x100052ec                hw_endpoint_xfer_start
 .text.tud_event_hook_cb
                0x1000532c        0x4 CMakeFiles/mcu_adc.dir/root/pico/pico-sdk/lib/tinyusb/src/device/usbd.c.o
                0x1000532c                tud_event_hook_cb
 .text.tud_sof_cb
                0x10005330        0x4 CMakeFiles/mcu_adc.dir/root/pico/pico-sdk/lib/tinyusb/src/device/usbd.c.o
                0x10005330                tud_sof_cb
 .text.tud_descriptor_device_qualifier_cb
                0x10005334        0x4 CMakeFiles/mcu_adc.dir/root/pico/pico-sdk/lib/tinyusb/src/device/usbd.c.o
                0x10005334                tud_descriptor_device_qualifier_cb
 .text.tud_descriptor_other_speed_configuration_cb
                0x10005338        0x4 CMakeFiles/mcu_adc.dir/root/pico/pico-sdk/lib/tinyusb/src/device/usbd.c.o
                0x10005338                tud_descriptor_other_speed_configuration_cb
 .text.tud_mount_cb
                0x1000533c        0x4 CMakeFiles/mcu_adc.dir/root/pico/pico-sdk/lib/tinyusb/src/device/usbd.c.o
                0x1000533c                tud_mount_cb
 .text.tud_umount_cb
                0x10005340        0x4 CMakeFiles/mcu_adc.dir/root/pico/pico-sdk/lib/tinyusb/src/device/usbd.c.o
                0x10005340                tud_umount_cb
 .text.tud_suspend_cb
                0x10005344        0x4 CMakeFiles/mcu_adc.dir/root/pico/pico-sdk/lib/tinyusb/src/device/usbd.c.o
                0x10005344                tud_suspend_cb
 .text.tud_resume_cb
                0x10005348        0x4 CMakeFiles/mcu_adc.dir/root/pico/pico-sdk/lib/tinyusb/src/device/usbd.c.o
                0x10005348                tud_resume_cb
 .text.tud_mounted
                0x1000534c       0x10 CMakeFiles/mcu_adc.dir/root/pico/pico-sdk/lib/tinyusb/src/device/usbd.c.o
                0x1000534c                tud_mounted
 .text.tud_suspended
                0x1000535c       0x10 CMakeFiles/mcu_adc.dir/root/pico/pico-sdk/lib/tinyusb/src/device/usbd.c.o
                0x1000535c                tud_suspended
 .text.tud_rhport_init
                0x1000536c       0xfc CMakeFiles/mcu_adc.dir/root/pico/pico-sdk/lib/tinyusb/src/device/usbd.c.o
                0x1000536c                tud_rhport_init
 .text.tud_task_ext
                0x10005468      0x808 CMakeFiles/mcu_adc.dir/root/pico/pico-sdk/lib/tinyusb/src/device/usbd.c.o
                0x10005468                tud_task_ext
 .text.usbd_open_edpt_pair
                0x10005c70       0x9c CMakeFiles/mcu_adc.dir/root/pico/pico-sdk/lib/tinyusb/src/device/usbd.c.o
                0x10005c70                usbd_open_edpt_pair
 .text.usbd_edpt_open
                0x10005d0c       0x34 CMakeFiles/mcu_adc.dir/root/pico/pico-sdk/lib/tinyusb/src/device/usbd.c.o
                0x10005d0c                usbd_edpt_open
 .text.usbd_edpt_claim
                0x10005d40       0x28 CMakeFiles/mcu_adc.dir/root/pico/pico-sdk/lib/tinyusb/src/device/usbd.c.o
                0x10005d40                usbd_edpt_claim
 .text.usbd_edpt_release
                0x10005d68       0x28 CMakeFiles/mcu_adc.dir/root/pico/pico-sdk/lib/tinyusb/src/device/usbd.c.o
                0x10005d68                usbd_edpt_release
 .text.usbd_edpt_xfer
                0x10005d90       0x4c CMakeFiles/mcu_adc.dir/root/pico/pico-sdk/lib/tinyusb/src/device/usbd.c.o
                0x10005d90                usbd_edpt_xfer
 .text.tud_control_status
                0x10005ddc       0x2c CMakeFiles/mcu_adc.dir/root/pico/pico-sdk/lib/tinyusb/src/device/usbd_control.c.o
                0x10005ddc                tud_control_status
 .text.tud_control_xfer
                0x10005e08       0xac CMakeFiles/mcu_adc.dir/root/pico/pico-sdk/lib/tinyusb/src/device/usbd_control.c.o
                0x10005e08                tud_control_xfer
 .text.usbd_control_reset
                0x10005eb4       0x14 CMakeFiles/mcu_adc.dir/root/pico/pico-sdk/lib/tinyusb/src/device/usbd_control.c.o
                0x10005eb4                usbd_control_reset
 .text.usbd_control_set_complete_callback
                0x10005ec8        0xc CMakeFiles/mcu_adc.dir/root/pico/pico-sdk/lib/tinyusb/src/device/usbd_control.c.o
                0x10005ec8                usbd_control_set_complete_callback
 .text.usbd_control_set_request
                0x10005ed4       0x1c CMakeFiles/mcu_adc.dir/root/pico/pico-sdk/lib/tinyusb/src/device/usbd_control.c.o
                0x10005ed4                usbd_control_set_request
 .text.usbd_control_xfer_cb
                0x10005ef0       0xec CMakeFiles/mcu_adc.dir/root/pico/pico-sdk/lib/tinyusb/src/device/usbd_control.c.o
                0x10005ef0                usbd_control_xfer_cb
 .text._prep_out_transaction.isra.0
                0x10005fdc       0x6c CMakeFiles/mcu_adc.dir/root/pico/pico-sdk/lib/tinyusb/src/class/cdc/cdc_device.c.o
 .text.tud_cdc_n_connected
                0x10006048       0x2c CMakeFiles/mcu_adc.dir/root/pico/pico-sdk/lib/tinyusb/src/class/cdc/cdc_device.c.o
                0x10006048                tud_cdc_n_connected
 .text.tud_cdc_n_available
                0x10006074       0x14 CMakeFiles/mcu_adc.dir/root/pico/pico-sdk/lib/tinyusb/src/class/cdc/cdc_device.c.o
                0x10006074                tud_cdc_n_available
 .text.tud_cdc_n_read
                0x10006088       0x94 CMakeFiles/mcu_adc.dir/root/pico/pico-sdk/lib/tinyusb/src/class/cdc/cdc_device.c.o
                0x10006088                tud_cdc_n_read
 .text.tud_cdc_n_write_flush
                0x1000611c       0x74 CMakeFiles/mcu_adc.dir/root/pico/pico-sdk/lib/tinyusb/src/class/cdc/cdc_device.c.o
                0x1000611c                tud_cdc_n_write_flush
 .text.tud_cdc_n_write
                0x10006190       0x40 CMakeFiles/mcu_adc.dir/root/pico/pico-sdk/lib/tinyusb/src/class/cdc/cdc_device.c.o
                0x10006190                tud_cdc_n_write
 .text.tud_cdc_n_write_available
                0x100061d0       0x14 CMakeFiles/mcu_adc.dir/root/pico/pico-sdk/lib/tinyusb/src/class/cdc/cdc_device.c.o
                0x100061d0                tud_cdc_n_write_available
 .text.cdcd_init
                0x100061e4       0x70 CMakeFiles/mcu_adc.dir/root/pico/pico-sdk/lib/tinyusb/src/class/cdc/cdc_device.c.o
                0x100061e4                cdcd_init
 .text.cdcd_deinit
                0x10006254       0x30 CMakeFiles/mcu_adc.dir/root/pico/pico-sdk/lib/tinyusb/src/class/cdc/cdc_device.c.o
                0x10006254                cdcd_deinit
 .text.cdcd_reset
                0x10006284       0x4c CMakeFiles/mcu_adc.dir/root/pico/pico-sdk/lib/tinyusb/src/class/cdc/cdc_device.c.o
                0x10006284                cdcd_reset
 .text.cdcd_open
                0x100062d0       0xa8 CMakeFiles/mcu_adc.dir/root/pico/pico-sdk/lib/tinyusb/src/class/cdc/cdc_device.c.o
                0x100062d0                cdcd_open
 .text.cdcd_control_xfer_cb
                0x10006378       0xe8 CMakeFiles/mcu_adc.dir/root/pico/pico-sdk/lib/tinyusb/src/class/cdc/cdc_device.c.o
                0x10006378                cdcd_control_xfer_cb
 .text.cdcd_xfer_cb
                0x10006460      0x100 CMakeFiles/mcu_adc.dir/root/pico/pico-sdk/lib/tinyusb/src/class/cdc/cdc_device.c.o
                0x10006460                cdcd_xfer_cb
 .text.vendord_init
                0x10006560       0x5c CMakeFiles/mcu_adc.dir/root/pico/pico-sdk/lib/tinyusb/src/class/vendor/vendor_device.c.o
                0x10006560                vendord_init
 .text.vendord_deinit
                0x100065bc       0x1c CMakeFiles/mcu_adc.dir/root/pico/pico-sdk/lib/tinyusb/src/class/vendor/vendor_device.c.o
                0x100065bc                vendord_deinit
 .text.vendord_reset
                0x100065d8       0x28 CMakeFiles/mcu_adc.dir/root/pico/pico-sdk/lib/tinyusb/src/class/vendor/vendor_device.c.o
                0x100065d8                vendord_reset
 .text.vendord_open
                0x10006600      0x128 CMakeFiles/mcu_adc.dir/root/pico/pico-sdk/lib/tinyusb/src/class/vendor/vendor_device.c.o
                0x10006600                vendord_open
 .text.vendord_xfer_cb
                0x10006728       0x9c CMakeFiles/mcu_adc.dir/root/pico/pico-sdk/lib/tinyusb/src/class/vendor/vendor_device.c.o
                0x10006728                vendord_xfer_cb
 .text.tusb_rhport_init
                0x100067c4       0x48 CMakeFiles/mcu_adc.dir/root/pico/pico-sdk/lib/tinyusb/src/tusb.c.o
                0x100067c4                tusb_rhport_init
 .text.tu_edpt_claim
                0x1000680c       0x50 CMakeFiles/mcu_adc.dir/root/pico/pico-sdk/lib/tinyusb/src/tusb.c.o
                0x1000680c                tu_edpt_claim
 .text.tu_edpt_release
                0x1000685c       0x38 CMakeFiles/mcu_adc.dir/root/pico/pico-sdk/lib/tinyusb/src/tusb.c.o
                0x1000685c                tu_edpt_release
 .text.tu_edpt_validate
                0x10006894       0x7c CMakeFiles/mcu_adc.dir/root/pico/pico-sdk/lib/tinyusb/src/tusb.c.o
                0x10006894                tu_edpt_validate
 .text.tu_edpt_bind_driver
                0x10006910       0x34 CMakeFiles/mcu_adc.dir/root/pico/pico-sdk/lib/tinyusb/src/tusb.c.o
                0x10006910                tu_edpt_bind_driver
 .text.tu_edpt_stream_init
                0x10006944       0x6c CMakeFiles/mcu_adc.dir/root/pico/pico-sdk/lib/tinyusb/src/tusb.c.o
                0x10006944                tu_edpt_stream_init
 .text.tu_edpt_stream_deinit
                0x100069b0        0x4 CMakeFiles/mcu_adc.dir/root/pico/pico-sdk/lib/tinyusb/src/tusb.c.o
                0x100069b0                tu_edpt_stream_deinit
 .text.tu_edpt_stream_write_zlp_if_needed
                0x100069b4       0x68 CMakeFiles/mcu_adc.dir/root/pico/pico-sdk/lib/tinyusb/src/tusb.c.o
                0x100069b4                tu_edpt_stream_write_zlp_if_needed
 .text.tu_edpt_stream_write_xfer
                0x10006a1c       0x64 CMakeFiles/mcu_adc.dir/root/pico/pico-sdk/lib/tinyusb/src/tusb.c.o
                0x10006a1c                tu_edpt_stream_write_xfer
 .text.tu_edpt_stream_read_xfer
                0x10006a80       0xdc CMakeFiles/mcu_adc.dir/root/pico/pico-sdk/lib/tinyusb/src/tusb.c.o
                0x10006a80                tu_edpt_stream_read_xfer
 .text.tu_fifo_config
                0x10006b5c       0x6c CMakeFiles/mcu_adc.dir/root/pico/pico-sdk/lib/tinyusb/src/common/tusb_fifo.c.o
                0x10006b5c                tu_fifo_config
 .text.tu_fifo_count
                0x10006bc8       0x2c CMakeFiles/mcu_adc.dir/root/pico/pico-sdk/lib/tinyusb/src/common/tusb_fifo.c.o
                0x10006bc8                tu_fifo_count
 .text.tu_fifo_empty
                0x10006bf4       0x10 CMakeFiles/mcu_adc.dir/root/pico/pico-sdk/lib/tinyusb/src/common/tusb_fifo.c.o
                0x10006bf4                tu_fifo_empty
 .text.tu_fifo_remaining
                0x10006c04       0x2c CMakeFiles/mcu_adc.dir/root/pico/pico-sdk/lib/tinyusb/src/common/tusb_fifo.c.o
                0x10006c04                tu_fifo_remaining
 .text.tu_fifo_read
                0x10006c30       0x9c CMakeFiles/mcu_adc.dir/root/pico/pico-sdk/lib/tinyusb/src/common/tusb_fifo.c.o
                0x10006c30                tu_fifo_read
 .text.tu_fifo_read_n
                0x10006ccc       0xe8 CMakeFiles/mcu_adc.dir/root/pico/pico-sdk/lib/tinyusb/src/common/tusb_fifo.c.o
                0x10006ccc                tu_fifo_read_n
 .text.tu_fifo_write
                0x10006db4       0x88 CMakeFiles/mcu_adc.dir/root/pico/pico-sdk/lib/tinyusb/src/common/tusb_fifo.c.o
                0x10006db4                tu_fifo_write
 .text.tu_fifo_write_n
                0x10006e3c      0x170 CMakeFiles/mcu_adc.dir/root/pico/pico-sdk/lib/tinyusb/src/common/tusb_fifo.c.o
                0x10006e3c                tu_fifo_write_n
 .text.tu_fifo_clear
                0x10006fac       0x40 CMakeFiles/mcu_adc.dir/root/pico/pico-sdk/lib/tinyusb/src/common/tusb_fifo.c.o
                0x10006fac                tu_fifo_clear
 .text.tu_fifo_set_overwritable
                0x10006fec       0x48 CMakeFiles/mcu_adc.dir/root/pico/pico-sdk/lib/tinyusb/src/common/tusb_fifo.c.o
                0x10006fec                tu_fifo_set_overwritable
 .text.core1_trampoline
                0x10007034        0x4 CMakeFiles/mcu_adc.dir/root/pico/pico-sdk/src/rp2_common/pico_multicore/multicore.c.o
 .text.core1_wrapper
                0x10007038        0xc CMakeFiles/mcu_adc.dir/root/pico/pico-sdk/src/rp2_common/pico_multicore/multicore.c.o
                0x10007038                core1_wrapper
 .text.multicore_launch_core1_raw
                0x10007044       0x84 CMakeFiles/mcu_adc.dir/root/pico/pico-sdk/src/rp2_common/pico_multicore/multicore.c.o
                0x10007044                multicore_launch_core1_raw
 .text.multicore_launch_core1
                0x100070c8       0x58 CMakeFiles/mcu_adc.dir/root/pico/pico-sdk/src/rp2_common/pico_multicore/multicore.c.o
                0x100070c8                multicore_launch_core1
 .text.spi_init
                0x10007120      0x140 CMakeFiles/mcu_adc.dir/root/pico/pico-sdk/src/rp2_common/hardware_spi/spi.c.o
                0x10007120                spi_init
 .text          0x10007260      0x1c8 /usr/lib/gcc/arm-none-eabi/12.2.1/../../../arm-none-eabi/lib/thumb/v6-m/nofp/libg.a(lib_a-fflush.o)
                0x10007260                __sflush_r
                0x100073a8                _fflush_r
                0x100073d4                fflush
 .text          0x10007428      0x23c /usr/lib/gcc/arm-none-eabi/12.2.1/../../../arm-none-eabi/lib/thumb/v6-m/nofp/libg.a(lib_a-findfp.o)
                0x1000742c                _cleanup_r
                0x10007528                __sfmoreglue
                0x10007558                __sfp
                0x100075fc                _cleanup
                0x10007614                __sinit
                0x10007624                __sfp_lock_acquire
                0x10007628                __sfp_lock_release
                0x1000762c                __sinit_lock_acquire
                0x10007630                __sinit_lock_release
                0x10007634                __fp_lock_all
                0x1000764c                __fp_unlock_all
 .text          0x10007664      0x268 /usr/lib/gcc/arm-none-eabi/12.2.1/../../../arm-none-eabi/lib/thumb/v6-m/nofp/libg.a(lib_a-freer.o)
                0x10007664                _malloc_trim_r
                0x1000770c                _free_r
 .text          0x100078cc       0x88 /usr/lib/gcc/arm-none-eabi/12.2.1/../../../arm-none-eabi/lib/thumb/v6-m/nofp/libg.a(lib_a-fwalk.o)
                0x100078cc                _fwalk
                0x1000790c                _fwalk_reent
 .text          0x10007954       0xfc /usr/lib/gcc/arm-none-eabi/12.2.1/../../../arm-none-eabi/lib/thumb/v6-m/nofp/libg.a(lib_a-fwrite.o)
                0x10007954                _fwrite_r
                0x100079d0                fwrite
 .text          0x10007a50      0x548 /usr/lib/gcc/arm-none-eabi/12.2.1/../../../arm-none-eabi/lib/thumb/v6-m/nofp/libg.a(lib_a-mallocr.o)
                0x10007a50                _malloc_r
 .text          0x10007f98        0x8 /usr/lib/gcc/arm-none-eabi/12.2.1/../../../arm-none-eabi/lib/thumb/v6-m/nofp/libg.a(lib_a-mlock.o)
                0x10007f98                __malloc_lock
                0x10007f9c                __malloc_unlock
 .text          0x10007fa0      0x3c8 /usr/lib/gcc/arm-none-eabi/12.2.1/../../../arm-none-eabi/lib/thumb/v6-m/nofp/libg.a(lib_a-reallocr.o)
                0x10007fa0                _realloc_r
 .text          0x10008368       0x24 /usr/lib/gcc/arm-none-eabi/12.2.1/../../../arm-none-eabi/lib/thumb/v6-m/nofp/libg.a(lib_a-sbrkr.o)
                0x10008368                _sbrk_r
 .text          0x1000838c       0xa8 /usr/lib/gcc/arm-none-eabi/12.2.1/../../../arm-none-eabi/lib/thumb/v6-m/nofp/libg.a(lib_a-stdio.o)
                0x1000838c                __sread
                0x100083b4                __seofread
                0x100083b8                __swrite
                0x100083f8                __sseek
                0x10008428                __sclose
 .text          0x10008434       0x5c /usr/lib/gcc/arm-none-eabi/12.2.1/../../../arm-none-eabi/lib/thumb/v6-m/nofp/libg.a(lib_a-strlen-stub.o)
                0x10008434                strlen
 .text          0x10008490      0x17c /usr/lib/gcc/arm-none-eabi/12.2.1/../../../arm-none-eabi/lib/thumb/v6-m/nofp/libg.a(lib_a-strtoul.o)
                0x100085d4                _strtoul_r
                0x100085dc                strtoul_l
                0x100085f4                strtoul
 .text          0x1000860c       0x28 /usr/lib/gcc/arm-none-eabi/12.2.1/../../../arm-none-eabi/lib/thumb/v6-m/nofp/libg.a(lib_a-writer.o)
                0x1000860c                _write_r
 .text          0x10008634       0x24 /usr/lib/gcc/arm-none-eabi/12.2.1/../../../arm-none-eabi/lib/thumb/v6-m/nofp/libg.a(lib_a-closer.o)
                0x10008634                _close_r
 .text          0x10008658       0xac /usr/lib/gcc/arm-none-eabi/12.2.1/../../../arm-none-eabi/lib/thumb/v6-m/nofp/libg.a(lib_a-fclose.o)
                0x10008658                _fclose_r
                0x100086f0                fclose
 .text          0x10008704      0x2ec /usr/lib/gcc/arm-none-eabi/12.2.1/../../../arm-none-eabi/lib/thumb/v6-m/nofp/libg.a(lib_a-fvwrite.o)
                0x10008704                __sfvwrite_r
 .text          0x100089f0       0x28 /usr/lib/gcc/arm-none-eabi/12.2.1/../../../arm-none-eabi/lib/thumb/v6-m/nofp/libg.a(lib_a-lseekr.o)
                0x100089f0                _lseek_r
 .text          0x10008a18       0x74 /usr/lib/gcc/arm-none-eabi/12.2.1/../../../arm-none-eabi/lib/thumb/v6-m/nofp/libg.a(lib_a-memchr-stub.o)
                0x10008a18                memchr
 .text          0x10008a8c       0xb0 /usr/lib/gcc/arm-none-eabi/12.2.1/../../../arm-none-eabi/lib/thumb/v6-m/nofp/libg.a(lib_a-memmove.o)
                0x10008a8c                memmove
 .text          0x10008b3c       0x28 /usr/lib/gcc/arm-none-eabi/12.2.1/../../../arm-none-eabi/lib/thumb/v6-m/nofp/libg.a(lib_a-readr.o)
                0x10008b3c                _read_r
 .text          0x10008b64       0xd0 /usr/lib/gcc/arm-none-eabi/12.2.1/../../../arm-none-eabi/lib/thumb/v6-m/nofp/libg.a(lib_a-wsetup.o)
                0x10008b64                __swsetup_r
 .text          0x10008c34      0x140 /usr/lib/gcc/arm-none-eabi/12.2.1/../../../arm-none-eabi/lib/thumb/v6-m/nofp/libg.a(lib_a-makebuf.o)
                0x10008c34                __smakebuf_r
                0x10008d1c                __swhatbuf_r
 .text          0x10008d74       0x28 /usr/lib/gcc/arm-none-eabi/12.2.1/../../../arm-none-eabi/lib/thumb/v6-m/nofp/libg.a(lib_a-fstatr.o)
                0x10008d74                _fstat_r
 .text          0x10008d9c       0x24 /usr/lib/gcc/arm-none-eabi/12.2.1/../../../arm-none-eabi/lib/thumb/v6-m/nofp/libg.a(lib_a-isattyr.o)
                0x10008d9c                _isatty_r
 *(.fini)
 .fini          0x10008dc0        0x4 /usr/lib/gcc/arm-none-eabi/12.2.1/thumb/v6-m/nofp/crti.o
                0x10008dc0                _fini
 *fill*         0x10008dc4        0x4 
 .fini.__stub   0x10008dc8       0xf0 linker stubs
 *crtbegin.o(.ctors)
 *crtbegin?.o(.ctors)
 *(EXCLUDE_FILE(*crtend.o *crtend?.o) .ctors)
 *(SORT_BY_NAME(.ctors.*))
 *(.ctors)
 *crtbegin.o(.dtors)
 *crtbegin?.o(.dtors)
 *(EXCLUDE_FILE(*crtend.o *crtend?.o) .dtors)
 *(SORT_BY_NAME(.dtors.*))
 *(.dtors)
                0x10008eb8                . = ALIGN (0x4)
                0x10008eb8                PROVIDE (__preinit_array_start = .)
 *(SORT_BY_NAME(.preinit_array.*))
 .preinit_array.00100
                0x10008eb8        0x4 CMakeFiles/mcu_adc.dir/root/pico/pico-sdk/src/rp2_common/pico_runtime_init/runtime_init.c.o
                0x10008eb8                __pre_init_runtime_init_early_resets
 .preinit_array.00101
                0x10008ebc        0x4 CMakeFiles/mcu_adc.dir/root/pico/pico-sdk/src/rp2_common/pico_runtime_init/runtime_init.c.o
                0x10008ebc                __pre_init_runtime_init_usb_power_down
 .preinit_array.00275
                0x10008ec0        0x4 CMakeFiles/mcu_adc.dir/root/pico/pico-sdk/src/rp2_common/pico_bit_ops/bit_ops_aeabi.S.o
 .preinit_array.00300
                0x10008ec4        0x4 CMakeFiles/mcu_adc.dir/root/pico/pico-sdk/src/rp2_common/pico_mem_ops/mem_ops_aeabi.S.o
 .preinit_array.00350
                0x10008ec8        0x4 CMakeFiles/mcu_adc.dir/root/pico/pico-sdk/src/rp2_common/pico_double/double_aeabi_rp2040.S.o
 .preinit_array.00350
                0x10008ecc        0x4 CMakeFiles/mcu_adc.dir/root/pico/pico-sdk/src/rp2_common/pico_float/float_aeabi_rp2040.S.o
 .preinit_array.00500
                0x10008ed0        0x4 CMakeFiles/mcu_adc.dir/root/pico/pico-sdk/src/rp2_common/pico_runtime_init/runtime_init.c.o
                0x10008ed0                __pre_init_runtime_init_clocks
 .preinit_array.00600
                0x10008ed4        0x4 CMakeFiles/mcu_adc.dir/root/pico/pico-sdk/src/rp2_common/pico_runtime_init/runtime_init.c.o
                0x10008ed4                __pre_init_runtime_init_post_clock_resets
 .preinit_array.00700
                0x10008ed8        0x4 CMakeFiles/mcu_adc.dir/root/pico/pico-sdk/src/rp2_common/pico_runtime_init/runtime_init.c.o
                0x10008ed8                __pre_init_runtime_init_rp2040_gpio_ie_disable
 .preinit_array.01000
                0x10008edc        0x4 CMakeFiles/mcu_adc.dir/root/pico/pico-sdk/src/rp2_common/pico_runtime_init/runtime_init.c.o
                0x10008edc                __pre_init_runtime_init_spin_locks_reset
 .preinit_array.01100
                0x10008ee0        0x4 CMakeFiles/mcu_adc.dir/root/pico/pico-sdk/src/common/pico_sync/mutex.c.o
                0x10008ee0                __pre_init_runtime_init_mutex
 .preinit_array.10080
                0x10008ee4        0x4 CMakeFiles/mcu_adc.dir/root/pico/pico-sdk/src/rp2_common/pico_runtime_init/runtime_init.c.o
                0x10008ee4                __pre_init_runtime_init_install_ram_vector_table
 .preinit_array.11000
                0x10008ee8        0x4 CMakeFiles/mcu_adc.dir/root/pico/pico-sdk/src/common/pico_time/time.c.o
                0x10008ee8                __pre_init_runtime_init_default_alarm_pool
 .preinit_array.YYYYY
                0x10008eec        0x4 CMakeFiles/mcu_adc.dir/root/pico/pico-sdk/src/rp2_common/pico_runtime/runtime.c.o
                0x10008eec                __pre_init_first_per_core_initializer
 .preinit_array.ZZZZZ.01200
                0x10008ef0        0x4 CMakeFiles/mcu_adc.dir/root/pico/pico-sdk/src/rp2_common/hardware_irq/irq.c.o
                0x10008ef0                __pre_init_runtime_init_per_core_irq_priorities
 *(.preinit_array)
                0x10008ef4                PROVIDE (__preinit_array_end = .)
                0x10008ef4                . = ALIGN (0x4)
                0x10008ef4                PROVIDE (__init_array_start = .)
 *(SORT_BY_NAME(.init_array.*))
 .init_array.01000
                0x10008ef4        0x4 CMakeFiles/mcu_adc.dir/root/pico/pico-sdk/src/rp2_common/pico_unique_id/unique_id.c.o
 *(.init_array)
 .init_array    0x10008ef8        0x4 /usr/lib/gcc/arm-none-eabi/12.2.1/thumb/v6-m/nofp/crtbegin.o
                0x10008efc                PROVIDE (__init_array_end = .)
                0x10008efc                . = ALIGN (0x4)
                0x10008efc                PROVIDE (__fini_array_start = .)
 *(SORT_BY_NAME(.fini_array.*))
 *(.fini_array)
                0x10008efc                PROVIDE (__fini_array_end = .)
 *(.eh_frame*)
 .eh_frame      0x10008efc        0x0 /usr/lib/gcc/arm-none-eabi/12.2.1/thumb/v6-m/nofp/crtbegin.o
                0x10008efc                . = ALIGN (0x4)

.glue_7         0x10008efc        0x0
 .glue_7        0x10008efc        0x0 linker stubs

.glue_7t        0x10008efc        0x0
 .glue_7t       0x10008efc        0x0 linker stubs

.vfp11_veneer   0x10008efc        0x0
 .vfp11_veneer  0x10008efc        0x0 linker stubs

.v4_bx          0x10008efc        0x0
 .v4_bx         0x10008efc        0x0 linker stubs

.iplt           0x10008efc        0x0
 .iplt          0x10008efc        0x0 /usr/lib/gcc/arm-none-eabi/12.2.1/thumb/v6-m/nofp/crtbegin.o

.rodata         0x10008f00      0x600
 *(EXCLUDE_FILE(*libm.a: *libc.a:*lib_a-mem*.o *libgcc.a:) .rodata*)
 .rodata.dtmf_prepare_digit
                0x10008f00       0x88 CMakeFiles/mcu_adc.dir/src/main.c.o
 .rodata.main   0x10008f88       0x48 CMakeFiles/mcu_adc.dir/src/main.c.o
 .rodata.CSWTCH.240
                0x10008fd0        0xf CMakeFiles/mcu_adc.dir/src/main.c.o
 *fill*         0x10008fdf        0x1 
 .rodata        0x10008fe0        0x3 CMakeFiles/mcu_adc.dir/src/main.c.o
 *fill*         0x10008fe3        0x1 
 .rodata.panic.str1.4
                0x10008fe4       0x12 CMakeFiles/mcu_adc.dir/root/pico/pico-sdk/src/rp2_common/pico_platform_panic/panic.c.o
 *fill*         0x10008ff6        0x2 
 .rodata.spin_lock_claim_unused.str1.4
                0x10008ff8       0x1b CMakeFiles/mcu_adc.dir/root/pico/pico-sdk/src/rp2_common/hardware_sync/sync.c.o
 *fill*         0x10009013        0x1 
 .rodata.user_irq_claim_unused.str1.4
                0x10009014       0x1b CMakeFiles/mcu_adc.dir/root/pico/pico-sdk/src/rp2_common/hardware_irq/irq.c.o
 *fill*         0x1000902f        0x1 
 .rodata.at_the_end_of_time
                0x10009030        0x8 CMakeFiles/mcu_adc.dir/root/pico/pico-sdk/src/common/pico_time/time.c.o
                0x10009030                at_the_end_of_time
 .rodata.timer_hardware_alarm_claim.str1.4
                0x10009038       0x22 CMakeFiles/mcu_adc.dir/root/pico/pico-sdk/src/rp2_common/hardware_timer/timer.c.o
 *fill*         0x1000905a        0x2 
 .rodata.hard_assertion_failure.str1.4
                0x1000905c        0xc CMakeFiles/mcu_adc.dir/root/pico/pico-sdk/src/rp2_common/pico_runtime/runtime.c.o
 .rodata.str1.4
                0x10009068       0x3c CMakeFiles/mcu_adc.dir/root/pico/pico-sdk/src/rp2_common/pico_standard_binary_info/standard_binary_info.c.o
 .rodata.__bi_84
                0x100090a4        0xc CMakeFiles/mcu_adc.dir/root/pico/pico-sdk/src/rp2_common/pico_standard_binary_info/standard_binary_info.c.o
 .rodata.__bi_78
                0x100090b0        0xc CMakeFiles/mcu_adc.dir/root/pico/pico-sdk/src/rp2_common/pico_standard_binary_info/standard_binary_info.c.o
 .rodata.__bi_54
                0x100090bc        0xc CMakeFiles/mcu_adc.dir/root/pico/pico-sdk/src/rp2_common/pico_standard_binary_info/standard_binary_info.c.o
 .rodata.__bi_48
                0x100090c8        0xc CMakeFiles/mcu_adc.dir/root/pico/pico-sdk/src/rp2_common/pico_standard_binary_info/standard_binary_info.c.o
 .rodata.__bi_42
                0x100090d4        0xc CMakeFiles/mcu_adc.dir/root/pico/pico-sdk/src/rp2_common/pico_standard_binary_info/standard_binary_info.c.o
 .rodata.__bi_34
                0x100090e0        0xc CMakeFiles/mcu_adc.dir/root/pico/pico-sdk/src/rp2_common/pico_standard_binary_info/standard_binary_info.c.o
 .rodata.__bi_26
                0x100090ec        0xc CMakeFiles/mcu_adc.dir/root/pico/pico-sdk/src/rp2_common/pico_standard_binary_info/standard_binary_info.c.o
 .rodata.crlf_str.0
                0x100090f8        0x2 CMakeFiles/mcu_adc.dir/root/pico/pico-sdk/src/rp2_common/pico_stdio/stdio.c.o
 *fill*         0x100090fa        0x2 
 .rodata._resetd_driver
                0x100090fc       0x20 CMakeFiles/mcu_adc.dir/root/pico/pico-sdk/src/rp2_common/pico_stdio_usb/reset_interface.c.o
 .rodata.desc_ms_os_20
                0x1000911c       0xa6 CMakeFiles/mcu_adc.dir/root/pico/pico-sdk/src/rp2_common/pico_stdio_usb/reset_interface.c.o
 *fill*         0x100091c2        0x2 
 .rodata.desc_bos
                0x100091c4       0x21 CMakeFiles/mcu_adc.dir/root/pico/pico-sdk/src/rp2_common/pico_stdio_usb/reset_interface.c.o
                0x100091c4                desc_bos
 *fill*         0x100091e5        0x3 
 .rodata.str1.4
                0x100091e8       0x13 CMakeFiles/mcu_adc.dir/root/pico/pico-sdk/src/rp2_common/pico_stdio_usb/stdio_usb.c.o
 *fill*         0x100091fb        0x1 
 .rodata.__bi_202.0
                0x100091fc        0xc CMakeFiles/mcu_adc.dir/root/pico/pico-sdk/src/rp2_common/pico_stdio_usb/stdio_usb.c.o
 .rodata.str1.4
                0x10009208       0x2a CMakeFiles/mcu_adc.dir/root/pico/pico-sdk/src/rp2_common/pico_stdio_usb/stdio_usb_descriptors.c.o
 *fill*         0x10009232        0x2 
 .rodata.usbd_desc_str
                0x10009234       0x18 CMakeFiles/mcu_adc.dir/root/pico/pico-sdk/src/rp2_common/pico_stdio_usb/stdio_usb_descriptors.c.o
 .rodata.usbd_desc_cfg
                0x1000924c       0x54 CMakeFiles/mcu_adc.dir/root/pico/pico-sdk/src/rp2_common/pico_stdio_usb/stdio_usb_descriptors.c.o
 .rodata.usbd_desc_device
                0x100092a0       0x12 CMakeFiles/mcu_adc.dir/root/pico/pico-sdk/src/rp2_common/pico_stdio_usb/stdio_usb_descriptors.c.o
 *fill*         0x100092b2        0x2 
 .rodata.str1.4
                0x100092b4       0x14 CMakeFiles/mcu_adc.dir/root/pico/pico-sdk/lib/tinyusb/src/portable/raspberrypi/rp2040/dcd_rp2040.c.o
 .rodata.str1.4
                0x100092c8       0x48 CMakeFiles/mcu_adc.dir/root/pico/pico-sdk/lib/tinyusb/src/portable/raspberrypi/rp2040/rp2040_usb.c.o
 .rodata.tud_task_ext
                0x10009310       0x8c CMakeFiles/mcu_adc.dir/root/pico/pico-sdk/lib/tinyusb/src/device/usbd.c.o
 .rodata        0x1000939c       0x1c CMakeFiles/mcu_adc.dir/root/pico/pico-sdk/lib/tinyusb/src/device/usbd.c.o
 .rodata._usbd_driver
                0x100093b8       0x40 CMakeFiles/mcu_adc.dir/root/pico/pico-sdk/lib/tinyusb/src/device/usbd.c.o
 .rodata        0x100093f8        0x4 /usr/lib/gcc/arm-none-eabi/12.2.1/../../../arm-none-eabi/lib/thumb/v6-m/nofp/libg.a(lib_a-impure.o)
                0x100093f8                _global_impure_ptr
 .rodata        0x100093fc      0x101 /usr/lib/gcc/arm-none-eabi/12.2.1/../../../arm-none-eabi/lib/thumb/v6-m/nofp/libg.a(lib_a-ctype_.o)
                0x100093fc                _ctype_
                0x10009500                . = ALIGN (0x4)
 *fill*         0x100094fd        0x3 
 *(SORT_BY_ALIGNMENT(SORT_BY_NAME(.flashdata*)))
                0x10009500                . = ALIGN (0x4)

.ARM.extab
 *(.ARM.extab* .gnu.linkonce.armextab.*)
                0x10009500                __exidx_start = .

.ARM.exidx
 *(.ARM.exidx* .gnu.linkonce.armexidx.*)
                0x10009500                __exidx_end = .
                0x10009500                . = ALIGN (0x4)
                0x10009500                __binary_info_start = .

.binary_info    0x10009500       0x20
 *(.binary_info.keep.*)
 .binary_info.keep.__bi_ptr84
                0x10009500        0x4 CMakeFiles/mcu_adc.dir/root/pico/pico-sdk/src/rp2_common/pico_standard_binary_info/standard_binary_info.c.o
 .binary_info.keep.__bi_ptr78
                0x10009504        0x4 CMakeFiles/mcu_adc.dir/root/pico/pico-sdk/src/rp2_common/pico_standard_binary_info/standard_binary_info.c.o
 .binary_info.keep.__bi_ptr54
                0x10009508        0x4 CMakeFiles/mcu_adc.dir/root/pico/pico-sdk/src/rp2_common/pico_standard_binary_info/standard_binary_info.c.o
 .binary_info.keep.__bi_ptr48
                0x1000950c        0x4 CMakeFiles/mcu_adc.dir/root/pico/pico-sdk/src/rp2_common/pico_standard_binary_info/standard_binary_info.c.o
 .binary_info.keep.__bi_ptr42
                0x10009510        0x4 CMakeFiles/mcu_adc.dir/root/pico/pico-sdk/src/rp2_common/pico_standard_binary_info/standard_binary_info.c.o
 .binary_info.keep.__bi_ptr34
                0x10009514        0x4 CMakeFiles/mcu_adc.dir/root/pico/pico-sdk/src/rp2_common/pico_standard_binary_info/standard_binary_info.c.o
 .binary_info.keep.__bi_ptr26
                0x10009518        0x4 CMakeFiles/mcu_adc.dir/root/pico/pico-sdk/src/rp2_common/pico_standard_binary_info/standard_binary_info.c.o
 *(.binary_info.*)
 .binary_info.__bi_ptr202
                0x1000951c        0x4 CMakeFiles/mcu_adc.dir/root/pico/pico-sdk/src/rp2_common/pico_stdio_usb/stdio_usb.c.o
                0x10009520                __binary_info_end = .
                0x10009520                . = ALIGN (0x4)

.ram_vector_table
                0x20000000       0xc0
 *(.ram_vector_table)
 .ram_vector_table
                0x20000000       0xc0 CMakeFiles/mcu_adc.dir/root/pico/pico-sdk/src/rp2_common/pico_runtime_init/runtime_init.c.o
                0x20000000                ram_vector_table

.uninitialized_data
                0x200000c0        0x0
                0x200000c0                . = ALIGN (0x4)
 *(.uninitialized_data*)

.data           0x200000c0     0x1968 load address 0x10009520
                0x200000c0                __data_start__ = .
 *(vtable)
 *(.time_critical*)
 .time_critical.mutex_try_enter
                0x200000c0       0x40 CMakeFiles/mcu_adc.dir/root/pico/pico-sdk/src/common/pico_sync/mutex.c.o
                0x200000c0                mutex_try_enter
 .time_critical.mutex_try_enter_block_until
                0x20000100       0x9c CMakeFiles/mcu_adc.dir/root/pico/pico-sdk/src/common/pico_sync/mutex.c.o
                0x20000100                mutex_try_enter_block_until
 .time_critical.mutex_enter_timeout_ms
                0x2000019c       0x90 CMakeFiles/mcu_adc.dir/root/pico/pico-sdk/src/common/pico_sync/mutex.c.o
                0x2000019c                mutex_enter_timeout_ms
 .time_critical.mutex_exit
                0x2000022c       0x28 CMakeFiles/mcu_adc.dir/root/pico/pico-sdk/src/common/pico_sync/mutex.c.o
                0x2000022c                mutex_exit
 .time_critical.flash_init_boot2_copyout
                0x20000254       0x30 CMakeFiles/mcu_adc.dir/root/pico/pico-sdk/src/rp2_common/hardware_flash/flash.c.o
 .time_critical.flash_enable_xip_via_boot2
                0x20000284        0xc CMakeFiles/mcu_adc.dir/root/pico/pico-sdk/src/rp2_common/hardware_flash/flash.c.o
 .time_critical.flash_save_hardware_state
                0x20000290       0x20 CMakeFiles/mcu_adc.dir/root/pico/pico-sdk/src/rp2_common/hardware_flash/flash.c.o
 .time_critical.flash_restore_hardware_state
                0x200002b0       0x20 CMakeFiles/mcu_adc.dir/root/pico/pico-sdk/src/rp2_common/hardware_flash/flash.c.o
 .time_critical.flash_cs_force
                0x200002d0       0x38 CMakeFiles/mcu_adc.dir/root/pico/pico-sdk/src/rp2_common/hardware_flash/flash.c.o
 .time_critical.flash_do_cmd
                0x20000308       0xd0 CMakeFiles/mcu_adc.dir/root/pico/pico-sdk/src/rp2_common/hardware_flash/flash.c.o
                0x20000308                flash_do_cmd
 .time_critical.reset_non_control_endpoints
                0x200003d8       0x68 CMakeFiles/mcu_adc.dir/root/pico/pico-sdk/lib/tinyusb/src/portable/raspberrypi/rp2040/dcd_rp2040.c.o
 .time_critical.hw_handle_buff_status
                0x20000440       0x98 CMakeFiles/mcu_adc.dir/root/pico/pico-sdk/lib/tinyusb/src/portable/raspberrypi/rp2040/dcd_rp2040.c.o
 .time_critical.dcd_rp2040_irq
                0x200004d8      0x550 CMakeFiles/mcu_adc.dir/root/pico/pico-sdk/lib/tinyusb/src/portable/raspberrypi/rp2040/dcd_rp2040.c.o
 .time_critical.prepare_ep_buffer
                0x20000a28       0xe0 CMakeFiles/mcu_adc.dir/root/pico/pico-sdk/lib/tinyusb/src/portable/raspberrypi/rp2040/rp2040_usb.c.o
 .time_critical.sync_ep_buffer
                0x20000b08       0xa8 CMakeFiles/mcu_adc.dir/root/pico/pico-sdk/lib/tinyusb/src/portable/raspberrypi/rp2040/rp2040_usb.c.o
 .time_critical._hw_endpoint_xfer_sync
                0x20000bb0       0x28 CMakeFiles/mcu_adc.dir/root/pico/pico-sdk/lib/tinyusb/src/portable/raspberrypi/rp2040/rp2040_usb.c.o
 .time_critical.e15_is_bulkin_ep
                0x20000bd8       0x28 CMakeFiles/mcu_adc.dir/root/pico/pico-sdk/lib/tinyusb/src/portable/raspberrypi/rp2040/rp2040_usb.c.o
 .time_critical.e15_is_critical_frame_period
                0x20000c00       0x34 CMakeFiles/mcu_adc.dir/root/pico/pico-sdk/lib/tinyusb/src/portable/raspberrypi/rp2040/rp2040_usb.c.o
 .time_critical.hw_endpoint_reset_transfer
                0x20000c34        0xc CMakeFiles/mcu_adc.dir/root/pico/pico-sdk/lib/tinyusb/src/portable/raspberrypi/rp2040/rp2040_usb.c.o
                0x20000c34                hw_endpoint_reset_transfer
 .time_critical._hw_endpoint_buffer_control_update32
                0x20000c40       0x50 CMakeFiles/mcu_adc.dir/root/pico/pico-sdk/lib/tinyusb/src/portable/raspberrypi/rp2040/rp2040_usb.c.o
                0x20000c40                _hw_endpoint_buffer_control_update32
 .time_critical.hw_endpoint_start_next_buffer
                0x20000c90       0x6c CMakeFiles/mcu_adc.dir/root/pico/pico-sdk/lib/tinyusb/src/portable/raspberrypi/rp2040/rp2040_usb.c.o
                0x20000c90                hw_endpoint_start_next_buffer
 .time_critical.hw_endpoint_xfer_continue
                0x20000cfc       0x40 CMakeFiles/mcu_adc.dir/root/pico/pico-sdk/lib/tinyusb/src/portable/raspberrypi/rp2040/rp2040_usb.c.o
                0x20000cfc                hw_endpoint_xfer_continue
 .time_critical.tinyusb
                0x20000d3c      0x1e4 CMakeFiles/mcu_adc.dir/root/pico/pico-sdk/lib/tinyusb/src/device/usbd.c.o
                0x20000d3c                dcd_event_handler
 .time_critical.spi_write_read_blocking
                0x20000f20       0x78 CMakeFiles/mcu_adc.dir/root/pico/pico-sdk/src/rp2_common/hardware_spi/spi.c.o
                0x20000f20                spi_write_read_blocking
 .time_critical.spi_write_blocking
                0x20000f98       0x4c CMakeFiles/mcu_adc.dir/root/pico/pico-sdk/src/rp2_common/hardware_spi/spi.c.o
                0x20000f98                spi_write_blocking
 *(.text*)
 .text          0x20000fe4       0x2c /usr/lib/gcc/arm-none-eabi/12.2.1/../../../arm-none-eabi/lib/thumb/v6-m/nofp/libm.a(lib_a-sf_fmin.o)
                0x20000fe4                fminf
 .text          0x20001010       0x40 /usr/lib/gcc/arm-none-eabi/12.2.1/../../../arm-none-eabi/lib/thumb/v6-m/nofp/libm.a(lib_a-sf_fpclassify.o)
                0x20001010                __fpclassifyf
 .text          0x20001050        0x4 /usr/lib/gcc/arm-none-eabi/12.2.1/thumb/v6-m/nofp/libgcc.a(_dvmd_tls.o)
                0x20001050                __aeabi_ldiv0
                0x20001050                __aeabi_idiv0
 *fill*         0x20001054        0x4 
 .text.__stub   0x20001058       0x90 linker stubs
                0x200010e8                . = ALIGN (0x4)
 *(.rodata*)
                0x200010e8                . = ALIGN (0x4)
 *(.data*)
 .data.mcu_periph_cfg
                0x200010e8       0x14 CMakeFiles/mcu_adc.dir/src/main.c.o
 .data.dtmf_channel_mask
                0x200010fc        0x1 CMakeFiles/mcu_adc.dir/src/main.c.o
 *fill*         0x200010fd        0x1 
 .data.dtmf_amplitude
                0x200010fe        0x2 CMakeFiles/mcu_adc.dir/src/main.c.o
 .data.dtmf_gap_ms
                0x20001100        0x2 CMakeFiles/mcu_adc.dir/src/main.c.o
 .data.dtmf_tone_ms
                0x20001102        0x2 CMakeFiles/mcu_adc.dir/src/main.c.o
 .data.dac_sample_format
                0x20001104        0x1 CMakeFiles/mcu_adc.dir/src/main.c.o
 .data.dac_channel_count
                0x20001105        0x1 CMakeFiles/mcu_adc.dir/src/main.c.o
 *fill*         0x20001106        0x2 
 .data.dac_sample_rate
                0x20001108        0x4 CMakeFiles/mcu_adc.dir/src/main.c.o
 .data.gw_packet_seq
                0x2000110c        0x4 CMakeFiles/mcu_adc.dir/src/main.c.o
 .data.stream_active
                0x20001110        0x1 CMakeFiles/mcu_adc.dir/src/main.c.o
 *fill*         0x20001111        0x3 
 .data.g_sample_rate
                0x20001114        0x4 CMakeFiles/mcu_adc.dir/src/main.c.o
 .data.striped_spin_lock_num
                0x20001118        0x1 CMakeFiles/mcu_adc.dir/root/pico/pico-sdk/src/rp2_common/hardware_sync/sync.c.o
 *fill*         0x20001119        0x3 
 .data          0x2000111c       0x48 CMakeFiles/mcu_adc.dir/root/pico/pico-sdk/src/rp2_common/hardware_irq/irq_handler_chain.S.o
                0x2000111c                irq_handler_chain_slots
                0x2000114c                irq_handler_chain_first_slot
                0x20001156                irq_handler_chain_remove_tail
 .data.default_alarm_pool
                0x20001164       0x18 CMakeFiles/mcu_adc.dir/root/pico/pico-sdk/src/common/pico_time/time.c.o
 *fill*         0x2000117c        0x4 
 .data.aeabi_bits_funcs
                0x20001180       0x10 CMakeFiles/mcu_adc.dir/root/pico/pico-sdk/src/rp2_common/pico_bit_ops/bit_ops_aeabi.S.o
                0x20001180                aeabi_bits_funcs
                0x20001190                aeabi_bits_funcs_end
 .data.aeabi_mem_funcs
                0x20001190       0x10 CMakeFiles/mcu_adc.dir/root/pico/pico-sdk/src/rp2_common/pico_mem_ops/mem_ops_aeabi.S.o
                0x20001190                aeabi_mem_funcs
                0x200011a0                aeabi_mem_funcs_end
 .data.stdio_usb
                0x200011a0       0x18 CMakeFiles/mcu_adc.dir/root/pico/pico-sdk/src/rp2_common/pico_stdio_usb/stdio_usb.c.o
                0x200011a0                stdio_usb
 .data._usbd_qdef
                0x200011b8       0x1c CMakeFiles/mcu_adc.dir/root/pico/pico-sdk/lib/tinyusb/src/device/usbd.c.o
                0x200011b8                _usbd_qdef
 .data._usbd_rhport
                0x200011d4        0x1 CMakeFiles/mcu_adc.dir/root/pico/pico-sdk/lib/tinyusb/src/device/usbd.c.o
 *fill*         0x200011d5        0x3 
 .data          0x200011d8      0x430 /usr/lib/gcc/arm-none-eabi/12.2.1/../../../arm-none-eabi/lib/thumb/v6-m/nofp/libg.a(lib_a-impure.o)
                0x200011d8                _impure_ptr
 .data          0x20001608      0x410 /usr/lib/gcc/arm-none-eabi/12.2.1/../../../arm-none-eabi/lib/thumb/v6-m/nofp/libg.a(lib_a-mallocr.o)
                0x20001608                __malloc_sbrk_base
                0x2000160c                __malloc_trim_threshold
                0x20001610                __malloc_av_
                0x20001a18                . = ALIGN (0x4)
 *(.after_data.*)
                0x20001a18                . = ALIGN (0x4)
                0x20001a18                PROVIDE (__mutex_array_start = .)
 *(SORT_BY_NAME(.mutex_array.*))
 *(.mutex_array)
 .mutex_array   0x20001a18        0x8 CMakeFiles/mcu_adc.dir/root/pico/pico-sdk/src/rp2_common/pico_malloc/malloc.c.o
 .mutex_array   0x20001a20        0x8 CMakeFiles/mcu_adc.dir/root/pico/pico-sdk/src/rp2_common/pico_stdio/stdio.c.o
                0x20001a28                PROVIDE (__mutex_array_end = .)
                0x20001a28                . = ALIGN (0x4)
 *(.jcr)
                0x20001a28                . = ALIGN (0x4)

.tm_clone_table
                0x20001a28        0x0 load address 0x1000ae88
 .tm_clone_table
                0x20001a28        0x0 /usr/lib/gcc/arm-none-eabi/12.2.1/thumb/v6-m/nofp/crtbegin.o
 .tm_clone_table
                0x20001a28        0x0 /usr/lib/gcc/arm-none-eabi/12.2.1/thumb/v6-m/nofp/crtend.o

.igot.plt       0x20001a28        0x0 load address 0x1000ae88
 .igot.plt      0x20001a28        0x0 /usr/lib/gcc/arm-none-eabi/12.2.1/thumb/v6-m/nofp/crtbegin.o

.tdata          0x20001a28        0x0 load address 0x1000ae88
                0x20001a28                . = ALIGN (0x4)
 *(.tdata .tdata.* .gnu.linkonce.td.*)
                0x20001a28                __tdata_end = .
                0x20001a28                PROVIDE (__data_end__ = .)
                0x10009520                __etext = LOADADDR (.data)

.tbss           0x20001a28        0x0 load address 0x1000ae88
                0x20001a28                . = ALIGN (0x4)
                0x20001a28                __bss_start__ = .
                0x20001a28                __tls_base = .
 *(.tbss .tbss.* .gnu.linkonce.tb.*)
 *(.tcommon)
                0x20001a28                __tls_end = .

.bss            0x20001a28     0x600c load address 0x1000ae88
                0x20001a28                . = ALIGN (0x4)
                0x20001a28                __tbss_end = .
 *(SORT_BY_ALIGNMENT(SORT_BY_NAME(.bss*)))
 .bss.default_alarm_pool_entries
                0x20001a28      0x180 CMakeFiles/mcu_adc.dir/root/pico/pico-sdk/src/common/pico_time/time.c.o
 .bss.last_avail_time.1
                0x20001ba8        0x8 CMakeFiles/mcu_adc.dir/root/pico/pico-sdk/src/rp2_common/pico_stdio_usb/stdio_usb.c.o
 .bss.sd_table  0x20001bb0      0x100 CMakeFiles/mcu_adc.dir/root/pico/pico-sdk/src/rp2_common/pico_double/double_init_rom_rp2040.c.o
                0x20001bb0                sd_table
 .bss.sf_table  0x20001cb0      0x100 CMakeFiles/mcu_adc.dir/root/pico/pico-sdk/src/rp2_common/pico_float/float_init_rom_rp2040.c.o
                0x20001cb0                sf_table
 .bss           0x20001db0       0x1c /usr/lib/gcc/arm-none-eabi/12.2.1/thumb/v6-m/nofp/crtbegin.o
 .bss           0x20001dcc       0x34 /usr/lib/gcc/arm-none-eabi/12.2.1/../../../arm-none-eabi/lib/thumb/v6-m/nofp/libg.a(lib_a-mallocr.o)
                0x20001dcc                __malloc_top_pad
                0x20001dd0                __malloc_current_mallinfo
                0x20001df8                __malloc_max_sbrked_mem
                0x20001dfc                __malloc_max_total_mem
 .bss           0x20001e00        0x4 /usr/lib/gcc/arm-none-eabi/12.2.1/../../../arm-none-eabi/lib/thumb/v6-m/nofp/libg.a(lib_a-reent.o)
                0x20001e00                errno
 .bss._app_driver
                0x20001e04        0x4 CMakeFiles/mcu_adc.dir/root/pico/pico-sdk/lib/tinyusb/src/device/usbd.c.o
 .bss._cdcd_epbuf
                0x20001e08       0x80 CMakeFiles/mcu_adc.dir/root/pico/pico-sdk/lib/tinyusb/src/class/cdc/cdc_device.c.o
 .bss._cdcd_fifo_cfg
                0x20001e88        0x1 CMakeFiles/mcu_adc.dir/root/pico/pico-sdk/lib/tinyusb/src/class/cdc/cdc_device.c.o
 *fill*         0x20001e89        0x3 
 .bss._cdcd_itf
                0x20001e8c       0xc8 CMakeFiles/mcu_adc.dir/root/pico/pico-sdk/lib/tinyusb/src/class/cdc/cdc_device.c.o
 .bss._ctrl_epbuf
                0x20001f54       0x40 CMakeFiles/mcu_adc.dir/root/pico/pico-sdk/lib/tinyusb/src/device/usbd_control.c.o
 .bss._ctrl_xfer
                0x20001f94       0x14 CMakeFiles/mcu_adc.dir/root/pico/pico-sdk/lib/tinyusb/src/device/usbd_control.c.o
 .bss._tusb_rhport_role
                0x20001fa8        0x2 CMakeFiles/mcu_adc.dir/root/pico/pico-sdk/lib/tinyusb/src/tusb.c.o
                0x20001fa8                _tusb_rhport_role
 *fill*         0x20001faa        0x2 
 .bss._ubsd_mutexdef
                0x20001fac        0x8 CMakeFiles/mcu_adc.dir/root/pico/pico-sdk/lib/tinyusb/src/device/usbd.c.o
 .bss._usbd_dev
                0x20001fb4       0x54 CMakeFiles/mcu_adc.dir/root/pico/pico-sdk/lib/tinyusb/src/device/usbd.c.o
 .bss._usbd_mutex
                0x20002008        0x4 CMakeFiles/mcu_adc.dir/root/pico/pico-sdk/lib/tinyusb/src/device/usbd.c.o
 .bss._usbd_q   0x2000200c        0x4 CMakeFiles/mcu_adc.dir/root/pico/pico-sdk/lib/tinyusb/src/device/usbd.c.o
 .bss._usbd_qdef_buf
                0x20002010       0xc0 CMakeFiles/mcu_adc.dir/root/pico/pico-sdk/lib/tinyusb/src/device/usbd.c.o
                0x20002010                _usbd_qdef_buf
 .bss._vendord_epbuf
                0x200020d0       0x80 CMakeFiles/mcu_adc.dir/root/pico/pico-sdk/lib/tinyusb/src/class/vendor/vendor_device.c.o
 .bss._vendord_itf
                0x20002150      0x24c CMakeFiles/mcu_adc.dir/root/pico/pico-sdk/lib/tinyusb/src/class/vendor/vendor_device.c.o
 .bss.boot2_copyout
                0x2000239c      0x100 CMakeFiles/mcu_adc.dir/root/pico/pico-sdk/src/rp2_common/hardware_flash/flash.c.o
 .bss.chars_available_callback
                0x2000249c        0x4 CMakeFiles/mcu_adc.dir/root/pico/pico-sdk/src/rp2_common/pico_stdio_usb/stdio_usb.c.o
 .bss.chars_available_param
                0x200024a0        0x4 CMakeFiles/mcu_adc.dir/root/pico/pico-sdk/src/rp2_common/pico_stdio_usb/stdio_usb.c.o
 .bss.claimed   0x200024a4        0x4 CMakeFiles/mcu_adc.dir/root/pico/pico-sdk/src/rp2_common/hardware_sync/sync.c.o
 .bss.claimed   0x200024a8        0x1 CMakeFiles/mcu_adc.dir/root/pico/pico-sdk/src/rp2_common/hardware_timer/timer.c.o
 *fill*         0x200024a9        0x3 
 .bss.configured_freq
                0x200024ac       0x28 CMakeFiles/mcu_adc.dir/root/pico/pico-sdk/src/rp2_common/hardware_clocks/clocks.c.o
 .bss.crc_errors_rx
                0x200024d4        0x4 CMakeFiles/mcu_adc.dir/src/main.c.o
 .bss.dac_blocks_received
                0x200024d8        0x4 CMakeFiles/mcu_adc.dir/src/main.c.o
 .bss.dac_frames_written
                0x200024dc        0x4 CMakeFiles/mcu_adc.dir/src/main.c.o
 .bss.dac_last_frame_ms
                0x200024e0        0x4 CMakeFiles/mcu_adc.dir/src/main.c.o
 .bss.dac_underruns
                0x200024e4        0x4 CMakeFiles/mcu_adc.dir/src/main.c.o
 .bss.desc_str.0
                0x200024e8       0x28 CMakeFiles/mcu_adc.dir/root/pico/pico-sdk/src/rp2_common/pico_stdio_usb/stdio_usb_descriptors.c.o
 .bss.drivers   0x20002510        0x4 CMakeFiles/mcu_adc.dir/root/pico/pico-sdk/src/rp2_common/pico_stdio/stdio.c.o
 .bss.dtmf_digits
                0x20002514       0x40 CMakeFiles/mcu_adc.dir/src/main.c.o
 .bss.dtmf_gap_samples_total
                0x20002554        0x4 CMakeFiles/mcu_adc.dir/src/main.c.o
 .bss.dtmf_generated_frames
                0x20002558        0x4 CMakeFiles/mcu_adc.dir/src/main.c.o
 .bss.dtmf_inc_col
                0x2000255c        0x4 CMakeFiles/mcu_adc.dir/src/main.c.o
 .bss.dtmf_inc_row
                0x20002560        0x4 CMakeFiles/mcu_adc.dir/src/main.c.o
 .bss.dtmf_next_sample_us
                0x20002564        0x4 CMakeFiles/mcu_adc.dir/src/main.c.o
 .bss.dtmf_phase_col
                0x20002568        0x4 CMakeFiles/mcu_adc.dir/src/main.c.o
 .bss.dtmf_phase_row
                0x2000256c        0x4 CMakeFiles/mcu_adc.dir/src/main.c.o
 .bss.dtmf_phase_samples_done
                0x20002570        0x4 CMakeFiles/mcu_adc.dir/src/main.c.o
 .bss.dtmf_tone_samples_total
                0x20002574        0x4 CMakeFiles/mcu_adc.dir/src/main.c.o
 .bss.e15_last_sof
                0x20002578        0x4 CMakeFiles/mcu_adc.dir/root/pico/pico-sdk/lib/tinyusb/src/portable/raspberrypi/rp2040/rp2040_usb.c.o
                0x20002578                e15_last_sof
 .bss.filter    0x2000257c        0x4 CMakeFiles/mcu_adc.dir/root/pico/pico-sdk/src/rp2_common/pico_stdio/stdio.c.o
 .bss.heap_end.0
                0x20002580        0x4 CMakeFiles/mcu_adc.dir/root/pico/pico-sdk/src/rp2_common/pico_clib_interface/newlib_interface.c.o
 .bss.hw_endpoints
                0x20002584      0x400 CMakeFiles/mcu_adc.dir/root/pico/pico-sdk/lib/tinyusb/src/portable/raspberrypi/rp2040/dcd_rp2040.c.o
 .bss.last_periph_status_ms
                0x20002984        0x4 CMakeFiles/mcu_adc.dir/src/main.c.o
 .bss.last_status_ms
                0x20002988        0x4 CMakeFiles/mcu_adc.dir/src/main.c.o
 .bss.lazy_vsnprintf
                0x2000298c        0x4 CMakeFiles/mcu_adc.dir/root/pico/pico-sdk/src/rp2_common/pico_printf/printf.c.o
 .bss.load_value
                0x20002990        0x4 CMakeFiles/mcu_adc.dir/root/pico/pico-sdk/src/rp2_common/hardware_watchdog/watchdog.c.o
 .bss.lost_frames
                0x20002994        0x4 CMakeFiles/mcu_adc.dir/src/main.c.o
 .bss.mt_candidate_ms
                0x20002998        0x4 CMakeFiles/mcu_adc.dir/src/main.c.o
 .bss.mt_event_ms
                0x2000299c        0x4 CMakeFiles/mcu_adc.dir/src/main.c.o
 .bss.mt_last_event_ms
                0x200029a0        0x4 CMakeFiles/mcu_adc.dir/src/main.c.o
 .bss.mt_sequence
                0x200029a4        0x4 CMakeFiles/mcu_adc.dir/src/main.c.o
 .bss.next_buffer_ptr
                0x200029a8        0x4 CMakeFiles/mcu_adc.dir/root/pico/pico-sdk/lib/tinyusb/src/portable/raspberrypi/rp2040/dcd_rp2040.c.o
 .bss.next_seq  0x200029ac        0x4 CMakeFiles/mcu_adc.dir/src/main.c.o
 .bss.oh_transition_count
                0x200029b0        0x4 CMakeFiles/mcu_adc.dir/src/main.c.o
 .bss.one_shot_timer_crit_sec
                0x200029b4        0x8 CMakeFiles/mcu_adc.dir/root/pico/pico-sdk/src/rp2_common/pico_stdio_usb/stdio_usb.c.o
 .bss.overflow_events
                0x200029bc        0x4 CMakeFiles/mcu_adc.dir/src/main.c.o
 .bss.packets_received
                0x200029c0        0x4 CMakeFiles/mcu_adc.dir/src/main.c.o
 .bss.packets_sent
                0x200029c4        0x4 CMakeFiles/mcu_adc.dir/src/main.c.o
 .bss.payload.0
                0x200029c8     0x1000 CMakeFiles/mcu_adc.dir/src/main.c.o
 .bss.pools     0x200039c8       0x10 CMakeFiles/mcu_adc.dir/root/pico/pico-sdk/src/common/pico_time/time.c.o
 .bss.rd_idx    0x200039d8        0x4 CMakeFiles/mcu_adc.dir/src/main.c.o
 .bss.rd_seq    0x200039dc        0x4 CMakeFiles/mcu_adc.dir/src/main.c.o
 .bss.retrieved_id
                0x200039e0        0x8 CMakeFiles/mcu_adc.dir/root/pico/pico-sdk/src/rp2_common/pico_unique_id/unique_id.c.o
 .bss.ri_transition_count
                0x200039e8        0x4 CMakeFiles/mcu_adc.dir/src/main.c.o
 .bss.ring      0x200039ec     0x4000 CMakeFiles/mcu_adc.dir/src/main.c.o
 .bss.sf_clz_func
                0x200079ec        0x4 CMakeFiles/mcu_adc.dir/root/pico/pico-sdk/src/rp2_common/pico_double/double_init_rom_rp2040.c.o
                0x200079ec                sf_clz_func
 .bss.sleep_notifier
                0x200079f0        0x4 CMakeFiles/mcu_adc.dir/root/pico/pico-sdk/src/common/pico_time/time.c.o
 .bss.stdio_usb_mutex
                0x200079f4        0x8 CMakeFiles/mcu_adc.dir/root/pico/pico-sdk/src/rp2_common/pico_stdio_usb/stdio_usb.c.o
 .bss.usbd_serial_str
                0x200079fc       0x11 CMakeFiles/mcu_adc.dir/root/pico/pico-sdk/src/rp2_common/pico_stdio_usb/stdio_usb_descriptors.c.o
 *fill*         0x20007a0d        0x3 
 .bss.wr_idx    0x20007a10        0x4 CMakeFiles/mcu_adc.dir/src/main.c.o
 .bss.dac_last_b
                0x20007a14        0x2 CMakeFiles/mcu_adc.dir/src/main.c.o
 .bss._app_driver_count
                0x20007a16        0x1 CMakeFiles/mcu_adc.dir/root/pico/pico-sdk/lib/tinyusb/src/device/usbd.c.o
 .bss._sof_enable
                0x20007a17        0x1 CMakeFiles/mcu_adc.dir/root/pico/pico-sdk/lib/tinyusb/src/portable/raspberrypi/rp2040/dcd_rp2040.c.o
 .bss._usbd_queued_setup
                0x20007a18        0x1 CMakeFiles/mcu_adc.dir/root/pico/pico-sdk/lib/tinyusb/src/device/usbd.c.o
 .bss.boot2_copyout_valid
                0x20007a19        0x1 CMakeFiles/mcu_adc.dir/root/pico/pico-sdk/src/rp2_common/hardware_flash/flash.c.o
 .bss.dac_stream_active
                0x20007a1a        0x1 CMakeFiles/mcu_adc.dir/src/main.c.o
 .bss.dtmf_active
                0x20007a1b        0x1 CMakeFiles/mcu_adc.dir/src/main.c.o
 .bss.dtmf_digit_count
                0x20007a1c        0x1 CMakeFiles/mcu_adc.dir/src/main.c.o
 .bss.dtmf_index
                0x20007a1d        0x1 CMakeFiles/mcu_adc.dir/src/main.c.o
 .bss.dtmf_phase
                0x20007a1e        0x1 CMakeFiles/mcu_adc.dir/src/main.c.o
 .bss.irq_handler_chain_free_slot_head
                0x20007a1f        0x1 CMakeFiles/mcu_adc.dir/root/pico/pico-sdk/src/rp2_common/hardware_irq/irq.c.o
 .bss.itf_num   0x20007a20        0x1 CMakeFiles/mcu_adc.dir/root/pico/pico-sdk/src/rp2_common/pico_stdio_usb/reset_interface.c.o
 .bss.low_priority_irq_num
                0x20007a21        0x1 CMakeFiles/mcu_adc.dir/root/pico/pico-sdk/src/rp2_common/pico_stdio_usb/stdio_usb.c.o
 .bss.mt_digit  0x20007a22        0x1 CMakeFiles/mcu_adc.dir/src/main.c.o
 .bss.mt_q1_raw
                0x20007a23        0x1 CMakeFiles/mcu_adc.dir/src/main.c.o
 .bss.mt_q2_raw
                0x20007a24        0x1 CMakeFiles/mcu_adc.dir/src/main.c.o
 .bss.mt_q3_raw
                0x20007a25        0x1 CMakeFiles/mcu_adc.dir/src/main.c.o
 .bss.mt_q4_raw
                0x20007a26        0x1 CMakeFiles/mcu_adc.dir/src/main.c.o
 .bss.mt_q_bits
                0x20007a27        0x1 CMakeFiles/mcu_adc.dir/src/main.c.o
 .bss.mt_stq_candidate
                0x20007a28        0x1 CMakeFiles/mcu_adc.dir/src/main.c.o
 .bss.mt_stq_raw
                0x20007a29        0x1 CMakeFiles/mcu_adc.dir/src/main.c.o
 .bss.mt_stq_stable
                0x20007a2a        0x1 CMakeFiles/mcu_adc.dir/src/main.c.o
 .bss.oh_logical
                0x20007a2b        0x1 CMakeFiles/mcu_adc.dir/src/main.c.o
 .bss.oh_raw    0x20007a2c        0x1 CMakeFiles/mcu_adc.dir/src/main.c.o
 .bss.one_shot_timer_pending
                0x20007a2d        0x1 CMakeFiles/mcu_adc.dir/root/pico/pico-sdk/src/rp2_common/pico_stdio_usb/stdio_usb.c.o
 .bss.periph_initialized
                0x20007a2e        0x1 CMakeFiles/mcu_adc.dir/src/main.c.o
 .bss.ri_logical
                0x20007a2f        0x1 CMakeFiles/mcu_adc.dir/src/main.c.o
 .bss.ri_raw    0x20007a30        0x1 CMakeFiles/mcu_adc.dir/src/main.c.o
 .bss.user_irq_claimed
                0x20007a31        0x1 CMakeFiles/mcu_adc.dir/root/pico/pico-sdk/src/rp2_common/hardware_irq/irq.c.o
 *(COMMON)
                0x20007a34                . = ALIGN (0x4)
 *fill*         0x20007a32        0x2 
                0x20007a34                __bss_end__ = .

.heap           0x20007a34      0x800 load address 0x1000ae88
                0x20007a34                __end__ = .