Archive member included to satisfy reference by file (symbol)

/usr/lib/gcc/arm-none-eabi/12.2.1/thumb/v6-m/nofp/libgcc.a(_dvmd_tls.o)
                              CMakeFiles/mcu_adc.dir/root/pico/pico-sdk/src/rp2_common/pico_divider/divider_hardware.S.o (__aeabi_idiv0)
/usr/lib/gcc/arm-none-eabi/12.2.1/../../../arm-none-eabi/lib/thumb/v6-m/nofp/libg.a(lib_a-atexit.o)
                              /usr/lib/gcc/arm-none-eabi/12.2.1/../../../arm-none-eabi/lib/thumb/v6-m/nofp/crt0.o (atexit)
/usr/lib/gcc/arm-none-eabi/12.2.1/../../../arm-none-eabi/lib/thumb/v6-m/nofp/libg.a(lib_a-calloc.o)
                              CMakeFiles/mcu_adc.dir/root/pico/pico-sdk/src/rp2_common/pico_malloc/malloc.c.o (calloc)
/usr/lib/gcc/arm-none-eabi/12.2.1/../../../arm-none-eabi/lib/thumb/v6-m/nofp/libg.a(lib_a-callocr.o)
                              /usr/lib/gcc/arm-none-eabi/12.2.1/../../../arm-none-eabi/lib/thumb/v6-m/nofp/libg.a(lib_a-calloc.o) (_calloc_r)
/usr/lib/gcc/arm-none-eabi/12.2.1/../../../arm-none-eabi/lib/thumb/v6-m/nofp/libg.a(lib_a-fflush.o)
                              CMakeFiles/mcu_adc.dir/src/main.c.o (fflush)
/usr/lib/gcc/arm-none-eabi/12.2.1/../../../arm-none-eabi/lib/thumb/v6-m/nofp/libg.a(lib_a-findfp.o)
                              /usr/lib/gcc/arm-none-eabi/12.2.1/../../../arm-none-eabi/lib/thumb/v6-m/nofp/libg.a(lib_a-fflush.o) (__sinit)
/usr/lib/gcc/arm-none-eabi/12.2.1/../../../arm-none-eabi/lib/thumb/v6-m/nofp/libg.a(lib_a-fini.o)
                              /usr/lib/gcc/arm-none-eabi/12.2.1/../../../arm-none-eabi/lib/thumb/v6-m/nofp/crt0.o (__libc_fini_array)
/usr/lib/gcc/arm-none-eabi/12.2.1/../../../arm-none-eabi/lib/thumb/v6-m/nofp/libg.a(lib_a-freer.o)
                              /usr/lib/gcc/arm-none-eabi/12.2.1/../../../arm-none-eabi/lib/thumb/v6-m/nofp/libg.a(lib_a-fflush.o) (_free_r)
/usr/lib/gcc/arm-none-eabi/12.2.1/../../../arm-none-eabi/lib/thumb/v6-m/nofp/libg.a(lib_a-fwalk.o)
                              /usr/lib/gcc/arm-none-eabi/12.2.1/../../../arm-none-eabi/lib/thumb/v6-m/nofp/libg.a(lib_a-findfp.o) (_fwalk)
/usr/lib/gcc/arm-none-eabi/12.2.1/../../../arm-none-eabi/lib/thumb/v6-m/nofp/libg.a(lib_a-fwrite.o)
                              CMakeFiles/mcu_adc.dir/src/main.c.o (fwrite)
/usr/lib/gcc/arm-none-eabi/12.2.1/../../../arm-none-eabi/lib/thumb/v6-m/nofp/libg.a(lib_a-impure.o)
                              /usr/lib/gcc/arm-none-eabi/12.2.1/../../../arm-none-eabi/lib/thumb/v6-m/nofp/libg.a(lib_a-fflush.o) (_global_impure_ptr)
/usr/lib/gcc/arm-none-eabi/12.2.1/../../../arm-none-eabi/lib/thumb/v6-m/nofp/libg.a(lib_a-init.o)
                              /usr/lib/gcc/arm-none-eabi/12.2.1/../../../arm-none-eabi/lib/thumb/v6-m/nofp/crt0.o (__libc_init_array)
/usr/lib/gcc/arm-none-eabi/12.2.1/../../../arm-none-eabi/lib/thumb/v6-m/nofp/libg.a(lib_a-lcltime_r.o)
                              CMakeFiles/mcu_adc.dir/root/pico/pico-sdk/src/common/pico_util/datetime.c.o (localtime_r)
/usr/lib/gcc/arm-none-eabi/12.2.1/../../../arm-none-eabi/lib/thumb/v6-m/nofp/libg.a(lib_a-malloc.o)
                              CMakeFiles/mcu_adc.dir/root/pico/pico-sdk/src/rp2_common/pico_malloc/malloc.c.o (malloc)
/usr/lib/gcc/arm-none-eabi/12.2.1/../../../arm-none-eabi/lib/thumb/v6-m/nofp/libg.a(lib_a-mallocr.o)
                              /usr/lib/gcc/arm-none-eabi/12.2.1/../../../arm-none-eabi/lib/thumb/v6-m/nofp/libg.a(lib_a-callocr.o) (_malloc_r)
/usr/lib/gcc/arm-none-eabi/12.2.1/../../../arm-none-eabi/lib/thumb/v6-m/nofp/libg.a(lib_a-memcmp.o)
                              CMakeFiles/mcu_adc.dir/root/pico/pico-sdk/src/rp2_common/pico_atomic/atomic.c.o (memcmp)
/usr/lib/gcc/arm-none-eabi/12.2.1/../../../arm-none-eabi/lib/thumb/v6-m/nofp/libg.a(lib_a-mktime.o)
                              CMakeFiles/mcu_adc.dir/root/pico/pico-sdk/src/common/pico_util/datetime.c.o (mktime)
/usr/lib/gcc/arm-none-eabi/12.2.1/../../../arm-none-eabi/lib/thumb/v6-m/nofp/libg.a(lib_a-mlock.o)
                              /usr/lib/gcc/arm-none-eabi/12.2.1/../../../arm-none-eabi/lib/thumb/v6-m/nofp/libg.a(lib_a-freer.o) (__malloc_lock)
/usr/lib/gcc/arm-none-eabi/12.2.1/../../../arm-none-eabi/lib/thumb/v6-m/nofp/libg.a(lib_a-month_lengths.o)
                              /usr/lib/gcc/arm-none-eabi/12.2.1/../../../arm-none-eabi/lib/thumb/v6-m/nofp/libg.a(lib_a-lcltime_r.o) (__month_lengths)
/usr/lib/gcc/arm-none-eabi/12.2.1/../../../arm-none-eabi/lib/thumb/v6-m/nofp/libg.a(lib_a-realloc.o)
                              CMakeFiles/mcu_adc.dir/root/pico/pico-sdk/src/rp2_common/pico_malloc/malloc.c.o (realloc)
/usr/lib/gcc/arm-none-eabi/12.2.1/../../../arm-none-eabi/lib/thumb/v6-m/nofp/libg.a(lib_a-reallocr.o)
                              /usr/lib/gcc/arm-none-eabi/12.2.1/../../../arm-none-eabi/lib/thumb/v6-m/nofp/libg.a(lib_a-realloc.o) (_realloc_r)
/usr/lib/gcc/arm-none-eabi/12.2.1/../../../arm-none-eabi/lib/thumb/v6-m/nofp/libg.a(lib_a-sbrkr.o)
[...]
Memory Configuration

Name             Origin             Length             Attributes
FLASH            0x10000000         0x00200000         xr
RAM              0x20000000         0x00040000         xrw
SCRATCH_X        0x20040000         0x00001000         xrw
SCRATCH_Y        0x20041000         0x00001000         xrw
*default*        0x00000000         0xffffffff

Linker script and memory map

LOAD /usr/lib/gcc/arm-none-eabi/12.2.1/thumb/v6-m/nofp/crti.o
LOAD /usr/lib/gcc/arm-none-eabi/12.2.1/thumb/v6-m/nofp/crtbegin.o
LOAD /usr/lib/gcc/arm-none-eabi/12.2.1/../../../arm-none-eabi/lib/thumb/v6-m/nofp/crt0.o

.flash_begin    0x10000000        0x0
                0x10000000                __flash_binary_start = .

.boot2          0x10000000      0x100
                0x10000000                __boot2_start__ = .
 *(.boot2)
 .boot2         0x10000000      0x100 pico-sdk/src/rp2040/boot_stage2/CMakeFiles/bs2_default_library.dir/bs2_default_padded_checksummed.S.o
                0x10000100                __boot2_end__ = .
                0x00000001                ASSERT (((__boot2_end__ - __boot2_start__) == 0x100), ERROR: Pico second stage bootloader must be 256 bytes in size)

.text           0x10000100     0x68ac
                0x10000100                __logical_binary_start = .
 *(.vectors)
 .vectors       0x10000100       0xd4 CMakeFiles/mcu_adc.dir/root/pico/pico-sdk/src/rp2_common/pico_crt0/crt0.S.o
                0x10000100                __vectors
                0x10000100                __VECTOR_TABLE
                0x100001c0                isr_irq30
                0x100001c0                __unhandled_user_irq
                0x100001c0                isr_irq13
                0x100001c0                isr_irq27
                0x100001c0                isr_irq31
                0x100001c0                isr_irq5
                0x100001c0                isr_irq11
                0x100001c0                isr_irq23
                0x100001c0                isr_irq18
                0x100001c0                isr_irq28
                0x100001c0                isr_irq19
                0x100001c0                isr_irq0
                0x100001c0                isr_irq6
                0x100001c0                isr_irq22
                0x100001c0                isr_irq17
                0x100001c0                isr_irq14
                0x100001c0                __vectors_end
                0x100001c0                __default_isrs_start
                0x100001c0                isr_irq2
                0x100001c0                isr_irq10
                0x100001c0                isr_irq8
                0x100001c0                isr_irq24
                0x100001c0                isr_irq1
                0x100001c0                isr_irq7
                0x100001c0                isr_irq21
                0x100001c0                isr_irq20
                0x100001c0                isr_irq15
                0x100001c0                isr_irq25
                0x100001c0                isr_irq4
                0x100001c0                isr_irq16
                0x100001c0                isr_irq29
                0x100001c0                isr_irq26
                0x100001c0                isr_irq3
                0x100001c0                isr_irq12
                0x100001c0                isr_irq9
                0x100001c6                unhandled_user_irq_num_in_r0
                0x100001c8                isr_invalid
                0x100001ca                isr_nmi
                0x100001cc                isr_hardfault
                0x100001ce                isr_svcall
                0x100001d0                isr_pendsv
                0x100001d2                isr_systick
                0x100001d4                __default_isrs_end
 *(.binary_info_header)
 .binary_info_header
                0x100001d4       0x14 CMakeFiles/mcu_adc.dir/root/pico/pico-sdk/src/rp2_common/pico_crt0/crt0.S.o
                0x100001e8                __binary_info_header_end = .
 *(.embedded_block)
                0x100001e8                __embedded_block_end = .
 *(.reset)
 .reset         0x100001e8       0x9c CMakeFiles/mcu_adc.dir/root/pico/pico-sdk/src/rp2_common/pico_crt0/crt0.S.o
                0x100001e8                _entry_point
 *(.init)
 .init          0x10000284        0x4 /usr/lib/gcc/arm-none-eabi/12.2.1/thumb/v6-m/nofp/crti.o
                0x10000284                _init
 *(EXCLUDE_FILE(*libm.a: *libc.a:*lib_a-mem*.o *libgcc.a:) .text*)
 .text          0x10000288       0x98 /usr/lib/gcc/arm-none-eabi/12.2.1/thumb/v6-m/nofp/crtbegin.o
 .text.sampler_core
                0x10000320      0x178 CMakeFiles/mcu_adc.dir/src/main.c.o
 .text.startup.main
                0x10000498      0x2ec CMakeFiles/mcu_adc.dir/src/main.c.o
                0x10000498                main
 .text.gpio_set_function
                0x10000784       0x34 CMakeFiles/mcu_adc.dir/root/pico/pico-sdk/src/rp2_common/hardware_gpio/gpio.c.o
                0x10000784                gpio_set_function
 .text.gpio_init
                0x100007b8       0x40 CMakeFiles/mcu_adc.dir/root/pico/pico-sdk/src/rp2_common/hardware_gpio/gpio.c.o
                0x100007b8                gpio_init
 .text.rp2040_chip_version
                0x100007f8        0xc CMakeFiles/mcu_adc.dir/root/pico/pico-sdk/src/rp2040/pico_platform/platform.c.o
                0x100007f8                rp2040_chip_version
 .text.panic    0x10000804       0x30 CMakeFiles/mcu_adc.dir/root/pico/pico-sdk/src/rp2_common/pico_platform_panic/panic.c.o
                0x10000804                panic
 .text.hw_claim_or_assert
                0x10000834       0x44 CMakeFiles/mcu_adc.dir/root/pico/pico-sdk/src/common/hardware_claim/claim.c.o
                0x10000834                hw_claim_or_assert
 .text.hw_claim_unused_from_range
                0x10000878       0x9c CMakeFiles/mcu_adc.dir/root/pico/pico-sdk/src/common/hardware_claim/claim.c.o
                0x10000878                hw_claim_unused_from_range
 .text.next_striped_spin_lock_num
                0x10000914       0x18 CMakeFiles/mcu_adc.dir/root/pico/pico-sdk/src/rp2_common/hardware_sync/sync.c.o
                0x10000914                next_striped_spin_lock_num
 .text.spin_lock_claim_unused
                0x1000092c       0x24 CMakeFiles/mcu_adc.dir/root/pico/pico-sdk/src/rp2_common/hardware_sync/sync.c.o
                0x1000092c                spin_lock_claim_unused
 .text.spin_locks_reset
                0x10000950       0x1c CMakeFiles/mcu_adc.dir/root/pico/pico-sdk/src/rp2_common/hardware_sync_spin_lock/sync_spin_lock.c.o
                0x10000950                spin_locks_reset
 .text.runtime_init_per_core_irq_priorities
                0x1000096c       0x24 CMakeFiles/mcu_adc.dir/root/pico/pico-sdk/src/rp2_common/hardware_irq/irq.c.o
                0x1000096c                runtime_init_per_core_irq_priorities
 .text.irq_set_enabled
                0x10000990       0x24 CMakeFiles/mcu_adc.dir/root/pico/pico-sdk/src/rp2_common/hardware_irq/irq.c.o
                0x10000990                irq_set_enabled
 .text.irq_is_enabled
                0x100009b4       0x18 CMakeFiles/mcu_adc.dir/root/pico/pico-sdk/src/rp2_common/hardware_irq/irq.c.o
                0x100009b4                irq_is_enabled
 .text.irq_set_pending
                0x100009cc       0x10 CMakeFiles/mcu_adc.dir/root/pico/pico-sdk/src/rp2_common/hardware_irq/irq.c.o
                0x100009cc                irq_set_pending
 .text.irq_has_shared_handler
                0x100009dc       0x24 CMakeFiles/mcu_adc.dir/root/pico/pico-sdk/src/rp2_common/hardware_irq/irq.c.o
                0x100009dc                irq_has_shared_handler
 .text.irq_set_exclusive_handler
                0x10000a00       0x54 CMakeFiles/mcu_adc.dir/root/pico/pico-sdk/src/rp2_common/hardware_irq/irq.c.o
                0x10000a00                irq_set_exclusive_handler
 .text.irq_add_shared_handler
                0x10000a54      0x1f4 CMakeFiles/mcu_adc.dir/root/pico/pico-sdk/src/rp2_common/hardware_irq/irq.c.o
                0x10000a54                irq_add_shared_handler
 .text.irq_add_tail_to_free_list
                0x10000c48       0xb4 CMakeFiles/mcu_adc.dir/root/pico/pico-sdk/src/rp2_common/hardware_irq/irq.c.o
                0x10000c48                irq_add_tail_to_free_list
 .text.user_irq_claim_unused
                0x10000cfc       0x2c CMakeFiles/mcu_adc.dir/root/pico/pico-sdk/src/rp2_common/hardware_irq/irq.c.o
                0x10000cfc                user_irq_claim_unused
 .text.lock_init
                0x10000d28       0x10 CMakeFiles/mcu_adc.dir/root/pico/pico-sdk/src/common/pico_sync/lock_core.c.o
                0x10000d28                lock_init
 .text.runtime_init_mutex
                0x10000d38       0x58 CMakeFiles/mcu_adc.dir/root/pico/pico-sdk/src/common/pico_sync/mutex.c.o
                0x10000d38                runtime_init_mutex
 .text.mutex_init
                0x10000d90       0x1c CMakeFiles/mcu_adc.dir/root/pico/pico-sdk/src/common/pico_sync/mutex.c.o
                0x10000d90                mutex_init
 .text.critical_section_init
                0x10000dac       0x1c CMakeFiles/mcu_adc.dir/root/pico/pico-sdk/src/common/pico_sync/critical_section.c.o
                0x10000dac                critical_section_init
 .text.critical_section_init_with_lock_num
                0x10000dc8       0x14 CMakeFiles/mcu_adc.dir/root/pico/pico-sdk/src/common/pico_sync/critical_section.c.o
                0x10000dc8                critical_section_init_with_lock_num
 .text.sleep_until_callback
                0x10000ddc       0x30 CMakeFiles/mcu_adc.dir/root/pico/pico-sdk/src/common/pico_time/time.c.o
 .text.alarm_pool_irq_handler
                0x10000e0c      0x300 CMakeFiles/mcu_adc.dir/root/pico/pico-sdk/src/common/pico_time/time.c.o
 .text.runtime_init_default_alarm_pool
                0x1000110c       0xdc CMakeFiles/mcu_adc.dir/root/pico/pico-sdk/src/common/pico_time/time.c.o
                0x1000110c                runtime_init_default_alarm_pool
 .text.alarm_pool_get_default
                0x100011e8        0x8 CMakeFiles/mcu_adc.dir/root/pico/pico-sdk/src/common/pico_time/time.c.o
                0x100011e8                alarm_pool_get_default
 .text.alarm_pool_add_alarm_at
                0x100011f0       0xd4 CMakeFiles/mcu_adc.dir/root/pico/pico-sdk/src/common/pico_time/time.c.o
                0x100011f0                alarm_pool_add_alarm_at
 .text.alarm_pool_add_alarm_at_force_in_context
                0x100012c4       0xb0 CMakeFiles/mcu_adc.dir/root/pico/pico-sdk/src/common/pico_time/time.c.o
                0x100012c4                alarm_pool_add_alarm_at_force_in_context
 .text.alarm_pool_cancel_alarm
                0x10001374       0x74 CMakeFiles/mcu_adc.dir/root/pico/pico-sdk/src/common/pico_time/time.c.o
                0x10001374                alarm_pool_cancel_alarm
 .text.alarm_pool_core_num
                0x100013e8        0x4 CMakeFiles/mcu_adc.dir/root/pico/pico-sdk/src/common/pico_time/time.c.o
                0x100013e8                alarm_pool_core_num
 .text.sleep_until
                0x100013ec       0xd8 CMakeFiles/mcu_adc.dir/root/pico/pico-sdk/src/common/pico_time/time.c.o
                0x100013ec                sleep_until
 .text.sleep_us
                0x100014c4       0x28 CMakeFiles/mcu_adc.dir/root/pico/pico-sdk/src/common/pico_time/time.c.o
                0x100014c4                sleep_us
 .text.sleep_ms
                0x100014ec       0x38 CMakeFiles/mcu_adc.dir/root/pico/pico-sdk/src/common/pico_time/time.c.o
                0x100014ec                sleep_ms
 .text.best_effort_wfe_or_timeout
                0x10001524       0xfc CMakeFiles/mcu_adc.dir/root/pico/pico-sdk/src/common/pico_time/time.c.o
                0x10001524                best_effort_wfe_or_timeout
 .text.timer_hardware_alarm_claim
                0x10001620       0x14 CMakeFiles/mcu_adc.dir/root/pico/pico-sdk/src/rp2_common/hardware_timer/timer.c.o
                0x10001620                timer_hardware_alarm_claim
 .text.timer_time_us_64
                0x10001634       0x10 CMakeFiles/mcu_adc.dir/root/pico/pico-sdk/src/rp2_common/hardware_timer/timer.c.o
                0x10001634                timer_time_us_64
 .text.time_us_64
                0x10001644       0x14 CMakeFiles/mcu_adc.dir/root/pico/pico-sdk/src/rp2_common/hardware_timer/timer.c.o
                0x10001644                time_us_64
 .text.busy_wait_us
                0x10001658       0x68 CMakeFiles/mcu_adc.dir/root/pico/pico-sdk/src/rp2_common/hardware_timer/timer.c.o
                0x10001658                busy_wait_us
 .text.busy_wait_until
                0x100016c0       0x20 CMakeFiles/mcu_adc.dir/root/pico/pico-sdk/src/rp2_common/hardware_timer/timer.c.o
                0x100016c0                busy_wait_until
 .text.clock_configure_int_divider
                0x100016e0       0xf4 CMakeFiles/mcu_adc.dir/root/pico/pico-sdk/src/rp2_common/hardware_clocks/clocks.c.o
                0x100016e0                clock_configure_int_divider
 .text.clock_configure_undivided
                0x100017d4       0xe8 CMakeFiles/mcu_adc.dir/root/pico/pico-sdk/src/rp2_common/hardware_clocks/clocks.c.o
                0x100017d4                clock_configure_undivided
 .text.clock_get_hz
                0x100018bc        0xc CMakeFiles/mcu_adc.dir/root/pico/pico-sdk/src/rp2_common/hardware_clocks/clocks.c.o
                0x100018bc                clock_get_hz
 .text.pll_init
                0x100018c8       0xa0 CMakeFiles/mcu_adc.dir/root/pico/pico-sdk/src/rp2_common/hardware_pll/pll.c.o
                0x100018c8                pll_init
 .text.watchdog_reboot
                0x10001968       0x9c CMakeFiles/mcu_adc.dir/root/pico/pico-sdk/src/rp2_common/hardware_watchdog/watchdog.c.o
                0x10001968                watchdog_reboot
 .text.tick_start
                0x10001a04       0x10 CMakeFiles/mcu_adc.dir/root/pico/pico-sdk/src/rp2_common/hardware_ticks/ticks.c.o
                0x10001a04                tick_start
 .text.rom_func_lookup
                0x10001a14       0x10 CMakeFiles/mcu_adc.dir/root/pico/pico-sdk/src/rp2_common/pico_bootrom/bootrom.c.o
                0x10001a14                rom_func_lookup
 .text.rom_data_lookup
                0x10001a24       0x10 CMakeFiles/mcu_adc.dir/root/pico/pico-sdk/src/rp2_common/pico_bootrom/bootrom.c.o
                0x10001a24                rom_data_lookup
 .text.rom_funcs_lookup
                0x10001a34       0x44 CMakeFiles/mcu_adc.dir/root/pico/pico-sdk/src/rp2_common/pico_bootrom/bootrom.c.o
                0x10001a34                rom_funcs_lookup
 .text.rom_reset_usb_boot_extra
                0x10001a78       0x28 CMakeFiles/mcu_adc.dir/root/pico/pico-sdk/src/rp2_common/pico_bootrom/bootrom.c.o
                0x10001a78                rom_reset_usb_boot_extra
 .text.xosc_init
                0x10001aa0       0x28 CMakeFiles/mcu_adc.dir/root/pico/pico-sdk/src/rp2_common/hardware_xosc/xosc.c.o
                0x10001aa0                xosc_init
 .text.first_per_core_initializer
                0x10001ac8        0x4 CMakeFiles/mcu_adc.dir/root/pico/pico-sdk/src/rp2_common/pico_runtime/runtime.c.o
 .text.hard_assertion_failure
                0x10001acc        0xc CMakeFiles/mcu_adc.dir/root/pico/pico-sdk/src/rp2_common/pico_runtime/runtime.c.o
                0x10001acc                hard_assertion_failure
 .text.runtime_run_initializers
                0x10001ad8       0x28 CMakeFiles/mcu_adc.dir/root/pico/pico-sdk/src/rp2_common/pico_runtime/runtime.c.o
                0x10001ad8                runtime_run_initializers
 .text.runtime_run_per_core_initializers
                0x10001b00       0x28 CMakeFiles/mcu_adc.dir/root/pico/pico-sdk/src/rp2_common/pico_runtime/runtime.c.o
                0x10001b00                runtime_run_per_core_initializers
 .text.runtime_init_early_resets
                0x10001b28       0x2c CMakeFiles/mcu_adc.dir/root/pico/pico-sdk/src/rp2_common/pico_runtime_init/runtime_init.c.o
                0x10001b28                runtime_init_early_resets
 .text.runtime_init_usb_power_down
                0x10001b54       0x1c CMakeFiles/mcu_adc.dir/root/pico/pico-sdk/src/rp2_common/pico_runtime_init/runtime_init.c.o
                0x10001b54                runtime_init_usb_power_down
 .text.runtime_init_post_clock_resets
                0x10001b70       0x20 CMakeFiles/mcu_adc.dir/root/pico/pico-sdk/src/rp2_common/pico_runtime_init/runtime_init.c.o
                0x10001b70                runtime_init_post_clock_resets
 .text.runtime_init_rp2040_gpio_ie_disable
                0x10001b90       0x14 CMakeFiles/mcu_adc.dir/root/pico/pico-sdk/src/rp2_common/pico_runtime_init/runtime_init.c.o
                0x10001b90                runtime_init_rp2040_gpio_ie_disable
 .text.runtime_init_spin_locks_reset
                0x10001ba4        0x8 CMakeFiles/mcu_adc.dir/root/pico/pico-sdk/src/rp2_common/pico_runtime_init/runtime_init.c.o
                0x10001ba4                runtime_init_spin_locks_reset
 .text.runtime_init_install_ram_vector_table
                0x10001bac       0xc4 CMakeFiles/mcu_adc.dir/root/pico/pico-sdk/src/rp2_common/pico_runtime_init/runtime_init.c.o
                0x10001bac                runtime_init_install_ram_vector_table
 .text.runtime_init_clocks
                0x10001c70       0xd8 CMakeFiles/mcu_adc.dir/root/pico/pico-sdk/src/rp2_common/pico_runtime_init/runtime_init_clocks.c.o
                0x10001c70                runtime_init_clocks
 .text          0x10001d48       0x10 CMakeFiles/mcu_adc.dir/root/pico/pico-sdk/src/rp2_common/pico_bit_ops/bit_ops_aeabi.S.o
 .text.__wrap___aeabi_idiv
                0x10001d58       0x50 CMakeFiles/mcu_adc.dir/root/pico/pico-sdk/src/rp2_common/pico_divider/divider_hardware.S.o
                0x10001d58                __wrap___aeabi_idivmod
                0x10001d58                divmod_s32s32
                0x10001d58                div_s32s32
                0x10001d58                __wrap___aeabi_idiv
                0x10001d60                divmod_s32s32_unsafe
                0x10001d8c                divmod_s32s32_savestate
 .text.__wrap___aeabi_uidiv
                0x10001da8       0x4c CMakeFiles/mcu_adc.dir/root/pico/pico-sdk/src/rp2_common/pico_divider/divider_hardware.S.o
                0x10001da8                __wrap___aeabi_uidiv
                0x10001da8                __wrap___aeabi_uidivmod
                0x10001da8                div_u32u32
                0x10001da8                divmod_u32u32
                0x10001db0                divmod_u32u32_unsafe
                0x10001dd8                divmod_u32u32_savestate
 .text.__aeabi_double_init
                0x10001df4       0xa4 CMakeFiles/mcu_adc.dir/root/pico/pico-sdk/src/rp2_common/pico_double/double_init_rom_rp2040.c.o
                0x10001df4                __aeabi_double_init
 .text.double_table_shim_on_use_helper
                0x10001e98       0x2c CMakeFiles/mcu_adc.dir/root/pico/pico-sdk/src/rp2_common/pico_double/double_v1_rom_shim_rp2040.S.o
                0x10001e98                double_table_shim_on_use_helper
 .text.__aeabi_lmul
                0x10001ec4       0x32 CMakeFiles/mcu_adc.dir/root/pico/pico-sdk/src/rp2_common/pico_int64_ops/pico_int64_ops_aeabi.S.o
                0x10001ec4                __wrap___aeabi_lmul
 *fill*         0x10001ef6        0x2 
 .text.__aeabi_float_init
                0x10001ef8       0x64 CMakeFiles/mcu_adc.dir/root/pico/pico-sdk/src/rp2_common/pico_float/float_init_rom_rp2040.c.o
                0x10001ef8                __aeabi_float_init
 .text.float_table_shim_on_use_helper
                0x10001f5c       0x2c CMakeFiles/mcu_adc.dir/root/pico/pico-sdk/src/rp2_common/pico_float/float_v1_rom_shim_rp2040.S.o
                0x10001f5c                float_table_shim_on_use_helper
 .text          0x10001f88       0x10 CMakeFiles/mcu_adc.dir/root/pico/pico-sdk/src/rp2_common/pico_mem_ops/mem_ops_aeabi.S.o
                0x10001f88                __aeabi_mem_init
 .text.memset   0x10001f98        0xc CMakeFiles/mcu_adc.dir/root/pico/pico-sdk/src/rp2_common/pico_mem_ops/mem_ops_aeabi.S.o
                0x10001f98                __wrap_memset
 .text.memcpy   0x10001fa4        0xc CMakeFiles/mcu_adc.dir/root/pico/pico-sdk/src/rp2_common/pico_mem_ops/mem_ops_aeabi.S.o
                0x10001fa4                __wrap___aeabi_memcpy
                0x10001fa4                __wrap_memcpy
 .text._out_char
                0x10001fb0       0x10 CMakeFiles/mcu_adc.dir/root/pico/pico-sdk/src/rp2_common/pico_printf/printf.c.o
 .text.weak_raw_vprintf
                0x10001fc0       0x30 CMakeFiles/mcu_adc.dir/root/pico/pico-sdk/src/rp2_common/pico_printf/printf.c.o
                0x10001fc0                weak_raw_vprintf
 .text._exit    0x10001ff0        0x4 CMakeFiles/mcu_adc.dir/root/pico/pico-sdk/src/rp2_common/pico_clib_interface/newlib_interface.c.o
                0x10001ff0                _exit
 .text._sbrk    0x10001ff4       0x34 CMakeFiles/mcu_adc.dir/root/pico/pico-sdk/src/rp2_common/pico_clib_interface/newlib_interface.c.o
                0x10001ff4                _sbrk
 .text._read    0x10002028       0x24 CMakeFiles/mcu_adc.dir/root/pico/pico-sdk/src/rp2_common/pico_clib_interface/newlib_interface.c.o
                0x10002028                _read
 .text._write   0x1000204c       0x24 CMakeFiles/mcu_adc.dir/root/pico/pico-sdk/src/rp2_common/pico_clib_interface/newlib_interface.c.o
                0x1000204c                _write
 .text._close   0x10002070        0x8 CMakeFiles/mcu_adc.dir/root/pico/pico-sdk/src/rp2_common/pico_clib_interface/newlib_interface.c.o
                0x10002070                _close
 .text._lseek   0x10002078        0x8 CMakeFiles/mcu_adc.dir/root/pico/pico-sdk/src/rp2_common/pico_clib_interface/newlib_interface.c.o
                0x10002078                _lseek
 .text._fstat   0x10002080        0x8 CMakeFiles/mcu_adc.dir/root/pico/pico-sdk/src/rp2_common/pico_clib_interface/newlib_interface.c.o
                0x10002080                _fstat
 .text._isatty  0x10002088        0xc CMakeFiles/mcu_adc.dir/root/pico/pico-sdk/src/rp2_common/pico_clib_interface/newlib_interface.c.o
                0x10002088                _isatty
 .text.exit     0x10002094        0x8 CMakeFiles/mcu_adc.dir/root/pico/pico-sdk/src/rp2_common/pico_clib_interface/newlib_interface.c.o
                0x10002094                exit
 .text.runtime_init
                0x1000209c       0x2c CMakeFiles/mcu_adc.dir/root/pico/pico-sdk/src/rp2_common/pico_clib_interface/newlib_interface.c.o
                0x1000209c                runtime_init
 .text.stdio_out_chars_no_crlf
                0x100020c8       0x10 CMakeFiles/mcu_adc.dir/root/pico/pico-sdk/src/rp2_common/pico_stdio/stdio.c.o
 .text.stdio_out_chars_crlf
                0x100020d8       0xbc CMakeFiles/mcu_adc.dir/root/pico/pico-sdk/src/rp2_common/pico_stdio/stdio.c.o
 .text.stdio_put_string
                0x10002194      0x100 CMakeFiles/mcu_adc.dir/root/pico/pico-sdk/src/rp2_common/pico_stdio/stdio.c.o
                0x10002194                stdio_put_string
 .text.stdio_get_until
                0x10002294       0x84 CMakeFiles/mcu_adc.dir/root/pico/pico-sdk/src/rp2_common/pico_stdio/stdio.c.o
                0x10002294                stdio_get_until
 .text.stdio_set_driver_enabled
                0x10002318       0x30 CMakeFiles/mcu_adc.dir/root/pico/pico-sdk/src/rp2_common/pico_stdio/stdio.c.o
                0x10002318                stdio_set_driver_enabled
 .text.stdio_init_all
                0x10002348        0x8 CMakeFiles/mcu_adc.dir/root/pico/pico-sdk/src/rp2_common/pico_stdio/stdio.c.o
                0x10002348                stdio_init_all
 .text.stdio_getchar_timeout_us
                0x10002350       0x98 CMakeFiles/mcu_adc.dir/root/pico/pico-sdk/src/rp2_common/pico_stdio/stdio.c.o
                0x10002350                stdio_getchar_timeout_us
 .text.stdio_set_translate_crlf
                0x100023e8       0x10 CMakeFiles/mcu_adc.dir/root/pico/pico-sdk/src/rp2_common/pico_stdio/stdio.c.o
                0x100023e8                stdio_set_translate_crlf
 .text.__wrap_putchar
                0x100023f8       0x98 CMakeFiles/mcu_adc.dir/root/pico/pico-sdk/src/rp2_common/pico_stdio/stdio.c.o
                0x100023f8                stdio_putchar
                0x100023f8                __wrap_putchar
 .text.__wrap_puts
                0x10002490       0x3c CMakeFiles/mcu_adc.dir/root/pico/pico-sdk/src/rp2_common/pico_stdio/stdio.c.o
                0x10002490                __wrap_puts
                0x10002490                stdio_puts
 .text.resetd_init
                0x100024cc        0x4 CMakeFiles/mcu_adc.dir/root/pico/pico-sdk/src/rp2_common/pico_stdio_usb/reset_interface.c.o
 .text.resetd_reset
                0x100024d0        0xc CMakeFiles/mcu_adc.dir/root/pico/pico-sdk/src/rp2_common/pico_stdio_usb/reset_interface.c.o
 .text.resetd_open
                0x100024dc       0x28 CMakeFiles/mcu_adc.dir/root/pico/pico-sdk/src/rp2_common/pico_stdio_usb/reset_interface.c.o
 .text.resetd_xfer_cb
                0x10002504        0x4 CMakeFiles/mcu_adc.dir/root/pico/pico-sdk/src/rp2_common/pico_stdio_usb/reset_interface.c.o
 .text.resetd_control_xfer_cb
                0x10002508       0x5c CMakeFiles/mcu_adc.dir/root/pico/pico-sdk/src/rp2_common/pico_stdio_usb/reset_interface.c.o
 .text.tud_descriptor_bos_cb
                0x10002564        0x8 CMakeFiles/mcu_adc.dir/root/pico/pico-sdk/src/rp2_common/pico_stdio_usb/reset_interface.c.o
                0x10002564                tud_descriptor_bos_cb
 .text.tud_vendor_control_xfer_cb
                0x1000256c       0x34 CMakeFiles/mcu_adc.dir/root/pico/pico-sdk/src/rp2_common/pico_stdio_usb/reset_interface.c.o
                0x1000256c                tud_vendor_control_xfer_cb
 .text.usbd_app_driver_get_cb
                0x100025a0        0xc CMakeFiles/mcu_adc.dir/root/pico/pico-sdk/src/rp2_common/pico_stdio_usb/reset_interface.c.o
                0x100025a0                usbd_app_driver_get_cb
 .text.tud_cdc_line_coding_cb
                0x100025ac       0x2c CMakeFiles/mcu_adc.dir/root/pico/pico-sdk/src/rp2_common/pico_stdio_usb/reset_interface.c.o
                0x100025ac                tud_cdc_line_coding_cb
 .text.stdio_usb_set_chars_available_callback
                0x100025d8       0x14 CMakeFiles/mcu_adc.dir/root/pico/pico-sdk/src/rp2_common/pico_stdio_usb/stdio_usb.c.o
                0x100025d8                stdio_usb_set_chars_available_callback
 .text.usb_irq  0x100025ec       0x10 CMakeFiles/mcu_adc.dir/root/pico/pico-sdk/src/rp2_common/pico_stdio_usb/stdio_usb.c.o
 .text.timer_task
                0x100025fc       0x64 CMakeFiles/mcu_adc.dir/root/pico/pico-sdk/src/rp2_common/pico_stdio_usb/stdio_usb.c.o
 .text.stdio_usb_in_chars
                0x10002660       0x90 CMakeFiles/mcu_adc.dir/root/pico/pico-sdk/src/rp2_common/pico_stdio_usb/stdio_usb.c.o
                0x10002660                stdio_usb_in_chars
 .text.stdio_usb_out_flush
                0x100026f0       0x50 CMakeFiles/mcu_adc.dir/root/pico/pico-sdk/src/rp2_common/pico_stdio_usb/stdio_usb.c.o
 .text.stdio_usb_out_chars
                0x10002740      0x104 CMakeFiles/mcu_adc.dir/root/pico/pico-sdk/src/rp2_common/pico_stdio_usb/stdio_usb.c.o
 .text.low_priority_worker_irq
                0x10002844       0xcc CMakeFiles/mcu_adc.dir/root/pico/pico-sdk/src/rp2_common/pico_stdio_usb/stdio_usb.c.o
 .text.stdio_usb_init
                0x10002910       0xec CMakeFiles/mcu_adc.dir/root/pico/pico-sdk/src/rp2_common/pico_stdio_usb/stdio_usb.c.o
                0x10002910                stdio_usb_init
 .text.tud_descriptor_device_cb
                0x100029fc        0x8 CMakeFiles/mcu_adc.dir/root/pico/pico-sdk/src/rp2_common/pico_stdio_usb/stdio_usb_descriptors.c.o
                0x100029fc                tud_descriptor_device_cb
 .text.tud_descriptor_configuration_cb
                0x10002a04        0x8 CMakeFiles/mcu_adc.dir/root/pico/pico-sdk/src/rp2_common/pico_stdio_usb/stdio_usb_descriptors.c.o
                0x10002a04                tud_descriptor_configuration_cb
 .text.tud_descriptor_string_cb
                0x10002a0c       0x78 CMakeFiles/mcu_adc.dir/root/pico/pico-sdk/src/rp2_common/pico_stdio_usb/stdio_usb_descriptors.c.o
                0x10002a0c                tud_descriptor_string_cb
 .text.startup._retrieve_unique_id_on_boot
                0x10002a84       0x10 CMakeFiles/mcu_adc.dir/root/pico/pico-sdk/src/rp2_common/pico_unique_id/unique_id.c.o
 .text.pico_get_unique_board_id_string
                0x10002a94      0x1a8 CMakeFiles/mcu_adc.dir/root/pico/pico-sdk/src/rp2_common/pico_unique_id/unique_id.c.o
                0x10002a94                pico_get_unique_board_id_string
 .text.flash_get_unique_id
                0x10002c3c       0x40 CMakeFiles/mcu_adc.dir/root/pico/pico-sdk/src/rp2_common/hardware_flash/flash.c.o
                0x10002c3c                flash_get_unique_id
 .text.dcd_init
                0x10002c7c       0x90 CMakeFiles/mcu_adc.dir/root/pico/pico-sdk/lib/tinyusb/src/portable/raspberrypi/rp2040/dcd_rp2040.c.o
                0x10002c7c                dcd_init
 .text.dcd_int_enable
                0x10002d0c        0xc CMakeFiles/mcu_adc.dir/root/pico/pico-sdk/lib/tinyusb/src/portable/raspberrypi/rp2040/dcd_rp2040.c.o
                0x10002d0c                dcd_int_enable
 .text.dcd_set_address
                0x10002d18       0x14 CMakeFiles/mcu_adc.dir/root/pico/pico-sdk/lib/tinyusb/src/portable/raspberrypi/rp2040/dcd_rp2040.c.o
                0x10002d18                dcd_set_address
 .text.dcd_sof_enable
                0x10002d2c       0x1c CMakeFiles/mcu_adc.dir/root/pico/pico-sdk/lib/tinyusb/src/portable/raspberrypi/rp2040/dcd_rp2040.c.o
                0x10002d2c                dcd_sof_enable
 .text.dcd_edpt0_status_complete
                0x10002d48       0x1c CMakeFiles/mcu_adc.dir/root/pico/pico-sdk/lib/tinyusb/src/portable/raspberrypi/rp2040/dcd_rp2040.c.o
                0x10002d48                dcd_edpt0_status_complete
 .text.dcd_edpt_open
                0x10002d64      0x114 CMakeFiles/mcu_adc.dir/root/pico/pico-sdk/lib/tinyusb/src/portable/raspberrypi/rp2040/dcd_rp2040.c.o
                0x10002d64                dcd_edpt_open
 .text.dcd_edpt_close_all
                0x10002e78        0x8 CMakeFiles/mcu_adc.dir/root/pico/pico-sdk/lib/tinyusb/src/portable/raspberrypi/rp2040/dcd_rp2040.c.o
                0x10002e78                dcd_edpt_close_all
 .text.dcd_edpt_xfer
                0x10002e80       0x24 CMakeFiles/mcu_adc.dir/root/pico/pico-sdk/lib/tinyusb/src/portable/raspberrypi/rp2040/dcd_rp2040.c.o
                0x10002e80                dcd_edpt_xfer
 .text.dcd_edpt_stall
                0x10002ea4       0x38 CMakeFiles/mcu_adc.dir/root/pico/pico-sdk/lib/tinyusb/src/portable/raspberrypi/rp2040/dcd_rp2040.c.o
                0x10002ea4                dcd_edpt_stall
 .text.dcd_edpt_clear_stall
                0x10002edc       0x30 CMakeFiles/mcu_adc.dir/root/pico/pico-sdk/lib/tinyusb/src/portable/raspberrypi/rp2040/dcd_rp2040.c.o
                0x10002edc                dcd_edpt_clear_stall
 .text.rp2040_usb_init
                0x10002f0c       0x40 CMakeFiles/mcu_adc.dir/root/pico/pico-sdk/lib/tinyusb/src/portable/raspberrypi/rp2040/rp2040_usb.c.o
                0x10002f0c                rp2040_usb_init
 .text.hw_endpoint_xfer_start
                0x10002f4c       0x40 CMakeFiles/mcu_adc.dir/root/pico/pico-sdk/lib/tinyusb/src/portable/raspberrypi/rp2040/rp2040_usb.c.o
                0x10002f4c                hw_endpoint_xfer_start
 .text.tud_event_hook_cb
                0x10002f8c        0x4 CMakeFiles/mcu_adc.dir/root/pico/pico-sdk/lib/tinyusb/src/device/usbd.c.o
                0x10002f8c                tud_event_hook_cb
 .text.tud_sof_cb
                0x10002f90        0x4 CMakeFiles/mcu_adc.dir/root/pico/pico-sdk/lib/tinyusb/src/device/usbd.c.o
                0x10002f90                tud_sof_cb
 .text.tud_descriptor_device_qualifier_cb
                0x10002f94        0x4 CMakeFiles/mcu_adc.dir/root/pico/pico-sdk/lib/tinyusb/src/device/usbd.c.o
                0x10002f94                tud_descriptor_device_qualifier_cb
 .text.tud_descriptor_other_speed_configuration_cb
                0x10002f98        0x4 CMakeFiles/mcu_adc.dir/root/pico/pico-sdk/lib/tinyusb/src/device/usbd.c.o
                0x10002f98                tud_descriptor_other_speed_configuration_cb
 .text.tud_mount_cb
                0x10002f9c        0x4 CMakeFiles/mcu_adc.dir/root/pico/pico-sdk/lib/tinyusb/src/device/usbd.c.o
                0x10002f9c                tud_mount_cb
 .text.tud_umount_cb
                0x10002fa0        0x4 CMakeFiles/mcu_adc.dir/root/pico/pico-sdk/lib/tinyusb/src/device/usbd.c.o
                0x10002fa0                tud_umount_cb
 .text.tud_suspend_cb
                0x10002fa4        0x4 CMakeFiles/mcu_adc.dir/root/pico/pico-sdk/lib/tinyusb/src/device/usbd.c.o
                0x10002fa4                tud_suspend_cb
 .text.tud_resume_cb
                0x10002fa8        0x4 CMakeFiles/mcu_adc.dir/root/pico/pico-sdk/lib/tinyusb/src/device/usbd.c.o
                0x10002fa8                tud_resume_cb
 .text.tud_mounted
                0x10002fac       0x10 CMakeFiles/mcu_adc.dir/root/pico/pico-sdk/lib/tinyusb/src/device/usbd.c.o
                0x10002fac                tud_mounted
 .text.tud_suspended
                0x10002fbc       0x10 CMakeFiles/mcu_adc.dir/root/pico/pico-sdk/lib/tinyusb/src/device/usbd.c.o
                0x10002fbc                tud_suspended
 .text.tud_rhport_init
                0x10002fcc       0xfc CMakeFiles/mcu_adc.dir/root/pico/pico-sdk/lib/tinyusb/src/device/usbd.c.o
                0x10002fcc                tud_rhport_init
 .text.tud_task_ext
                0x100030c8      0x808 CMakeFiles/mcu_adc.dir/root/pico/pico-sdk/lib/tinyusb/src/device/usbd.c.o
                0x100030c8                tud_task_ext
 .text.usbd_open_edpt_pair
                0x100038d0       0x9c CMakeFiles/mcu_adc.dir/root/pico/pico-sdk/lib/tinyusb/src/device/usbd.c.o
                0x100038d0                usbd_open_edpt_pair
 .text.usbd_edpt_open
                0x1000396c       0x34 CMakeFiles/mcu_adc.dir/root/pico/pico-sdk/lib/tinyusb/src/device/usbd.c.o
                0x1000396c                usbd_edpt_open
 .text.usbd_edpt_claim
                0x100039a0       0x28 CMakeFiles/mcu_adc.dir/root/pico/pico-sdk/lib/tinyusb/src/device/usbd.c.o
                0x100039a0                usbd_edpt_claim
 .text.usbd_edpt_release
                0x100039c8       0x28 CMakeFiles/mcu_adc.dir/root/pico/pico-sdk/lib/tinyusb/src/device/usbd.c.o
                0x100039c8                usbd_edpt_release
 .text.usbd_edpt_xfer
                0x100039f0       0x4c CMakeFiles/mcu_adc.dir/root/pico/pico-sdk/lib/tinyusb/src/device/usbd.c.o
                0x100039f0                usbd_edpt_xfer
 .text.tud_control_status
                0x10003a3c       0x2c CMakeFiles/mcu_adc.dir/root/pico/pico-sdk/lib/tinyusb/src/device/usbd_control.c.o
                0x10003a3c                tud_control_status
 .text.tud_control_xfer
                0x10003a68       0xac CMakeFiles/mcu_adc.dir/root/pico/pico-sdk/lib/tinyusb/src/device/usbd_control.c.o
                0x10003a68                tud_control_xfer
 .text.usbd_control_reset
                0x10003b14       0x14 CMakeFiles/mcu_adc.dir/root/pico/pico-sdk/lib/tinyusb/src/device/usbd_control.c.o
                0x10003b14                usbd_control_reset
 .text.usbd_control_set_complete_callback
                0x10003b28        0xc CMakeFiles/mcu_adc.dir/root/pico/pico-sdk/lib/tinyusb/src/device/usbd_control.c.o
                0x10003b28                usbd_control_set_complete_callback
 .text.usbd_control_set_request
                0x10003b34       0x1c CMakeFiles/mcu_adc.dir/root/pico/pico-sdk/lib/tinyusb/src/device/usbd_control.c.o
                0x10003b34                usbd_control_set_request
 .text.usbd_control_xfer_cb
                0x10003b50       0xec CMakeFiles/mcu_adc.dir/root/pico/pico-sdk/lib/tinyusb/src/device/usbd_control.c.o
                0x10003b50                usbd_control_xfer_cb
 .text._prep_out_transaction.isra.0
                0x10003c3c       0x6c CMakeFiles/mcu_adc.dir/root/pico/pico-sdk/lib/tinyusb/src/class/cdc/cdc_device.c.o
 .text.tud_cdc_n_connected
                0x10003ca8       0x2c CMakeFiles/mcu_adc.dir/root/pico/pico-sdk/lib/tinyusb/src/class/cdc/cdc_device.c.o
                0x10003ca8                tud_cdc_n_connected
 .text.tud_cdc_n_available
                0x10003cd4       0x14 CMakeFiles/mcu_adc.dir/root/pico/pico-sdk/lib/tinyusb/src/class/cdc/cdc_device.c.o
                0x10003cd4                tud_cdc_n_available
 .text.tud_cdc_n_read
                0x10003ce8       0x94 CMakeFiles/mcu_adc.dir/root/pico/pico-sdk/lib/tinyusb/src/class/cdc/cdc_device.c.o
                0x10003ce8                tud_cdc_n_read
 .text.tud_cdc_n_write_flush
                0x10003d7c       0x74 CMakeFiles/mcu_adc.dir/root/pico/pico-sdk/lib/tinyusb/src/class/cdc/cdc_device.c.o
                0x10003d7c                tud_cdc_n_write_flush
 .text.tud_cdc_n_write
                0x10003df0       0x40 CMakeFiles/mcu_adc.dir/root/pico/pico-sdk/lib/tinyusb/src/class/cdc/cdc_device.c.o
                0x10003df0                tud_cdc_n_write
 .text.tud_cdc_n_write_available
                0x10003e30       0x14 CMakeFiles/mcu_adc.dir/root/pico/pico-sdk/lib/tinyusb/src/class/cdc/cdc_device.c.o
                0x10003e30                tud_cdc_n_write_available
 .text.cdcd_init
                0x10003e44       0x70 CMakeFiles/mcu_adc.dir/root/pico/pico-sdk/lib/tinyusb/src/class/cdc/cdc_device.c.o
                0x10003e44                cdcd_init
 .text.cdcd_deinit
                0x10003eb4       0x30 CMakeFiles/mcu_adc.dir/root/pico/pico-sdk/lib/tinyusb/src/class/cdc/cdc_device.c.o
                0x10003eb4                cdcd_deinit
 .text.cdcd_reset
                0x10003ee4       0x4c CMakeFiles/mcu_adc.dir/root/pico/pico-sdk/lib/tinyusb/src/class/cdc/cdc_device.c.o
                0x10003ee4                cdcd_reset
 .text.cdcd_open
                0x10003f30       0xa8 CMakeFiles/mcu_adc.dir/root/pico/pico-sdk/lib/tinyusb/src/class/cdc/cdc_device.c.o
                0x10003f30                cdcd_open
 .text.cdcd_control_xfer_cb
                0x10003fd8       0xe8 CMakeFiles/mcu_adc.dir/root/pico/pico-sdk/lib/tinyusb/src/class/cdc/cdc_device.c.o
                0x10003fd8                cdcd_control_xfer_cb
 .text.cdcd_xfer_cb
                0x100040c0      0x100 CMakeFiles/mcu_adc.dir/root/pico/pico-sdk/lib/tinyusb/src/class/cdc/cdc_device.c.o
                0x100040c0                cdcd_xfer_cb
 .text.vendord_init
                0x100041c0       0x5c CMakeFiles/mcu_adc.dir/root/pico/pico-sdk/lib/tinyusb/src/class/vendor/vendor_device.c.o
                0x100041c0                vendord_init
 .text.vendord_deinit
                0x1000421c       0x1c CMakeFiles/mcu_adc.dir/root/pico/pico-sdk/lib/tinyusb/src/class/vendor/vendor_device.c.o
                0x1000421c                vendord_deinit
 .text.vendord_reset
                0x10004238       0x28 CMakeFiles/mcu_adc.dir/root/pico/pico-sdk/lib/tinyusb/src/class/vendor/vendor_device.c.o
                0x10004238                vendord_reset
 .text.vendord_open
                0x10004260      0x128 CMakeFiles/mcu_adc.dir/root/pico/pico-sdk/lib/tinyusb/src/class/vendor/vendor_device.c.o
                0x10004260                vendord_open
 .text.vendord_xfer_cb
                0x10004388       0x9c CMakeFiles/mcu_adc.dir/root/pico/pico-sdk/lib/tinyusb/src/class/vendor/vendor_device.c.o
                0x10004388                vendord_xfer_cb
 .text.tusb_rhport_init
                0x10004424       0x48 CMakeFiles/mcu_adc.dir/root/pico/pico-sdk/lib/tinyusb/src/tusb.c.o
                0x10004424                tusb_rhport_init
 .text.tu_edpt_claim
                0x1000446c       0x50 CMakeFiles/mcu_adc.dir/root/pico/pico-sdk/lib/tinyusb/src/tusb.c.o
                0x1000446c                tu_edpt_claim
 .text.tu_edpt_release
                0x100044bc       0x38 CMakeFiles/mcu_adc.dir/root/pico/pico-sdk/lib/tinyusb/src/tusb.c.o
                0x100044bc                tu_edpt_release
 .text.tu_edpt_validate
                0x100044f4       0x7c CMakeFiles/mcu_adc.dir/root/pico/pico-sdk/lib/tinyusb/src/tusb.c.o
                0x100044f4                tu_edpt_validate
 .text.tu_edpt_bind_driver
                0x10004570       0x34 CMakeFiles/mcu_adc.dir/root/pico/pico-sdk/lib/tinyusb/src/tusb.c.o
                0x10004570                tu_edpt_bind_driver
 .text.tu_edpt_stream_init
                0x100045a4       0x6c CMakeFiles/mcu_adc.dir/root/pico/pico-sdk/lib/tinyusb/src/tusb.c.o
                0x100045a4                tu_edpt_stream_init
 .text.tu_edpt_stream_deinit
                0x10004610        0x4 CMakeFiles/mcu_adc.dir/root/pico/pico-sdk/lib/tinyusb/src/tusb.c.o
                0x10004610                tu_edpt_stream_deinit
 .text.tu_edpt_stream_write_zlp_if_needed
                0x10004614       0x68 CMakeFiles/mcu_adc.dir/root/pico/pico-sdk/lib/tinyusb/src/tusb.c.o
                0x10004614                tu_edpt_stream_write_zlp_if_needed
 .text.tu_edpt_stream_write_xfer
                0x1000467c       0x64 CMakeFiles/mcu_adc.dir/root/pico/pico-sdk/lib/tinyusb/src/tusb.c.o
                0x1000467c                tu_edpt_stream_write_xfer
 .text.tu_edpt_stream_read_xfer
                0x100046e0       0xdc CMakeFiles/mcu_adc.dir/root/pico/pico-sdk/lib/tinyusb/src/tusb.c.o
                0x100046e0                tu_edpt_stream_read_xfer
 .text.tu_fifo_config
                0x100047bc       0x6c CMakeFiles/mcu_adc.dir/root/pico/pico-sdk/lib/tinyusb/src/common/tusb_fifo.c.o
                0x100047bc                tu_fifo_config
 .text.tu_fifo_count
                0x10004828       0x2c CMakeFiles/mcu_adc.dir/root/pico/pico-sdk/lib/tinyusb/src/common/tusb_fifo.c.o
                0x10004828                tu_fifo_count
 .text.tu_fifo_empty
                0x10004854       0x10 CMakeFiles/mcu_adc.dir/root/pico/pico-sdk/lib/tinyusb/src/common/tusb_fifo.c.o
                0x10004854                tu_fifo_empty
 .text.tu_fifo_remaining
                0x10004864       0x2c CMakeFiles/mcu_adc.dir/root/pico/pico-sdk/lib/tinyusb/src/common/tusb_fifo.c.o
                0x10004864                tu_fifo_remaining
 .text.tu_fifo_read
                0x10004890       0x9c CMakeFiles/mcu_adc.dir/root/pico/pico-sdk/lib/tinyusb/src/common/tusb_fifo.c.o
                0x10004890                tu_fifo_read
 .text.tu_fifo_read_n
                0x1000492c       0xe8 CMakeFiles/mcu_adc.dir/root/pico/pico-sdk/lib/tinyusb/src/common/tusb_fifo.c.o
                0x1000492c                tu_fifo_read_n
 .text.tu_fifo_write
                0x10004a14       0x88 CMakeFiles/mcu_adc.dir/root/pico/pico-sdk/lib/tinyusb/src/common/tusb_fifo.c.o
                0x10004a14                tu_fifo_write
 .text.tu_fifo_write_n
                0x10004a9c      0x170 CMakeFiles/mcu_adc.dir/root/pico/pico-sdk/lib/tinyusb/src/common/tusb_fifo.c.o
                0x10004a9c                tu_fifo_write_n
 .text.tu_fifo_clear
                0x10004c0c       0x40 CMakeFiles/mcu_adc.dir/root/pico/pico-sdk/lib/tinyusb/src/common/tusb_fifo.c.o
                0x10004c0c                tu_fifo_clear
 .text.tu_fifo_set_overwritable
                0x10004c4c       0x48 CMakeFiles/mcu_adc.dir/root/pico/pico-sdk/lib/tinyusb/src/common/tusb_fifo.c.o
                0x10004c4c                tu_fifo_set_overwritable
 .text.core1_trampoline
                0x10004c94        0x4 CMakeFiles/mcu_adc.dir/root/pico/pico-sdk/src/rp2_common/pico_multicore/multicore.c.o
 .text.core1_wrapper
                0x10004c98        0xc CMakeFiles/mcu_adc.dir/root/pico/pico-sdk/src/rp2_common/pico_multicore/multicore.c.o
                0x10004c98                core1_wrapper
 .text.multicore_launch_core1_raw
                0x10004ca4       0x84 CMakeFiles/mcu_adc.dir/root/pico/pico-sdk/src/rp2_common/pico_multicore/multicore.c.o
                0x10004ca4                multicore_launch_core1_raw
 .text.multicore_launch_core1
                0x10004d28       0x58 CMakeFiles/mcu_adc.dir/root/pico/pico-sdk/src/rp2_common/pico_multicore/multicore.c.o
                0x10004d28                multicore_launch_core1
 .text.spi_init
                0x10004d80      0x140 CMakeFiles/mcu_adc.dir/root/pico/pico-sdk/src/rp2_common/hardware_spi/spi.c.o
                0x10004d80                spi_init
 .text          0x10004ec0      0x1c8 /usr/lib/gcc/arm-none-eabi/12.2.1/../../../arm-none-eabi/lib/thumb/v6-m/nofp/libg.a(lib_a-fflush.o)
                0x10004ec0                __sflush_r
                0x10005008                _fflush_r
                0x10005034                fflush
 .text          0x10005088      0x23c /usr/lib/gcc/arm-none-eabi/12.2.1/../../../arm-none-eabi/lib/thumb/v6-m/nofp/libg.a(lib_a-findfp.o)
                0x1000508c                _cleanup_r
                0x10005188                __sfmoreglue
                0x100051b8                __sfp
                0x1000525c                _cleanup
                0x10005274                __sinit
                0x10005284                __sfp_lock_acquire
                0x10005288                __sfp_lock_release
                0x1000528c                __sinit_lock_acquire
                0x10005290                __sinit_lock_release
                0x10005294                __fp_lock_all
                0x100052ac                __fp_unlock_all
 .text          0x100052c4      0x268 /usr/lib/gcc/arm-none-eabi/12.2.1/../../../arm-none-eabi/lib/thumb/v6-m/nofp/libg.a(lib_a-freer.o)
                0x100052c4                _malloc_trim_r
                0x1000536c                _free_r
 .text          0x1000552c       0x88 /usr/lib/gcc/arm-none-eabi/12.2.1/../../../arm-none-eabi/lib/thumb/v6-m/nofp/libg.a(lib_a-fwalk.o)
                0x1000552c                _fwalk
                0x1000556c                _fwalk_reent
 .text          0x100055b4       0xfc /usr/lib/gcc/arm-none-eabi/12.2.1/../../../arm-none-eabi/lib/thumb/v6-m/nofp/libg.a(lib_a-fwrite.o)
                0x100055b4                _fwrite_r
                0x10005630                fwrite
 .text          0x100056b0      0x548 /usr/lib/gcc/arm-none-eabi/12.2.1/../../../arm-none-eabi/lib/thumb/v6-m/nofp/libg.a(lib_a-mallocr.o)
                0x100056b0                _malloc_r
 .text          0x10005bf8        0x8 /usr/lib/gcc/arm-none-eabi/12.2.1/../../../arm-none-eabi/lib/thumb/v6-m/nofp/libg.a(lib_a-mlock.o)
                0x10005bf8                __malloc_lock
                0x10005bfc                __malloc_unlock
 .text          0x10005c00      0x3c8 /usr/lib/gcc/arm-none-eabi/12.2.1/../../../arm-none-eabi/lib/thumb/v6-m/nofp/libg.a(lib_a-reallocr.o)
                0x10005c00                _realloc_r
 .text          0x10005fc8       0x24 /usr/lib/gcc/arm-none-eabi/12.2.1/../../../arm-none-eabi/lib/thumb/v6-m/nofp/libg.a(lib_a-sbrkr.o)
                0x10005fc8                _sbrk_r
 .text          0x10005fec       0xa8 /usr/lib/gcc/arm-none-eabi/12.2.1/../../../arm-none-eabi/lib/thumb/v6-m/nofp/libg.a(lib_a-stdio.o)
                0x10005fec                __sread
                0x10006014                __seofread
                0x10006018                __swrite
                0x10006058                __sseek
                0x10006088                __sclose
 .text          0x10006094       0x5c /usr/lib/gcc/arm-none-eabi/12.2.1/../../../arm-none-eabi/lib/thumb/v6-m/nofp/libg.a(lib_a-strlen-stub.o)
                0x10006094                strlen
 .text          0x100060f0       0x28 /usr/lib/gcc/arm-none-eabi/12.2.1/../../../arm-none-eabi/lib/thumb/v6-m/nofp/libg.a(lib_a-writer.o)
                0x100060f0                _write_r
 .text          0x10006118       0x24 /usr/lib/gcc/arm-none-eabi/12.2.1/../../../arm-none-eabi/lib/thumb/v6-m/nofp/libg.a(lib_a-closer.o)
                0x10006118                _close_r
 .text          0x1000613c       0xac /usr/lib/gcc/arm-none-eabi/12.2.1/../../../arm-none-eabi/lib/thumb/v6-m/nofp/libg.a(lib_a-fclose.o)
                0x1000613c                _fclose_r
                0x100061d4                fclose
 .text          0x100061e8      0x2ec /usr/lib/gcc/arm-none-eabi/12.2.1/../../../arm-none-eabi/lib/thumb/v6-m/nofp/libg.a(lib_a-fvwrite.o)
                0x100061e8                __sfvwrite_r
 .text          0x100064d4       0x28 /usr/lib/gcc/arm-none-eabi/12.2.1/../../../arm-none-eabi/lib/thumb/v6-m/nofp/libg.a(lib_a-lseekr.o)
                0x100064d4                _lseek_r
 .text          0x100064fc       0x74 /usr/lib/gcc/arm-none-eabi/12.2.1/../../../arm-none-eabi/lib/thumb/v6-m/nofp/libg.a(lib_a-memchr-stub.o)
                0x100064fc                memchr
 .text          0x10006570       0xb0 /usr/lib/gcc/arm-none-eabi/12.2.1/../../../arm-none-eabi/lib/thumb/v6-m/nofp/libg.a(lib_a-memmove.o)
                0x10006570                memmove
 .text          0x10006620       0x28 /usr/lib/gcc/arm-none-eabi/12.2.1/../../../arm-none-eabi/lib/thumb/v6-m/nofp/libg.a(lib_a-readr.o)
                0x10006620                _read_r
 .text          0x10006648       0xd0 /usr/lib/gcc/arm-none-eabi/12.2.1/../../../arm-none-eabi/lib/thumb/v6-m/nofp/libg.a(lib_a-wsetup.o)
                0x10006648                __swsetup_r
 .text          0x10006718      0x140 /usr/lib/gcc/arm-none-eabi/12.2.1/../../../arm-none-eabi/lib/thumb/v6-m/nofp/libg.a(lib_a-makebuf.o)
                0x10006718                __smakebuf_r
                0x10006800                __swhatbuf_r
 .text          0x10006858       0x28 /usr/lib/gcc/arm-none-eabi/12.2.1/../../../arm-none-eabi/lib/thumb/v6-m/nofp/libg.a(lib_a-fstatr.o)
                0x10006858                _fstat_r
 .text          0x10006880       0x24 /usr/lib/gcc/arm-none-eabi/12.2.1/../../../arm-none-eabi/lib/thumb/v6-m/nofp/libg.a(lib_a-isattyr.o)
                0x10006880                _isatty_r
 *(.fini)
 .fini          0x100068a4        0x4 /usr/lib/gcc/arm-none-eabi/12.2.1/thumb/v6-m/nofp/crti.o
                0x100068a4                _fini
 .fini.__stub   0x100068a8       0xc0 linker stubs
 *crtbegin.o(.ctors)
 *crtbegin?.o(.ctors)
 *(EXCLUDE_FILE(*crtend.o *crtend?.o) .ctors)
 *(SORT_BY_NAME(.ctors.*))
 *(.ctors)
 *crtbegin.o(.dtors)
 *crtbegin?.o(.dtors)
 *(EXCLUDE_FILE(*crtend.o *crtend?.o) .dtors)
 *(SORT_BY_NAME(.dtors.*))
 *(.dtors)
                0x10006968                . = ALIGN (0x4)
                0x10006968                PROVIDE (__preinit_array_start = .)
 *(SORT_BY_NAME(.preinit_array.*))
 .preinit_array.00100
                0x10006968        0x4 CMakeFiles/mcu_adc.dir/root/pico/pico-sdk/src/rp2_common/pico_runtime_init/runtime_init.c.o
                0x10006968                __pre_init_runtime_init_early_resets
 .preinit_array.00101
                0x1000696c        0x4 CMakeFiles/mcu_adc.dir/root/pico/pico-sdk/src/rp2_common/pico_runtime_init/runtime_init.c.o
                0x1000696c                __pre_init_runtime_init_usb_power_down
 .preinit_array.00275
                0x10006970        0x4 CMakeFiles/mcu_adc.dir/root/pico/pico-sdk/src/rp2_common/pico_bit_ops/bit_ops_aeabi.S.o
 .preinit_array.00300
                0x10006974        0x4 CMakeFiles/mcu_adc.dir/root/pico/pico-sdk/src/rp2_common/pico_mem_ops/mem_ops_aeabi.S.o
 .preinit_array.00350
                0x10006978        0x4 CMakeFiles/mcu_adc.dir/root/pico/pico-sdk/src/rp2_common/pico_double/double_aeabi_rp2040.S.o
 .preinit_array.00350
                0x1000697c        0x4 CMakeFiles/mcu_adc.dir/root/pico/pico-sdk/src/rp2_common/pico_float/float_aeabi_rp2040.S.o
 .preinit_array.00500
                0x10006980        0x4 CMakeFiles/mcu_adc.dir/root/pico/pico-sdk/src/rp2_common/pico_runtime_init/runtime_init.c.o
                0x10006980                __pre_init_runtime_init_clocks
 .preinit_array.00600
                0x10006984        0x4 CMakeFiles/mcu_adc.dir/root/pico/pico-sdk/src/rp2_common/pico_runtime_init/runtime_init.c.o
                0x10006984                __pre_init_runtime_init_post_clock_resets
 .preinit_array.00700
                0x10006988        0x4 CMakeFiles/mcu_adc.dir/root/pico/pico-sdk/src/rp2_common/pico_runtime_init/runtime_init.c.o
                0x10006988                __pre_init_runtime_init_rp2040_gpio_ie_disable
 .preinit_array.01000
                0x1000698c        0x4 CMakeFiles/mcu_adc.dir/root/pico/pico-sdk/src/rp2_common/pico_runtime_init/runtime_init.c.o
                0x1000698c                __pre_init_runtime_init_spin_locks_reset
 .preinit_array.01100
                0x10006990        0x4 CMakeFiles/mcu_adc.dir/root/pico/pico-sdk/src/common/pico_sync/mutex.c.o
                0x10006990                __pre_init_runtime_init_mutex
 .preinit_array.10080
                0x10006994        0x4 CMakeFiles/mcu_adc.dir/root/pico/pico-sdk/src/rp2_common/pico_runtime_init/runtime_init.c.o
                0x10006994                __pre_init_runtime_init_install_ram_vector_table
 .preinit_array.11000
                0x10006998        0x4 CMakeFiles/mcu_adc.dir/root/pico/pico-sdk/src/common/pico_time/time.c.o
                0x10006998                __pre_init_runtime_init_default_alarm_pool
 .preinit_array.YYYYY
                0x1000699c        0x4 CMakeFiles/mcu_adc.dir/root/pico/pico-sdk/src/rp2_common/pico_runtime/runtime.c.o
                0x1000699c                __pre_init_first_per_core_initializer
 .preinit_array.ZZZZZ.01200
                0x100069a0        0x4 CMakeFiles/mcu_adc.dir/root/pico/pico-sdk/src/rp2_common/hardware_irq/irq.c.o
                0x100069a0                __pre_init_runtime_init_per_core_irq_priorities
 *(.preinit_array)
                0x100069a4                PROVIDE (__preinit_array_end = .)
                0x100069a4                . = ALIGN (0x4)
                0x100069a4                PROVIDE (__init_array_start = .)
 *(SORT_BY_NAME(.init_array.*))
 .init_array.01000
                0x100069a4        0x4 CMakeFiles/mcu_adc.dir/root/pico/pico-sdk/src/rp2_common/pico_unique_id/unique_id.c.o
 *(.init_array)
 .init_array    0x100069a8        0x4 /usr/lib/gcc/arm-none-eabi/12.2.1/thumb/v6-m/nofp/crtbegin.o
                0x100069ac                PROVIDE (__init_array_end = .)
                0x100069ac                . = ALIGN (0x4)
                0x100069ac                PROVIDE (__fini_array_start = .)
 *(SORT_BY_NAME(.fini_array.*))
 *(.fini_array)
                0x100069ac                PROVIDE (__fini_array_end = .)
 *(.eh_frame*)
 .eh_frame      0x100069ac        0x0 /usr/lib/gcc/arm-none-eabi/12.2.1/thumb/v6-m/nofp/crtbegin.o
                0x100069ac                . = ALIGN (0x4)

.glue_7         0x100069ac        0x0
 .glue_7        0x100069ac        0x0 linker stubs

.glue_7t        0x100069ac        0x0
 .glue_7t       0x100069ac        0x0 linker stubs

.vfp11_veneer   0x100069ac        0x0
 .vfp11_veneer  0x100069ac        0x0 linker stubs

.v4_bx          0x100069ac        0x0
 .v4_bx         0x100069ac        0x0 linker stubs

.iplt           0x100069ac        0x0
 .iplt          0x100069ac        0x0 /usr/lib/gcc/arm-none-eabi/12.2.1/thumb/v6-m/nofp/crtbegin.o

.rodata         0x100069b0      0x41c
 *(EXCLUDE_FILE(*libm.a: *libc.a:*lib_a-mem*.o *libgcc.a:) .rodata*)
 .rodata        0x100069b0        0x3 CMakeFiles/mcu_adc.dir/src/main.c.o
 *fill*         0x100069b3        0x1 
 .rodata.panic.str1.4
                0x100069b4       0x12 CMakeFiles/mcu_adc.dir/root/pico/pico-sdk/src/rp2_common/pico_platform_panic/panic.c.o
 *fill*         0x100069c6        0x2 
 .rodata.spin_lock_claim_unused.str1.4
                0x100069c8       0x1b CMakeFiles/mcu_adc.dir/root/pico/pico-sdk/src/rp2_common/hardware_sync/sync.c.o
 *fill*         0x100069e3        0x1 
 .rodata.user_irq_claim_unused.str1.4
                0x100069e4       0x1b CMakeFiles/mcu_adc.dir/root/pico/pico-sdk/src/rp2_common/hardware_irq/irq.c.o
 *fill*         0x100069ff        0x1 
 .rodata.at_the_end_of_time
                0x10006a00        0x8 CMakeFiles/mcu_adc.dir/root/pico/pico-sdk/src/common/pico_time/time.c.o
                0x10006a00                at_the_end_of_time
 .rodata.timer_hardware_alarm_claim.str1.4
                0x10006a08       0x22 CMakeFiles/mcu_adc.dir/root/pico/pico-sdk/src/rp2_common/hardware_timer/timer.c.o
 *fill*         0x10006a2a        0x2 
 .rodata.hard_assertion_failure.str1.4
                0x10006a2c        0xc CMakeFiles/mcu_adc.dir/root/pico/pico-sdk/src/rp2_common/pico_runtime/runtime.c.o
 .rodata.str1.4
                0x10006a38       0x3c CMakeFiles/mcu_adc.dir/root/pico/pico-sdk/src/rp2_common/pico_standard_binary_info/standard_binary_info.c.o
 .rodata.__bi_84
                0x10006a74        0xc CMakeFiles/mcu_adc.dir/root/pico/pico-sdk/src/rp2_common/pico_standard_binary_info/standard_binary_info.c.o
 .rodata.__bi_78
                0x10006a80        0xc CMakeFiles/mcu_adc.dir/root/pico/pico-sdk/src/rp2_common/pico_standard_binary_info/standard_binary_info.c.o
 .rodata.__bi_54
                0x10006a8c        0xc CMakeFiles/mcu_adc.dir/root/pico/pico-sdk/src/rp2_common/pico_standard_binary_info/standard_binary_info.c.o
 .rodata.__bi_48
                0x10006a98        0xc CMakeFiles/mcu_adc.dir/root/pico/pico-sdk/src/rp2_common/pico_standard_binary_info/standard_binary_info.c.o
 .rodata.__bi_42
                0x10006aa4        0xc CMakeFiles/mcu_adc.dir/root/pico/pico-sdk/src/rp2_common/pico_standard_binary_info/standard_binary_info.c.o
 .rodata.__bi_34
                0x10006ab0        0xc CMakeFiles/mcu_adc.dir/root/pico/pico-sdk/src/rp2_common/pico_standard_binary_info/standard_binary_info.c.o
 .rodata.__bi_26
                0x10006abc        0xc CMakeFiles/mcu_adc.dir/root/pico/pico-sdk/src/rp2_common/pico_standard_binary_info/standard_binary_info.c.o
 .rodata.crlf_str.0
                0x10006ac8        0x2 CMakeFiles/mcu_adc.dir/root/pico/pico-sdk/src/rp2_common/pico_stdio/stdio.c.o
 *fill*         0x10006aca        0x2 
 .rodata._resetd_driver
                0x10006acc       0x20 CMakeFiles/mcu_adc.dir/root/pico/pico-sdk/src/rp2_common/pico_stdio_usb/reset_interface.c.o
 .rodata.desc_ms_os_20
                0x10006aec       0xa6 CMakeFiles/mcu_adc.dir/root/pico/pico-sdk/src/rp2_common/pico_stdio_usb/reset_interface.c.o
 *fill*         0x10006b92        0x2 
 .rodata.desc_bos
                0x10006b94       0x21 CMakeFiles/mcu_adc.dir/root/pico/pico-sdk/src/rp2_common/pico_stdio_usb/reset_interface.c.o
                0x10006b94                desc_bos
 *fill*         0x10006bb5        0x3 
 .rodata.str1.4
                0x10006bb8       0x13 CMakeFiles/mcu_adc.dir/root/pico/pico-sdk/src/rp2_common/pico_stdio_usb/stdio_usb.c.o
 *fill*         0x10006bcb        0x1 
 .rodata.__bi_202.0
                0x10006bcc        0xc CMakeFiles/mcu_adc.dir/root/pico/pico-sdk/src/rp2_common/pico_stdio_usb/stdio_usb.c.o
 .rodata.str1.4
                0x10006bd8       0x2a CMakeFiles/mcu_adc.dir/root/pico/pico-sdk/src/rp2_common/pico_stdio_usb/stdio_usb_descriptors.c.o
 *fill*         0x10006c02        0x2 
 .rodata.usbd_desc_str
                0x10006c04       0x18 CMakeFiles/mcu_adc.dir/root/pico/pico-sdk/src/rp2_common/pico_stdio_usb/stdio_usb_descriptors.c.o
 .rodata.usbd_desc_cfg
                0x10006c1c       0x54 CMakeFiles/mcu_adc.dir/root/pico/pico-sdk/src/rp2_common/pico_stdio_usb/stdio_usb_descriptors.c.o
 .rodata.usbd_desc_device
                0x10006c70       0x12 CMakeFiles/mcu_adc.dir/root/pico/pico-sdk/src/rp2_common/pico_stdio_usb/stdio_usb_descriptors.c.o
 *fill*         0x10006c82        0x2 
 .rodata.str1.4
                0x10006c84       0x14 CMakeFiles/mcu_adc.dir/root/pico/pico-sdk/lib/tinyusb/src/portable/raspberrypi/rp2040/dcd_rp2040.c.o
 .rodata.str1.4
                0x10006c98       0x48 CMakeFiles/mcu_adc.dir/root/pico/pico-sdk/lib/tinyusb/src/portable/raspberrypi/rp2040/rp2040_usb.c.o
 .rodata.tud_task_ext
                0x10006ce0       0x8c CMakeFiles/mcu_adc.dir/root/pico/pico-sdk/lib/tinyusb/src/device/usbd.c.o
 .rodata        0x10006d6c       0x1c CMakeFiles/mcu_adc.dir/root/pico/pico-sdk/lib/tinyusb/src/device/usbd.c.o
 .rodata._usbd_driver
                0x10006d88       0x40 CMakeFiles/mcu_adc.dir/root/pico/pico-sdk/lib/tinyusb/src/device/usbd.c.o
 .rodata        0x10006dc8        0x4 /usr/lib/gcc/arm-none-eabi/12.2.1/../../../arm-none-eabi/lib/thumb/v6-m/nofp/libg.a(lib_a-impure.o)
                0x10006dc8                _global_impure_ptr
                0x10006dcc                . = ALIGN (0x4)
 *(SORT_BY_ALIGNMENT(SORT_BY_NAME(.flashdata*)))
                0x10006dcc                . = ALIGN (0x4)

.ARM.extab
 *(.ARM.extab* .gnu.linkonce.armextab.*)
                0x10006dcc                __exidx_start = .

.ARM.exidx
 *(.ARM.exidx* .gnu.linkonce.armexidx.*)
                0x10006dcc                __exidx_end = .
                0x10006dcc                . = ALIGN (0x4)
                0x10006dcc                __binary_info_start = .

.binary_info    0x10006dcc       0x20
 *(.binary_info.keep.*)
 .binary_info.keep.__bi_ptr84
                0x10006dcc        0x4 CMakeFiles/mcu_adc.dir/root/pico/pico-sdk/src/rp2_common/pico_standard_binary_info/standard_binary_info.c.o
 .binary_info.keep.__bi_ptr78
                0x10006dd0        0x4 CMakeFiles/mcu_adc.dir/root/pico/pico-sdk/src/rp2_common/pico_standard_binary_info/standard_binary_info.c.o
 .binary_info.keep.__bi_ptr54
                0x10006dd4        0x4 CMakeFiles/mcu_adc.dir/root/pico/pico-sdk/src/rp2_common/pico_standard_binary_info/standard_binary_info.c.o
 .binary_info.keep.__bi_ptr48
                0x10006dd8        0x4 CMakeFiles/mcu_adc.dir/root/pico/pico-sdk/src/rp2_common/pico_standard_binary_info/standard_binary_info.c.o
 .binary_info.keep.__bi_ptr42
                0x10006ddc        0x4 CMakeFiles/mcu_adc.dir/root/pico/pico-sdk/src/rp2_common/pico_standard_binary_info/standard_binary_info.c.o
 .binary_info.keep.__bi_ptr34
                0x10006de0        0x4 CMakeFiles/mcu_adc.dir/root/pico/pico-sdk/src/rp2_common/pico_standard_binary_info/standard_binary_info.c.o
 .binary_info.keep.__bi_ptr26
                0x10006de4        0x4 CMakeFiles/mcu_adc.dir/root/pico/pico-sdk/src/rp2_common/pico_standard_binary_info/standard_binary_info.c.o
 *(.binary_info.*)
 .binary_info.__bi_ptr202
                0x10006de8        0x4 CMakeFiles/mcu_adc.dir/root/pico/pico-sdk/src/rp2_common/pico_stdio_usb/stdio_usb.c.o
                0x10006dec                __binary_info_end = .
                0x10006dec                . = ALIGN (0x4)

.ram_vector_table
                0x20000000       0xc0
 *(.ram_vector_table)
 .ram_vector_table
                0x20000000       0xc0 CMakeFiles/mcu_adc.dir/root/pico/pico-sdk/src/rp2_common/pico_runtime_init/runtime_init.c.o
                0x20000000                ram_vector_table

.uninitialized_data
                0x200000c0        0x0
                0x200000c0                . = ALIGN (0x4)
 *(.uninitialized_data*)

.data           0x200000c0     0x1878 load address 0x10006dec
                0x200000c0                __data_start__ = .
 *(vtable)
 *(.time_critical*)
 .time_critical.mutex_try_enter
                0x200000c0       0x40 CMakeFiles/mcu_adc.dir/root/pico/pico-sdk/src/common/pico_sync/mutex.c.o
                0x200000c0                mutex_try_enter
 .time_critical.mutex_try_enter_block_until
                0x20000100       0x9c CMakeFiles/mcu_adc.dir/root/pico/pico-sdk/src/common/pico_sync/mutex.c.o
                0x20000100                mutex_try_enter_block_until
 .time_critical.mutex_enter_timeout_ms
                0x2000019c       0x90 CMakeFiles/mcu_adc.dir/root/pico/pico-sdk/src/common/pico_sync/mutex.c.o
                0x2000019c                mutex_enter_timeout_ms
 .time_critical.mutex_exit
                0x2000022c       0x28 CMakeFiles/mcu_adc.dir/root/pico/pico-sdk/src/common/pico_sync/mutex.c.o
                0x2000022c                mutex_exit
 .time_critical.flash_init_boot2_copyout
                0x20000254       0x30 CMakeFiles/mcu_adc.dir/root/pico/pico-sdk/src/rp2_common/hardware_flash/flash.c.o
 .time_critical.flash_enable_xip_via_boot2
                0x20000284        0xc CMakeFiles/mcu_adc.dir/root/pico/pico-sdk/src/rp2_common/hardware_flash/flash.c.o
 .time_critical.flash_save_hardware_state
                0x20000290       0x20 CMakeFiles/mcu_adc.dir/root/pico/pico-sdk/src/rp2_common/hardware_flash/flash.c.o
 .time_critical.flash_restore_hardware_state
                0x200002b0       0x20 CMakeFiles/mcu_adc.dir/root/pico/pico-sdk/src/rp2_common/hardware_flash/flash.c.o
 .time_critical.flash_cs_force
                0x200002d0       0x38 CMakeFiles/mcu_adc.dir/root/pico/pico-sdk/src/rp2_common/hardware_flash/flash.c.o
 .time_critical.flash_do_cmd
                0x20000308       0xd0 CMakeFiles/mcu_adc.dir/root/pico/pico-sdk/src/rp2_common/hardware_flash/flash.c.o
                0x20000308                flash_do_cmd
 .time_critical.reset_non_control_endpoints
                0x200003d8       0x68 CMakeFiles/mcu_adc.dir/root/pico/pico-sdk/lib/tinyusb/src/portable/raspberrypi/rp2040/dcd_rp2040.c.o
 .time_critical.hw_handle_buff_status
                0x20000440       0x98 CMakeFiles/mcu_adc.dir/root/pico/pico-sdk/lib/tinyusb/src/portable/raspberrypi/rp2040/dcd_rp2040.c.o
 .time_critical.dcd_rp2040_irq
                0x200004d8      0x550 CMakeFiles/mcu_adc.dir/root/pico/pico-sdk/lib/tinyusb/src/portable/raspberrypi/rp2040/dcd_rp2040.c.o
 .time_critical.prepare_ep_buffer
                0x20000a28       0xe0 CMakeFiles/mcu_adc.dir/root/pico/pico-sdk/lib/tinyusb/src/portable/raspberrypi/rp2040/rp2040_usb.c.o
 .time_critical.sync_ep_buffer
                0x20000b08       0xa8 CMakeFiles/mcu_adc.dir/root/pico/pico-sdk/lib/tinyusb/src/portable/raspberrypi/rp2040/rp2040_usb.c.o
 .time_critical._hw_endpoint_xfer_sync
                0x20000bb0       0x28 CMakeFiles/mcu_adc.dir/root/pico/pico-sdk/lib/tinyusb/src/portable/raspberrypi/rp2040/rp2040_usb.c.o
 .time_critical.e15_is_bulkin_ep
                0x20000bd8       0x28 CMakeFiles/mcu_adc.dir/root/pico/pico-sdk/lib/tinyusb/src/portable/raspberrypi/rp2040/rp2040_usb.c.o
 .time_critical.e15_is_critical_frame_period
                0x20000c00       0x34 CMakeFiles/mcu_adc.dir/root/pico/pico-sdk/lib/tinyusb/src/portable/raspberrypi/rp2040/rp2040_usb.c.o
 .time_critical.hw_endpoint_reset_transfer
                0x20000c34        0xc CMakeFiles/mcu_adc.dir/root/pico/pico-sdk/lib/tinyusb/src/portable/raspberrypi/rp2040/rp2040_usb.c.o
                0x20000c34                hw_endpoint_reset_transfer
 .time_critical._hw_endpoint_buffer_control_update32
                0x20000c40       0x50 CMakeFiles/mcu_adc.dir/root/pico/pico-sdk/lib/tinyusb/src/portable/raspberrypi/rp2040/rp2040_usb.c.o
                0x20000c40                _hw_endpoint_buffer_control_update32
 .time_critical.hw_endpoint_start_next_buffer
                0x20000c90       0x6c CMakeFiles/mcu_adc.dir/root/pico/pico-sdk/lib/tinyusb/src/portable/raspberrypi/rp2040/rp2040_usb.c.o
                0x20000c90                hw_endpoint_start_next_buffer
 .time_critical.hw_endpoint_xfer_continue
                0x20000cfc       0x40 CMakeFiles/mcu_adc.dir/root/pico/pico-sdk/lib/tinyusb/src/portable/raspberrypi/rp2040/rp2040_usb.c.o
                0x20000cfc                hw_endpoint_xfer_continue
 .time_critical.tinyusb
                0x20000d3c      0x1e4 CMakeFiles/mcu_adc.dir/root/pico/pico-sdk/lib/tinyusb/src/device/usbd.c.o
                0x20000d3c                dcd_event_handler
 .time_critical.spi_write_read_blocking
                0x20000f20       0x78 CMakeFiles/mcu_adc.dir/root/pico/pico-sdk/src/rp2_common/hardware_spi/spi.c.o
                0x20000f20                spi_write_read_blocking
 *(.text*)
 .text          0x20000f98        0x4 /usr/lib/gcc/arm-none-eabi/12.2.1/thumb/v6-m/nofp/libgcc.a(_dvmd_tls.o)
                0x20000f98                __aeabi_ldiv0
                0x20000f98                __aeabi_idiv0
 *fill*         0x20000f9c        0x4 
 .text.__stub   0x20000fa0       0x80 linker stubs
                0x20001020                . = ALIGN (0x4)
 *(.rodata*)
                0x20001020                . = ALIGN (0x4)
 *(.data*)
 .data.striped_spin_lock_num
                0x20001020        0x1 CMakeFiles/mcu_adc.dir/root/pico/pico-sdk/src/rp2_common/hardware_sync/sync.c.o
 *fill*         0x20001021        0x3 
 .data          0x20001024       0x48 CMakeFiles/mcu_adc.dir/root/pico/pico-sdk/src/rp2_common/hardware_irq/irq_handler_chain.S.o
                0x20001024                irq_handler_chain_slots
                0x20001054                irq_handler_chain_first_slot
                0x2000105e                irq_handler_chain_remove_tail
 .data.default_alarm_pool
                0x2000106c       0x18 CMakeFiles/mcu_adc.dir/root/pico/pico-sdk/src/common/pico_time/time.c.o
 *fill*         0x20001084        0xc 
 .data.aeabi_bits_funcs
                0x20001090       0x10 CMakeFiles/mcu_adc.dir/root/pico/pico-sdk/src/rp2_common/pico_bit_ops/bit_ops_aeabi.S.o
                0x20001090                aeabi_bits_funcs
                0x200010a0                aeabi_bits_funcs_end
 .data.aeabi_mem_funcs
                0x200010a0       0x10 CMakeFiles/mcu_adc.dir/root/pico/pico-sdk/src/rp2_common/pico_mem_ops/mem_ops_aeabi.S.o
                0x200010a0                aeabi_mem_funcs
                0x200010b0                aeabi_mem_funcs_end
 .data.stdio_usb
                0x200010b0       0x18 CMakeFiles/mcu_adc.dir/root/pico/pico-sdk/src/rp2_common/pico_stdio_usb/stdio_usb.c.o
                0x200010b0                stdio_usb
 .data._usbd_qdef
                0x200010c8       0x1c CMakeFiles/mcu_adc.dir/root/pico/pico-sdk/lib/tinyusb/src/device/usbd.c.o
                0x200010c8                _usbd_qdef
 .data._usbd_rhport
                0x200010e4        0x1 CMakeFiles/mcu_adc.dir/root/pico/pico-sdk/lib/tinyusb/src/device/usbd.c.o
 *fill*         0x200010e5        0x3 
 .data          0x200010e8      0x430 /usr/lib/gcc/arm-none-eabi/12.2.1/../../../arm-none-eabi/lib/thumb/v6-m/nofp/libg.a(lib_a-impure.o)
                0x200010e8                _impure_ptr
 .data          0x20001518      0x410 /usr/lib/gcc/arm-none-eabi/12.2.1/../../../arm-none-eabi/lib/thumb/v6-m/nofp/libg.a(lib_a-mallocr.o)
                0x20001518                __malloc_sbrk_base
                0x2000151c                __malloc_trim_threshold
                0x20001520                __malloc_av_
                0x20001928                . = ALIGN (0x4)
 *(.after_data.*)
                0x20001928                . = ALIGN (0x4)
                0x20001928                PROVIDE (__mutex_array_start = .)
 *(SORT_BY_NAME(.mutex_array.*))
 *(.mutex_array)
 .mutex_array   0x20001928        0x8 CMakeFiles/mcu_adc.dir/root/pico/pico-sdk/src/rp2_common/pico_malloc/malloc.c.o
 .mutex_array   0x20001930        0x8 CMakeFiles/mcu_adc.dir/root/pico/pico-sdk/src/rp2_common/pico_stdio/stdio.c.o
                0x20001938                PROVIDE (__mutex_array_end = .)
                0x20001938                . = ALIGN (0x4)
 *(.jcr)
                0x20001938                . = ALIGN (0x4)

.tm_clone_table
                0x20001938        0x0 load address 0x10008664
 .tm_clone_table
                0x20001938        0x0 /usr/lib/gcc/arm-none-eabi/12.2.1/thumb/v6-m/nofp/crtbegin.o
 .tm_clone_table
                0x20001938        0x0 /usr/lib/gcc/arm-none-eabi/12.2.1/thumb/v6-m/nofp/crtend.o

.igot.plt       0x20001938        0x0 load address 0x10008664
 .igot.plt      0x20001938        0x0 /usr/lib/gcc/arm-none-eabi/12.2.1/thumb/v6-m/nofp/crtbegin.o

.tdata          0x20001938        0x0 load address 0x10008664
                0x20001938                . = ALIGN (0x4)
 *(.tdata .tdata.* .gnu.linkonce.td.*)
                0x20001938                __tdata_end = .
                0x20001938                PROVIDE (__data_end__ = .)
                0x10006dec                __etext = LOADADDR (.data)

.tbss           0x20001938        0x0 load address 0x10008664
                0x20001938                . = ALIGN (0x4)
                0x20001938                __bss_start__ = .
                0x20001938                __tls_base = .
 *(.tbss .tbss.* .gnu.linkonce.tb.*)
 *(.tcommon)
                0x20001938                __tls_end = .

.bss            0x20001938     0x8f54 load address 0x10008664
                0x20001938                . = ALIGN (0x4)
                0x20001938                __tbss_end = .
 *(SORT_BY_ALIGNMENT(SORT_BY_NAME(.bss*)))
 .bss.default_alarm_pool_entries
                0x20001938      0x180 CMakeFiles/mcu_adc.dir/root/pico/pico-sdk/src/common/pico_time/time.c.o
 .bss.last_avail_time.1
                0x20001ab8        0x8 CMakeFiles/mcu_adc.dir/root/pico/pico-sdk/src/rp2_common/pico_stdio_usb/stdio_usb.c.o
 .bss.sd_table  0x20001ac0      0x100 CMakeFiles/mcu_adc.dir/root/pico/pico-sdk/src/rp2_common/pico_double/double_init_rom_rp2040.c.o
                0x20001ac0                sd_table
 .bss.sf_table  0x20001bc0      0x100 CMakeFiles/mcu_adc.dir/root/pico/pico-sdk/src/rp2_common/pico_float/float_init_rom_rp2040.c.o
                0x20001bc0                sf_table
 .bss           0x20001cc0       0x1c /usr/lib/gcc/arm-none-eabi/12.2.1/thumb/v6-m/nofp/crtbegin.o
 .bss           0x20001cdc       0x34 /usr/lib/gcc/arm-none-eabi/12.2.1/../../../arm-none-eabi/lib/thumb/v6-m/nofp/libg.a(lib_a-mallocr.o)
                0x20001cdc                __malloc_top_pad
                0x20001ce0                __malloc_current_mallinfo
                0x20001d08                __malloc_max_sbrked_mem
                0x20001d0c                __malloc_max_total_mem
 .bss           0x20001d10        0x4 /usr/lib/gcc/arm-none-eabi/12.2.1/../../../arm-none-eabi/lib/thumb/v6-m/nofp/libg.a(lib_a-reent.o)
                0x20001d10                errno
 .bss._app_driver
                0x20001d14        0x4 CMakeFiles/mcu_adc.dir/root/pico/pico-sdk/lib/tinyusb/src/device/usbd.c.o
 .bss._cdcd_epbuf
                0x20001d18       0x80 CMakeFiles/mcu_adc.dir/root/pico/pico-sdk/lib/tinyusb/src/class/cdc/cdc_device.c.o
 .bss._cdcd_fifo_cfg
                0x20001d98        0x1 CMakeFiles/mcu_adc.dir/root/pico/pico-sdk/lib/tinyusb/src/class/cdc/cdc_device.c.o
 *fill*         0x20001d99        0x3 
 .bss._cdcd_itf
                0x20001d9c       0xc8 CMakeFiles/mcu_adc.dir/root/pico/pico-sdk/lib/tinyusb/src/class/cdc/cdc_device.c.o
 .bss._ctrl_epbuf
                0x20001e64       0x40 CMakeFiles/mcu_adc.dir/root/pico/pico-sdk/lib/tinyusb/src/device/usbd_control.c.o
 .bss._ctrl_xfer
                0x20001ea4       0x14 CMakeFiles/mcu_adc.dir/root/pico/pico-sdk/lib/tinyusb/src/device/usbd_control.c.o
 .bss._tusb_rhport_role
                0x20001eb8        0x2 CMakeFiles/mcu_adc.dir/root/pico/pico-sdk/lib/tinyusb/src/tusb.c.o
                0x20001eb8                _tusb_rhport_role
 *fill*         0x20001eba        0x2 
 .bss._ubsd_mutexdef
                0x20001ebc        0x8 CMakeFiles/mcu_adc.dir/root/pico/pico-sdk/lib/tinyusb/src/device/usbd.c.o
 .bss._usbd_dev
                0x20001ec4       0x54 CMakeFiles/mcu_adc.dir/root/pico/pico-sdk/lib/tinyusb/src/device/usbd.c.o
 .bss._usbd_mutex
                0x20001f18        0x4 CMakeFiles/mcu_adc.dir/root/pico/pico-sdk/lib/tinyusb/src/device/usbd.c.o
 .bss._usbd_q   0x20001f1c        0x4 CMakeFiles/mcu_adc.dir/root/pico/pico-sdk/lib/tinyusb/src/device/usbd.c.o
 .bss._usbd_qdef_buf
                0x20001f20       0xc0 CMakeFiles/mcu_adc.dir/root/pico/pico-sdk/lib/tinyusb/src/device/usbd.c.o
                0x20001f20                _usbd_qdef_buf
 .bss._vendord_epbuf
                0x20001fe0       0x80 CMakeFiles/mcu_adc.dir/root/pico/pico-sdk/lib/tinyusb/src/class/vendor/vendor_device.c.o
 .bss._vendord_itf
                0x20002060      0x24c CMakeFiles/mcu_adc.dir/root/pico/pico-sdk/lib/tinyusb/src/class/vendor/vendor_device.c.o
 .bss.boot2_copyout
                0x200022ac      0x100 CMakeFiles/mcu_adc.dir/root/pico/pico-sdk/src/rp2_common/hardware_flash/flash.c.o
 .bss.chars_available_callback
                0x200023ac        0x4 CMakeFiles/mcu_adc.dir/root/pico/pico-sdk/src/rp2_common/pico_stdio_usb/stdio_usb.c.o
 .bss.chars_available_param
                0x200023b0        0x4 CMakeFiles/mcu_adc.dir/root/pico/pico-sdk/src/rp2_common/pico_stdio_usb/stdio_usb.c.o
 .bss.claimed   0x200023b4        0x4 CMakeFiles/mcu_adc.dir/root/pico/pico-sdk/src/rp2_common/hardware_sync/sync.c.o
 .bss.claimed   0x200023b8        0x1 CMakeFiles/mcu_adc.dir/root/pico/pico-sdk/src/rp2_common/hardware_timer/timer.c.o
 *fill*         0x200023b9        0x3 
 .bss.configured_freq
                0x200023bc       0x28 CMakeFiles/mcu_adc.dir/root/pico/pico-sdk/src/rp2_common/hardware_clocks/clocks.c.o
 .bss.desc_str.0
                0x200023e4       0x28 CMakeFiles/mcu_adc.dir/root/pico/pico-sdk/src/rp2_common/pico_stdio_usb/stdio_usb_descriptors.c.o
 .bss.drivers   0x2000240c        0x4 CMakeFiles/mcu_adc.dir/root/pico/pico-sdk/src/rp2_common/pico_stdio/stdio.c.o
 .bss.e15_last_sof
                0x20002410        0x4 CMakeFiles/mcu_adc.dir/root/pico/pico-sdk/lib/tinyusb/src/portable/raspberrypi/rp2040/rp2040_usb.c.o
                0x20002410                e15_last_sof
 .bss.filter    0x20002414        0x4 CMakeFiles/mcu_adc.dir/root/pico/pico-sdk/src/rp2_common/pico_stdio/stdio.c.o
 .bss.heap_end.0
                0x20002418        0x4 CMakeFiles/mcu_adc.dir/root/pico/pico-sdk/src/rp2_common/pico_clib_interface/newlib_interface.c.o
 .bss.hw_endpoints
                0x2000241c      0x400 CMakeFiles/mcu_adc.dir/root/pico/pico-sdk/lib/tinyusb/src/portable/raspberrypi/rp2040/dcd_rp2040.c.o
 .bss.lazy_vsnprintf
                0x2000281c        0x4 CMakeFiles/mcu_adc.dir/root/pico/pico-sdk/src/rp2_common/pico_printf/printf.c.o
 .bss.load_value
                0x20002820        0x4 CMakeFiles/mcu_adc.dir/root/pico/pico-sdk/src/rp2_common/hardware_watchdog/watchdog.c.o
 .bss.lost_frames
                0x20002824        0x4 CMakeFiles/mcu_adc.dir/src/main.c.o
 .bss.next_buffer_ptr
                0x20002828        0x4 CMakeFiles/mcu_adc.dir/root/pico/pico-sdk/lib/tinyusb/src/portable/raspberrypi/rp2040/dcd_rp2040.c.o
 .bss.next_seq  0x2000282c        0x4 CMakeFiles/mcu_adc.dir/src/main.c.o
 .bss.one_shot_timer_crit_sec
                0x20002830        0x8 CMakeFiles/mcu_adc.dir/root/pico/pico-sdk/src/rp2_common/pico_stdio_usb/stdio_usb.c.o
 .bss.overflow_events
                0x20002838        0x4 CMakeFiles/mcu_adc.dir/src/main.c.o
 .bss.pools     0x2000283c       0x10 CMakeFiles/mcu_adc.dir/root/pico/pico-sdk/src/common/pico_time/time.c.o
 .bss.rd_idx    0x2000284c        0x4 CMakeFiles/mcu_adc.dir/src/main.c.o
 .bss.retrieved_id
                0x20002850        0x8 CMakeFiles/mcu_adc.dir/root/pico/pico-sdk/src/rp2_common/pico_unique_id/unique_id.c.o
 .bss.ring      0x20002858     0x8000 CMakeFiles/mcu_adc.dir/src/main.c.o
 .bss.sf_clz_func
                0x2000a858        0x4 CMakeFiles/mcu_adc.dir/root/pico/pico-sdk/src/rp2_common/pico_double/double_init_rom_rp2040.c.o
                0x2000a858                sf_clz_func
 .bss.sleep_notifier
                0x2000a85c        0x4 CMakeFiles/mcu_adc.dir/root/pico/pico-sdk/src/common/pico_time/time.c.o
 .bss.stdio_usb_mutex
                0x2000a860        0x8 CMakeFiles/mcu_adc.dir/root/pico/pico-sdk/src/rp2_common/pico_stdio_usb/stdio_usb.c.o
 .bss.usbd_serial_str
                0x2000a868       0x11 CMakeFiles/mcu_adc.dir/root/pico/pico-sdk/src/rp2_common/pico_stdio_usb/stdio_usb_descriptors.c.o
 *fill*         0x2000a879        0x3 
 .bss.wr_idx    0x2000a87c        0x4 CMakeFiles/mcu_adc.dir/src/main.c.o
 .bss._app_driver_count
                0x2000a880        0x1 CMakeFiles/mcu_adc.dir/root/pico/pico-sdk/lib/tinyusb/src/device/usbd.c.o
 .bss._sof_enable
                0x2000a881        0x1 CMakeFiles/mcu_adc.dir/root/pico/pico-sdk/lib/tinyusb/src/portable/raspberrypi/rp2040/dcd_rp2040.c.o
 .bss._usbd_queued_setup
                0x2000a882        0x1 CMakeFiles/mcu_adc.dir/root/pico/pico-sdk/lib/tinyusb/src/device/usbd.c.o
 .bss.boot2_copyout_valid
                0x2000a883        0x1 CMakeFiles/mcu_adc.dir/root/pico/pico-sdk/src/rp2_common/hardware_flash/flash.c.o
 .bss.irq_handler_chain_free_slot_head
                0x2000a884        0x1 CMakeFiles/mcu_adc.dir/root/pico/pico-sdk/src/rp2_common/hardware_irq/irq.c.o
 .bss.itf_num   0x2000a885        0x1 CMakeFiles/mcu_adc.dir/root/pico/pico-sdk/src/rp2_common/pico_stdio_usb/reset_interface.c.o
 .bss.low_priority_irq_num
                0x2000a886        0x1 CMakeFiles/mcu_adc.dir/root/pico/pico-sdk/src/rp2_common/pico_stdio_usb/stdio_usb.c.o
 .bss.one_shot_timer_pending
                0x2000a887        0x1 CMakeFiles/mcu_adc.dir/root/pico/pico-sdk/src/rp2_common/pico_stdio_usb/stdio_usb.c.o
 .bss.user_irq_claimed
                0x2000a888        0x1 CMakeFiles/mcu_adc.dir/root/pico/pico-sdk/src/rp2_common/hardware_irq/irq.c.o
 *(COMMON)
                0x2000a88c                . = ALIGN (0x4)
 *fill*         0x2000a889        0x3 
                0x2000a88c                __bss_end__ = .

.heap           0x2000a88c      0x800 load address 0x10008664
                0x2000a88c                __end__ = .
                0x2000a88c                end = __end__
 *(.heap*)
 .heap          0x2000a88c      0x800 CMakeFiles/mcu_adc.dir/root/pico/pico-sdk/src/rp2_common/pico_crt0/crt0.S.o
                0x20040000                __HeapLimit = (ORIGIN (RAM) + LENGTH (RAM))

.scratch_x      0x20040000        0x0 load address 0x10008664
                0x20040000                __scratch_x_start__ = .
 *(.scratch_x.*)
                0x20040000                . = ALIGN (0x4)
                0x20040000                __scratch_x_end__ = .
                0x10008664                __scratch_x_source__ = LOADADDR (.scratch_x)

.scratch_y      0x20041000        0x0 load address 0x10008664
                0x20041000                __scratch_y_start__ = .
 *(.scratch_y.*)
                0x20041000                . = ALIGN (0x4)
                0x20041000                __scratch_y_end__ = .
                0x10008664                __scratch_y_source__ = LOADADDR (.scratch_y)

.stack1_dummy   0x20040000      0x800
 *(.stack1*)
 .stack1        0x20040000      0x800 CMakeFiles/mcu_adc.dir/root/pico/pico-sdk/src/rp2_common/pico_multicore/multicore.c.o

.stack_dummy    0x20041000      0x800
 *(.stack*)
 .stack         0x20041000      0x800 CMakeFiles/mcu_adc.dir/root/pico/pico-sdk/src/rp2_common/pico_crt0/crt0.S.o

.rel.dyn        0x20041800        0x0
 .rel.iplt      0x20041800        0x0 /usr/lib/gcc/arm-none-eabi/12.2.1/thumb/v6-m/nofp/crtbegin.o

.flash_end      0x10008664        0x0
 *(.embedded_end_block*)
                0x10008664                PROVIDE (__flash_binary_end = .)
                0x20040000                __StackLimit = (ORIGIN (RAM) + LENGTH (RAM))
                0x20041000                __StackOneTop = (ORIGIN (SCRATCH_X) + LENGTH (SCRATCH_X))
                0x20042000                __StackTop = (ORIGIN (SCRATCH_Y) + LENGTH (SCRATCH_Y))
                0x20040800                __StackOneBottom = (__StackOneTop - SIZEOF (.stack1_dummy))
                0x20041800                __StackBottom = (__StackTop - SIZEOF (.stack_dummy))
                0x20042000                PROVIDE (__stack = __StackTop)
                [!provide]                PROVIDE (__heap_start = __end__)
                [!provide]                PROVIDE (__heap_end = __HeapLimit)
                [!provide]                PROVIDE (__tls_align = MAX (ALIGNOF (.tdata), ALIGNOF (.tbss)))
                [!provide]                PROVIDE (__tls_size_align = (((__tls_size + __tls_align) - 0x1) & ~ ((__tls_align - 0x1))))
                [!provide]                PROVIDE (__arm32_tls_tcb_offset = MAX (0x8, __tls_align))
                [!provide]                PROVIDE (_end = __end__)
                [!provide]                PROVIDE (__llvm_libc_heap_limit = __HeapLimit)
                0x00000001                ASSERT ((__StackLimit >= __HeapLimit), region RAM overflowed)
                0x00000001                ASSERT (((__binary_info_header_end - __logical_binary_start) <= 0x100), Binary info must be in first 256 bytes of the binary)
LOAD CMakeFiles/mcu_adc.dir/src/main.c.o
LOAD CMakeFiles/mcu_adc.dir/root/pico/pico-sdk/src/rp2_common/pico_stdlib/stdlib.c.o
LOAD CMakeFiles/mcu_adc.dir/root/pico/pico-sdk/src/rp2_common/hardware_gpio/gpio.c.o
LOAD CMakeFiles/mcu_adc.dir/root/pico/pico-sdk/src/rp2040/pico_platform/platform.c.o
LOAD CMakeFiles/mcu_adc.dir/root/pico/pico-sdk/src/rp2_common/pico_platform_common/common.c.o
LOAD CMakeFiles/mcu_adc.dir/root/pico/pico-sdk/src/rp2_common/pico_platform_panic/panic.c.o
LOAD CMakeFiles/mcu_adc.dir/root/pico/pico-sdk/src/common/hardware_claim/claim.c.o
LOAD CMakeFiles/mcu_adc.dir/root/pico/pico-sdk/src/rp2_common/hardware_sync/sync.c.o
LOAD CMakeFiles/mcu_adc.dir/root/pico/pico-sdk/src/rp2_common/hardware_sync_spin_lock/sync_spin_lock.c.o
LOAD CMakeFiles/mcu_adc.dir/root/pico/pico-sdk/src/rp2_common/hardware_irq/irq.c.o
LOAD CMakeFiles/mcu_adc.dir/root/pico/pico-sdk/src/rp2_common/hardware_irq/irq_handler_chain.S.o
LOAD CMakeFiles/mcu_adc.dir/root/pico/pico-sdk/src/common/pico_sync/sem.c.o
LOAD CMakeFiles/mcu_adc.dir/root/pico/pico-sdk/src/common/pico_sync/lock_core.c.o
LOAD CMakeFiles/mcu_adc.dir/root/pico/pico-sdk/src/common/pico_sync/mutex.c.o
LOAD CMakeFiles/mcu_adc.dir/root/pico/pico-sdk/src/common/pico_sync/critical_section.c.o
LOAD CMakeFiles/mcu_adc.dir/root/pico/pico-sdk/src/common/pico_time/time.c.o
LOAD CMakeFiles/mcu_adc.dir/root/pico/pico-sdk/src/common/pico_time/timeout_helper.c.o
LOAD CMakeFiles/mcu_adc.dir/root/pico/pico-sdk/src/rp2_common/hardware_timer/timer.c.o
LOAD CMakeFiles/mcu_adc.dir/root/pico/pico-sdk/src/common/pico_util/datetime.c.o
LOAD CMakeFiles/mcu_adc.dir/root/pico/pico-sdk/src/common/pico_util/pheap.c.o
LOAD CMakeFiles/mcu_adc.dir/root/pico/pico-sdk/src/common/pico_util/queue.c.o
LOAD CMakeFiles/mcu_adc.dir/root/pico/pico-sdk/src/rp2_common/hardware_uart/uart.c.o
LOAD CMakeFiles/mcu_adc.dir/root/pico/pico-sdk/src/rp2_common/hardware_clocks/clocks.c.o
LOAD CMakeFiles/mcu_adc.dir/root/pico/pico-sdk/src/rp2_common/hardware_pll/pll.c.o
LOAD CMakeFiles/mcu_adc.dir/root/pico/pico-sdk/src/rp2_common/hardware_vreg/vreg.c.o
LOAD CMakeFiles/mcu_adc.dir/root/pico/pico-sdk/src/rp2_common/hardware_watchdog/watchdog.c.o
LOAD CMakeFiles/mcu_adc.dir/root/pico/pico-sdk/src/rp2_common/hardware_ticks/ticks.c.o
LOAD CMakeFiles/mcu_adc.dir/root/pico/pico-sdk/src/rp2_common/pico_bootrom/bootrom.c.o
LOAD CMakeFiles/mcu_adc.dir/root/pico/pico-sdk/src/rp2_common/pico_bootrom/bootrom_lock.c.o
LOAD CMakeFiles/mcu_adc.dir/root/pico/pico-sdk/src/rp2_common/hardware_boot_lock/boot_lock.c.o
LOAD CMakeFiles/mcu_adc.dir/root/pico/pico-sdk/src/rp2_common/pico_flash/flash.c.o
LOAD CMakeFiles/mcu_adc.dir/root/pico/pico-sdk/src/rp2_common/hardware_xosc/xosc.c.o
LOAD CMakeFiles/mcu_adc.dir/root/pico/pico-sdk/src/rp2_common/hardware_divider/divider.S.o
LOAD CMakeFiles/mcu_adc.dir/root/pico/pico-sdk/src/rp2_common/pico_runtime/runtime.c.o
LOAD CMakeFiles/mcu_adc.dir/root/pico/pico-sdk/src/rp2_common/pico_runtime_init/runtime_init.c.o
LOAD CMakeFiles/mcu_adc.dir/root/pico/pico-sdk/src/rp2_common/pico_runtime_init/runtime_init_clocks.c.o
LOAD CMakeFiles/mcu_adc.dir/root/pico/pico-sdk/src/rp2_common/pico_runtime_init/runtime_init_stack_guard.c.o
LOAD CMakeFiles/mcu_adc.dir/root/pico/pico-sdk/src/rp2_common/pico_bit_ops/bit_ops_aeabi.S.o
LOAD CMakeFiles/mcu_adc.dir/root/pico/pico-sdk/src/rp2_common/pico_divider/divider_hardware.S.o
LOAD CMakeFiles/mcu_adc.dir/root/pico/pico-sdk/src/rp2_common/pico_double/double_aeabi_rp2040.S.o
LOAD CMakeFiles/mcu_adc.dir/root/pico/pico-sdk/src/rp2_common/pico_double/double_init_rom_rp2040.c.o
LOAD CMakeFiles/mcu_adc.dir/root/pico/pico-sdk/src/rp2_common/pico_double/double_math.c.o
LOAD CMakeFiles/mcu_adc.dir/root/pico/pico-sdk/src/rp2_common/pico_double/double_v1_rom_shim_rp2040.S.o
LOAD CMakeFiles/mcu_adc.dir/root/pico/pico-sdk/src/rp2_common/pico_int64_ops/pico_int64_ops_aeabi.S.o
LOAD CMakeFiles/mcu_adc.dir/root/pico/pico-sdk/src/rp2_common/pico_float/float_aeabi_rp2040.S.o
LOAD CMakeFiles/mcu_adc.dir/root/pico/pico-sdk/src/rp2_common/pico_float/float_init_rom_rp2040.c.o
LOAD CMakeFiles/mcu_adc.dir/root/pico/pico-sdk/src/rp2_common/pico_float/float_math.c.o
LOAD CMakeFiles/mcu_adc.dir/root/pico/pico-sdk/src/rp2_common/pico_float/float_v1_rom_shim_rp2040.S.o
LOAD CMakeFiles/mcu_adc.dir/root/pico/pico-sdk/src/rp2_common/pico_malloc/malloc.c.o
LOAD CMakeFiles/mcu_adc.dir/root/pico/pico-sdk/src/rp2_common/pico_mem_ops/mem_ops_aeabi.S.o
LOAD CMakeFiles/mcu_adc.dir/root/pico/pico-sdk/src/rp2_common/pico_atomic/atomic.c.o
LOAD CMakeFiles/mcu_adc.dir/root/pico/pico-sdk/src/rp2_common/pico_cxx_options/new_delete.cpp.o
LOAD CMakeFiles/mcu_adc.dir/root/pico/pico-sdk/src/rp2_common/pico_standard_binary_info/standard_binary_info.c.o
LOAD CMakeFiles/mcu_adc.dir/root/pico/pico-sdk/src/rp2_common/pico_printf/printf.c.o
LOAD CMakeFiles/mcu_adc.dir/root/pico/pico-sdk/src/rp2_common/pico_crt0/crt0.S.o
LOAD CMakeFiles/mcu_adc.dir/root/pico/pico-sdk/src/rp2_common/pico_clib_interface/newlib_interface.c.o
LOAD CMakeFiles/mcu_adc.dir/root/pico/pico-sdk/src/rp2_common/pico_stdio/stdio.c.o
LOAD CMakeFiles/mcu_adc.dir/root/pico/pico-sdk/src/rp2_common/pico_stdio_usb/reset_interface.c.o
LOAD CMakeFiles/mcu_adc.dir/root/pico/pico-sdk/src/rp2_common/pico_stdio_usb/stdio_usb.c.o
LOAD CMakeFiles/mcu_adc.dir/root/pico/pico-sdk/src/rp2_common/pico_stdio_usb/stdio_usb_descriptors.c.o
LOAD CMakeFiles/mcu_adc.dir/root/pico/pico-sdk/src/rp2_common/pico_unique_id/unique_id.c.o
LOAD CMakeFiles/mcu_adc.dir/root/pico/pico-sdk/src/rp2_common/hardware_flash/flash.c.o
LOAD CMakeFiles/mcu_adc.dir/root/pico/pico-sdk/src/rp2_common/hardware_xip_cache/xip_cache.c.o
LOAD CMakeFiles/mcu_adc.dir/root/pico/pico-sdk/lib/tinyusb/src/portable/raspberrypi/rp2040/dcd_rp2040.c.o
LOAD CMakeFiles/mcu_adc.dir/root/pico/pico-sdk/lib/tinyusb/src/portable/raspberrypi/rp2040/rp2040_usb.c.o
LOAD CMakeFiles/mcu_adc.dir/root/pico/pico-sdk/lib/tinyusb/src/device/usbd.c.o
LOAD CMakeFiles/mcu_adc.dir/root/pico/pico-sdk/lib/tinyusb/src/device/usbd_control.c.o
LOAD CMakeFiles/mcu_adc.dir/root/pico/pico-sdk/lib/tinyusb/src/class/audio/audio_device.c.o
LOAD CMakeFiles/mcu_adc.dir/root/pico/pico-sdk/lib/tinyusb/src/class/cdc/cdc_device.c.o
LOAD CMakeFiles/mcu_adc.dir/root/pico/pico-sdk/lib/tinyusb/src/class/dfu/dfu_device.c.o
LOAD CMakeFiles/mcu_adc.dir/root/pico/pico-sdk/lib/tinyusb/src/class/dfu/dfu_rt_device.c.o
LOAD CMakeFiles/mcu_adc.dir/root/pico/pico-sdk/lib/tinyusb/src/class/hid/hid_device.c.o
LOAD CMakeFiles/mcu_adc.dir/root/pico/pico-sdk/lib/tinyusb/src/class/midi/midi_device.c.o
LOAD CMakeFiles/mcu_adc.dir/root/pico/pico-sdk/lib/tinyusb/src/class/msc/msc_device.c.o
LOAD CMakeFiles/mcu_adc.dir/root/pico/pico-sdk/lib/tinyusb/src/class/net/ecm_rndis_device.c.o
LOAD CMakeFiles/mcu_adc.dir/root/pico/pico-sdk/lib/tinyusb/src/class/net/ncm_device.c.o
LOAD CMakeFiles/mcu_adc.dir/root/pico/pico-sdk/lib/tinyusb/src/class/usbtmc/usbtmc_device.c.o
LOAD CMakeFiles/mcu_adc.dir/root/pico/pico-sdk/lib/tinyusb/src/class/vendor/vendor_device.c.o
LOAD CMakeFiles/mcu_adc.dir/root/pico/pico-sdk/lib/tinyusb/src/class/video/video_device.c.o
LOAD CMakeFiles/mcu_adc.dir/root/pico/pico-sdk/lib/tinyusb/src/tusb.c.o
LOAD CMakeFiles/mcu_adc.dir/root/pico/pico-sdk/lib/tinyusb/src/common/tusb_fifo.c.o
LOAD CMakeFiles/mcu_adc.dir/root/pico/pico-sdk/src/rp2_common/pico_fix/rp2040_usb_device_enumeration/rp2040_usb_device_enumeration.c.o
LOAD CMakeFiles/mcu_adc.dir/root/pico/pico-sdk/src/rp2_common/pico_multicore/multicore.c.o
LOAD CMakeFiles/mcu_adc.dir/root/pico/pico-sdk/src/rp2_common/hardware_spi/spi.c.o
LOAD pico-sdk/src/rp2040/boot_stage2/CMakeFiles/bs2_default_library.dir/bs2_default_padded_checksummed.S.o
LOAD /usr/lib/gcc/arm-none-eabi/12.2.1/../../../arm-none-eabi/lib/thumb/v6-m/nofp/libstdc++.a
LOAD /usr/lib/gcc/arm-none-eabi/12.2.1/../../../arm-none-eabi/lib/thumb/v6-m/nofp/libm.a
START GROUP
LOAD /usr/lib/gcc/arm-none-eabi/12.2.1/thumb/v6-m/nofp/libgcc.a
LOAD /usr/lib/gcc/arm-none-eabi/12.2.1/../../../arm-none-eabi/lib/thumb/v6-m/nofp/libg.a
LOAD /usr/lib/gcc/arm-none-eabi/12.2.1/../../../arm-none-eabi/lib/thumb/v6-m/nofp/libc.a
END GROUP
START GROUP
LOAD /usr/lib/gcc/arm-none-eabi/12.2.1/thumb/v6-m/nofp/libgcc.a
LOAD /usr/lib/gcc/arm-none-eabi/12.2.1/../../../arm-none-eabi/lib/thumb/v6-m/nofp/libc.a
LOAD /usr/lib/gcc/arm-none-eabi/12.2.1/../../../arm-none-eabi/lib/thumb/v6-m/nofp/libnosys.a
END GROUP
LOAD /usr/lib/gcc/arm-none-eabi/12.2.1/thumb/v6-m/nofp/crtend.o
LOAD /usr/lib/gcc/arm-none-eabi/12.2.1/thumb/v6-m/nofp/crtn.o
OUTPUT(mcu_adc.elf elf32-littlearm)
LOAD linker stubs

.ARM.attributes
                0x00000000       0x28
 .ARM.attributes
                0x00000000       0x1e /usr/lib/gcc/arm-none-eabi/12.2.1/thumb/v6-m/nofp/crti.o
 .ARM.attributes
                0x0000001e       0x2c /usr/lib/gcc/arm-none-eabi/12.2.1/thumb/v6-m/nofp/crtbegin.o
 .ARM.attributes
                0x0000004a       0x2c CMakeFiles/mcu_adc.dir/src/main.c.o
 .ARM.attributes
                0x00000076       0x2c CMakeFiles/mcu_adc.dir/root/pico/pico-sdk/src/rp2_common/hardware_gpio/gpio.c.o
 .ARM.attributes
                0x000000a2       0x2c CMakeFiles/mcu_adc.dir/root/pico/pico-sdk/src/rp2040/pico_platform/platform.c.o
 .ARM.attributes
                0x000000ce       0x2c CMakeFiles/mcu_adc.dir/root/pico/pico-sdk/src/rp2_common/pico_platform_panic/panic.c.o
 .ARM.attributes
                0x000000fa       0x2c CMakeFiles/mcu_adc.dir/root/pico/pico-sdk/src/common/hardware_claim/claim.c.o
 .ARM.attributes